E/audit   ( 1860): type=1302 msg=audit(1570266572.140:376044): item=0 name=(null) inode=13 dev=b3:1a mode=0140700 ouid=1000 ogid=1000 rdev=00:00 obj=u:object_r:system_data_file:s0
E/audit   ( 1860): type=1320 msg=audit(1570266572.140:376044): 
D/SecurityLogAgent:SEDenialService(  777): audit.ondenial set to 0 after sending samsung.intent.action.knox.DENIAL_NOTIFICATION intent
E/SMD     (  303): connect error:13
E/audit   ( 1860): type=1400 msg=audit(1570266573.140:376045): avc:  denied  { connectto } for  pid=1083 comm="smdexe" path="/data/.socket_stream" scontext=u:r:smdexe:s0 tcontext=u:r:init:s0 tclass=unix_stream_socket
E/audit   ( 1860):  SEPF_SM-N9005_5.0-2_0065
E/audit   ( 1860): 
E/audit   ( 1860): type=1300 msg=audit(1570266573.140:376045): arch=40000028 syscall=283 per=800000 success=no exit=-13 a0=a a1=b69f1cfc a2=6e a3=b6f87904 items=1 ppid=1 ppcomm=init pid=1083 auid=4294967295 uid=1000 gid=1000 euid=1000 suid=1000 fsuid=1000 egid=1000 sgid=1000 fsgid=1000 tty=(none) ses=4294967295 comm="smdexe" exe="/system/bin/smdexe" subj=u:r:smdexe:s0 key=(null)
E/audit   ( 1860): type=1306 msg=audit(1570266573.140:376045): saddr=01002F646174612F2E736F636B65745F73747265616D00000000000000000000000000000000000000000000000000000000000000000000000000000000000000000000000000000000000000000000000000000000000000000000000000000000000000000000000000000000
E/audit   ( 1860): type=1302 msg=audit(1570266573.140:376045): item=0 name=(null) inode=13 dev=b3:1a mode=0140700 ouid=1000 ogid=1000 rdev=00:00 obj=u:object_r:system_data_file:s0
E/audit   ( 1860): type=1320 msg=audit(1570266573.140:376045): 
D/SecurityLogAgent:SEDenialService(  777): Got Modify Event and sending Denial Intent foraudit.log
D/SecurityLogAgent:SEDenialService(  777): audit.ondenial set to 0 after sending samsung.intent.action.knox.DENIAL_NOTIFICATION intent
V/LpnetManagerService(  777): on AC power
D/KeyguardUpdateMonitor( 1184): received broadcast android.intent.action.BATTERY_CHANGED
D/KeyguardUpdateMonitor( 1184): handleBatteryUpdate
W/KeyguardSecurityViewFlipper( 1184): onMeasure: widthSpec MeasureSpec: EXACTLY 1080 should be AT_MOST
W/KeyguardSecurityViewFlipper( 1184): onMeasure: heightSpec MeasureSpec: EXACTLY 1155 should be AT_MOST
E/SMD     (  303): connect error:13
E/audit   ( 1860): type=1400 msg=audit(1570266574.140:376046): avc:  denied  { connectto } for  pid=1083 comm="smdexe" path="/data/.socket_stream" scontext=u:r:smdexe:s0 tcontext=u:r:init:s0 tclass=unix_stream_socket
E/audit   ( 1860):  SEPF_SM-N9005_5.0-2_0065
E/audit   ( 1860): 
E/audit   ( 1860): type=1300 msg=audit(1570266574.140:376046): arch=40000028 syscall=283 per=800000 success=no exit=-13 a0=a a1=b69f1cfc a2=6e a3=b6f87904 items=1 ppid=1 ppcomm=init pid=1083 auid=4294967295 uid=1000 gid=1000 euid=1000 suid=1000 fsuid=1000 egid=1000 sgid=1000 fsgid=1000 tty=(none) ses=4294967295 comm="smdexe" exe="/system/bin/smdexe" subj=u:r:smdexe:s0 key=(null)
E/audit   ( 1860): type=1306 msg=audit(1570266574.140:376046): saddr=01002F646174612F2E736F636B65745F73747265616D00000000000000000000000000000000000000000000000000000000000000000000000000000000000000000000000000000000000000000000000000000000000000000000000000000000000000000000000000000000
E/audit   ( 1860): type=1302 msg=audit(1570266574.140:376046): item=0 name=(null) inode=13 dev=b3:1a mode=0140700 ouid=1000 ogid=1000 rdev=00:00 obj=u:object_r:system_data_file:s0
E/audit   ( 1860): type=1320 msg=audit(1570266574.140:376046): 
D/SecurityLogAgent:SEDenialService(  777): Got Modify Event and sending Denial Intent foraudit.log
D/SecurityLogAgent:SEDenialService(  777): audit.ondenial set to 0 after sending samsung.intent.action.knox.DENIAL_NOTIFICATION intent
D/SecurityLogAgent:SEDenialService(  777): Got Moved To Event audit.old
D/SecurityLogAgent:SEDenialService(  777): Sending Denial Intent for zip
D/SecurityLogAgent:SEDenialService(  777): Got CLOSE_WRITE Event audit.old
E/SMD     (  303): connect error:13
E/audit   ( 1860): type=1400 msg=audit(1570266575.140:376047): avc:  denied  { connectto } for  pid=1083 comm="smdexe" path="/data/.socket_stream" scontext=u:r:smdexe:s0 tcontext=u:r:init:s0 tclass=unix_stream_socket
E/audit   ( 1860):  SEPF_SM-N9005_5.0-2_0065
E/audit   ( 1860): 
E/audit   ( 1860): type=1300 msg=audit(1570266575.140:376047): arch=40000028 syscall=283 per=800000 success=no exit=-13 a0=a a1=b69f1cfc a2=6e a3=b6f87904 items=1 ppid=1 ppcomm=init pid=1083 auid=4294967295 uid=1000 gid=1000 euid=1000 suid=1000 fsuid=1000 egid=1000 sgid=1000 fsgid=1000 tty=(none) ses=4294967295 comm="smdexe" exe="/system/bin/smdexe" subj=u:r:smdexe:s0 key=(null)
E/audit   ( 1860): type=1306 msg=audit(1570266575.140:376047): saddr=01002F646174612F2E736F636B65745F73747265616D00000000000000000000000000000000000000000000000000000000000000000000000000000000000000000000000000000000000000000000000000000000000000000000000000000000000000000000000000000000
E/audit   ( 1860): type=1302 msg=audit(1570266575.140:376047): item=0 name=(null) inode=13 dev=b3:1a mode=0140700 ouid=1000 ogid=1000 rdev=00:00 obj=u:object_r:system_data_file:s0
E/audit   ( 1860): type=1320 msg=audit(1570266575.140:376047): 
D/SecurityLogAgent:SEDenialService(  777): Got Modify Event and sending Denial Intent foraudit.log
D/SecurityLogAgent:SEDenialService(  777): audit.ondenial set to 0 after sending samsung.intent.action.knox.DENIAL_NOTIFICATION intent
E/SMD     (  303): connect error:13
E/audit   ( 1860): type=1400 msg=audit(1570266576.140:376048): avc:  denied  { connectto } for  pid=1083 comm="smdexe" path="/data/.socket_stream" scontext=u:r:smdexe:s0 tcontext=u:r:init:s0 tclass=unix_stream_socket
E/audit   ( 1860):  SEPF_SM-N9005_5.0-2_0065
E/audit   ( 1860): 
E/audit   ( 1860): type=1300 msg=audit(1570266576.140:376048): arch=40000028 syscall=283 per=800000 success=no exit=-13 a0=a a1=b69f1cfc a2=6e a3=b6f87904 items=1 ppid=1 ppcomm=init pid=1083 auid=4294967295 uid=1000 gid=1000 euid=1000 suid=1000 fsuid=1000 egid=1000 sgid=1000 fsgid=1000 tty=(none) ses=4294967295 comm="smdexe" exe="/system/bin/smdexe" subj=u:r:smdexe:s0 key=(null)
E/audit   ( 1860): type=1306 msg=audit(1570266576.140:376048): saddr=01002F646174612F2E736F636B65745F73747265616D00000000000000000000000000000000000000000000000000000000000000000000000000000000000000000000000000000000000000000000000000000000000000000000000000000000000000000000000000000000
E/audit   ( 1860): type=1302 msg=audit(1570266576.140:376048): item=0 name=(null) inode=13 dev=b3:1a mode=0140700 ouid=1000 ogid=1000 rdev=00:00 obj=u:object_r:system_data_file:s0
E/audit   ( 1860): type=1320 msg=audit(1570266576.140:376048): 
D/SecurityLogAgent:SEDenialService(  777): Got Modify Event and sending Denial Intent foraudit.log
D/SecurityLogAgent:SEDenialService(  777): audit.ondenial set to 0 after sending samsung.intent.action.knox.DENIAL_NOTIFICATION intent
E/SMD     (  303): connect error:13
E/audit   ( 1860): type=1400 msg=audit(1570266577.140:376049): avc:  denied  { connectto } for  pid=1083 comm="smdexe" path="/data/.socket_stream" scontext=u:r:smdexe:s0 tcontext=u:r:init:s0 tclass=unix_stream_socket
E/audit   ( 1860):  SEPF_SM-N9005_5.0-2_0065
E/audit   ( 1860): 
E/audit   ( 1860): type=1300 msg=audit(1570266577.140:376049): arch=40000028 syscall=283 per=800000 success=no exit=-13 a0=a a1=b69f1cfc a2=6e a3=b6f87904 items=1 ppid=1 ppcomm=init pid=1083 auid=4294967295 uid=1000 gid=1000 euid=1000 suid=1000 fsuid=1000 egid=1000 sgid=1000 fsgid=1000 tty=(none) ses=4294967295 comm="smdexe" exe="/system/bin/smdexe" subj=u:r:smdexe:s0 key=(null)
E/audit   ( 1860): type=1306 msg=audit(1570266577.140:376049): saddr=01002F646174612F2E736F636B65745F73747265616D00000000000000000000000000000000000000000000000000000000000000000000000000000000000000000000000000000000000000000000000000000000000000000000000000000000000000000000000000000000
E/audit   ( 1860): type=1302 msg=audit(1570266577.140:376049): item=0 name=(null) inode=13 dev=b3:1a mode=0140700 ouid=1000 ogid=1000 rdev=00:00 obj=u:object_r:system_data_file:s0
E/audit   ( 1860): type=1320 msg=audit(1570266577.140:376049): 
D/SecurityLogAgent:SEDenialService(  777): Got Modify Event and sending Denial Intent foraudit.log
D/SecurityLogAgent:SEDenialService(  777): audit.ondenial set to 0 after sending samsung.intent.action.knox.DENIAL_NOTIFICATION intent
E/SMD     (  303): connect error:13
E/audit   ( 1860): type=1400 msg=audit(1570266578.150:376050): avc:  denied  { connectto } for  pid=1083 comm="smdexe" path="/data/.socket_stream" scontext=u:r:smdexe:s0 tcontext=u:r:init:s0 tclass=unix_stream_socket
E/audit   ( 1860):  SEPF_SM-N9005_5.0-2_0065
E/audit   ( 1860): 
E/audit   ( 1860): type=1300 msg=audit(1570266578.150:376050): arch=40000028 syscall=283 per=800000 success=no exit=-13 a0=a a1=b69f1cfc a2=6e a3=b6f87904 items=1 ppid=1 ppcomm=init pid=1083 auid=4294967295 uid=1000 gid=1000 euid=1000 suid=1000 fsuid=1000 egid=1000 sgid=1000 fsgid=1000 tty=(none) ses=4294967295 comm="smdexe" exe="/system/bin/smdexe" subj=u:r:smdexe:s0 key=(null)
E/audit   ( 1860): type=1306 msg=audit(1570266578.150:376050): saddr=01002F646174612F2E736F636B65745F73747265616D00000000000000000000000000000000000000000000000000000000000000000000000000000000000000000000000000000000000000000000000000000000000000000000000000000000000000000000000000000000
E/audit   ( 1860): type=1302 msg=audit(1570266578.150:376050): item=0 name=(null) inode=13 dev=b3:1a mode=0140700 ouid=1000 ogid=1000 rdev=00:00 obj=u:object_r:system_data_file:s0
E/audit   ( 1860): type=1320 msg=audit(1570266578.150:376050): 
D/SecurityLogAgent:SEDenialService(  777): Got Modify Event and sending Denial Intent foraudit.log
D/SecurityLogAgent:SEDenialService(  777): audit.ondenial set to 0 after sending samsung.intent.action.knox.DENIAL_NOTIFICATION intent
E/SMD     (  303): connect error:13
E/audit   ( 1860): type=1400 msg=audit(1570266579.150:376051): avc:  denied  { connectto } for  pid=1083 comm="smdexe" path="/data/.socket_stream" scontext=u:r:smdexe:s0 tcontext=u:r:init:s0 tclass=unix_stream_socket
E/audit   ( 1860):  SEPF_SM-N9005_5.0-2_0065
E/audit   ( 1860): 
E/audit   ( 1860): type=1300 msg=audit(1570266579.150:376051): arch=40000028 syscall=283 per=800000 success=no exit=-13 a0=a a1=b69f1cfc a2=6e a3=b6f87904 items=1 ppid=1 ppcomm=init pid=1083 auid=4294967295 uid=1000 gid=1000 euid=1000 suid=1000 fsuid=1000 egid=1000 sgid=1000 fsgid=1000 tty=(none) ses=4294967295 comm="smdexe" exe="/system/bin/smdexe" subj=u:r:smdexe:s0 key=(null)
E/audit   ( 1860): type=1306 msg=audit(1570266579.150:376051): saddr=01002F646174612F2E736F636B65745F73747265616D00000000000000000000000000000000000000000000000000000000000000000000000000000000000000000000000000000000000000000000000000000000000000000000000000000000000000000000000000000000
E/audit   ( 1860): type=1302 msg=audit(1570266579.150:376051): item=0 name=(null) inode=13 dev=b3:1a mode=0140700 ouid=1000 ogid=1000 rdev=00:00 obj=u:object_r:system_data_file:s0
D/SecurityLogAgent:SEDenialService(  777): Got Modify Event and sending Denial Intent foraudit.log
E/audit   ( 1860): type=1320 msg=audit(1570266579.150:376051): 
D/SecurityLogAgent:SEDenialService(  777): audit.ondenial set to 0 after sending samsung.intent.action.knox.DENIAL_NOTIFICATION intent
E/SMD     (  303): connect error:13
E/audit   ( 1860): type=1400 msg=audit(1570266580.150:376052): avc:  denied  { connectto } for  pid=1083 comm="smdexe" path="/data/.socket_stream" scontext=u:r:smdexe:s0 tcontext=u:r:init:s0 tclass=unix_stream_socket
E/audit   ( 1860):  SEPF_SM-N9005_5.0-2_0065
E/audit   ( 1860): 
E/audit   ( 1860): type=1300 msg=audit(1570266580.150:376052): arch=40000028 syscall=283 per=800000 success=no exit=-13 a0=a a1=b69f1cfc a2=6e a3=b6f87904 items=1 ppid=1 ppcomm=init pid=1083 auid=4294967295 uid=1000 gid=1000 euid=1000 suid=1000 fsuid=1000 egid=1000 sgid=1000 fsgid=1000 tty=(none) ses=4294967295 comm="smdexe" exe="/system/bin/smdexe" subj=u:r:smdexe:s0 key=(null)
E/audit   ( 1860): type=1306 msg=audit(1570266580.150:376052): saddr=01002F646174612F2E736F636B65745F73747265616D00000000000000000000000000000000000000000000000000000000000000000000000000000000000000000000000000000000000000000000000000000000000000000000000000000000000000000000000000000000
E/audit   ( 1860): type=1302 msg=audit(1570266580.150:376052): item=0 name=(null) inode=13 dev=b3:1a mode=0140700 ouid=1000 ogid=1000 rdev=00:00 obj=u:object_r:system_data_file:s0
E/audit   ( 1860): type=1320 msg=audit(1570266580.150:376052): 
D/SecurityLogAgent:SEDenialService(  777): Got Modify Event and sending Denial Intent foraudit.log
D/SecurityLogAgent:SEDenialService(  777): audit.ondenial set to 0 after sending samsung.intent.action.knox.DENIAL_NOTIFICATION intent
E/SMD     (  303): connect error:13
E/audit   ( 1860): type=1400 msg=audit(1570266581.150:376053): avc:  denied  { connectto } for  pid=1083 comm="smdexe" path="/data/.socket_stream" scontext=u:r:smdexe:s0 tcontext=u:r:init:s0 tclass=unix_stream_socket
E/audit   ( 1860):  SEPF_SM-N9005_5.0-2_0065
E/audit   ( 1860): 
E/audit   ( 1860): type=1300 msg=audit(1570266581.150:376053): arch=40000028 syscall=283 per=800000 success=no exit=-13 a0=a a1=b69f1cfc a2=6e a3=b6f87904 items=1 ppid=1 ppcomm=init pid=1083 auid=4294967295 uid=1000 gid=1000 euid=1000 suid=1000 fsuid=1000 egid=1000 sgid=1000 fsgid=1000 tty=(none) ses=4294967295 comm="smdexe" exe="/system/bin/smdexe" subj=u:r:smdexe:s0 key=(null)
E/audit   ( 1860): type=1306 msg=audit(1570266581.150:376053): saddr=01002F646174612F2E736F636B65745F73747265616D00000000000000000000000000000000000000000000000000000000000000000000000000000000000000000000000000000000000000000000000000000000000000000000000000000000000000000000000000000000
E/audit   ( 1860): type=1302 msg=audit(1570266581.150:376053): item=0 name=(null) inode=13 dev=b3:1a mode=0140700 ouid=1000 ogid=1000 rdev=00:00 obj=u:object_r:system_data_file:s0
E/audit   ( 1860): type=1320 msg=audit(1570266581.150:376053): 
D/SecurityLogAgent:SEDenialService(  777): Got Modify Event and sending Denial Intent foraudit.log
D/SecurityLogAgent:SEDenialService(  777): audit.ondenial set to 0 after sending samsung.intent.action.knox.DENIAL_NOTIFICATION intent
E/SMD     (  303): connect error:13
E/audit   ( 1860): type=1400 msg=audit(1570266582.160:376054): avc:  denied  { connectto } for  pid=1083 comm="smdexe" path="/data/.socket_stream" scontext=u:r:smdexe:s0 tcontext=u:r:init:s0 tclass=unix_stream_socket
E/audit   ( 1860):  SEPF_SM-N9005_5.0-2_0065
E/audit   ( 1860): 
E/audit   ( 1860): type=1300 msg=audit(1570266582.160:376054): arch=40000028 syscall=283 per=800000 success=no exit=-13 a0=a a1=b69f1cfc a2=6e a3=b6f87904 items=1 ppid=1 ppcomm=init pid=1083 auid=4294967295 uid=1000 gid=1000 euid=1000 suid=1000 fsuid=1000 egid=1000 sgid=1000 fsgid=1000 tty=(none) ses=4294967295 comm="smdexe" exe="/system/bin/smdexe" subj=u:r:smdexe:s0 key=(null)
E/audit   ( 1860): type=1306 msg=audit(1570266582.160:376054): saddr=01002F646174612F2E736F636B65745F73747265616D00000000000000000000000000000000000000000000000000000000000000000000000000000000000000000000000000000000000000000000000000000000000000000000000000000000000000000000000000000000
E/audit   ( 1860): type=1302 msg=audit(1570266582.160:376054): item=0 name=(null) inode=13 dev=b3:1a mode=0140700 ouid=1000 ogid=1000 rdev=00:00 obj=u:object_r:system_data_file:s0
E/audit   ( 1860): type=1320 msg=audit(1570266582.160:376054): 
D/SecurityLogAgent:SEDenialService(  777): Got Modify Event and sending Denial Intent foraudit.log
D/SecurityLogAgent:SEDenialService(  777): audit.ondenial set to 0 after sending samsung.intent.action.knox.DENIAL_NOTIFICATION intent
E/audit   ( 1860): type=1400 msg=audit(1570266583.160:376055): avc:  denied  { connectto } for  pid=1083 comm="smdexe" path="/data/.socket_stream" scontext=u:r:smdexe:s0 tcontext=u:r:init:s0 tclass=unix_stream_socket
E/audit   ( 1860):  SEPF_SM-N9005_5.0-2_0065
E/audit   ( 1860): 
E/SMD     (  303): connect error:13
E/audit   ( 1860): type=1300 msg=audit(1570266583.160:376055): arch=40000028 syscall=283 per=800000 success=no exit=-13 a0=a a1=b69f1cfc a2=6e a3=b6f87904 items=1 ppid=1 ppcomm=init pid=1083 auid=4294967295 uid=1000 gid=1000 euid=1000 suid=1000 fsuid=1000 egid=1000 sgid=1000 fsgid=1000 tty=(none) ses=4294967295 comm="smdexe" exe="/system/bin/smdexe" subj=u:r:smdexe:s0 key=(null)
E/audit   ( 1860): type=1306 msg=audit(1570266583.160:376055): saddr=01002F646174612F2E736F636B65745F73747265616D00000000000000000000000000000000000000000000000000000000000000000000000000000000000000000000000000000000000000000000000000000000000000000000000000000000000000000000000000000000
E/audit   ( 1860): type=1302 msg=audit(1570266583.160:376055): item=0 name=(null) inode=13 dev=b3:1a mode=0140700 ouid=1000 ogid=1000 rdev=00:00 obj=u:object_r:system_data_file:s0
E/audit   ( 1860): type=1320 msg=audit(1570266583.160:376055): 
D/SecurityLogAgent:SEDenialService(  777): Got Modify Event and sending Denial Intent foraudit.log
D/SecurityLogAgent:SEDenialService(  777): audit.ondenial set to 0 after sending samsung.intent.action.knox.DENIAL_NOTIFICATION intent
V/LpnetManagerService(  777): on AC power
D/KeyguardUpdateMonitor( 1184): received broadcast android.intent.action.BATTERY_CHANGED
D/KeyguardUpdateMonitor( 1184): handleBatteryUpdate
E/SMD     (  303): connect error:13
E/audit   ( 1860): type=1400 msg=audit(1570266584.160:376056): avc:  denied  { connectto } for  pid=1083 comm="smdexe" path="/data/.socket_stream" scontext=u:r:smdexe:s0 tcontext=u:r:init:s0 tclass=unix_stream_socket
E/audit   ( 1860):  SEPF_SM-N9005_5.0-2_0065
E/audit   ( 1860): 
E/audit   ( 1860): type=1300 msg=audit(1570266584.160:376056): arch=40000028 syscall=283 per=800000 success=no exit=-13 a0=a a1=b69f1cfc a2=6e a3=b6f87904 items=1 ppid=1 ppcomm=init pid=1083 auid=4294967295 uid=1000 gid=1000 euid=1000 suid=1000 fsuid=1000 egid=1000 sgid=1000 fsgid=1000 tty=(none) ses=4294967295 comm="smdexe" exe="/system/bin/smdexe" subj=u:r:smdexe:s0 key=(null)
E/audit   ( 1860): type=1306 msg=audit(1570266584.160:376056): saddr=01002F646174612F2E736F636B65745F73747265616D00000000000000000000000000000000000000000000000000000000000000000000000000000000000000000000000000000000000000000000000000000000000000000000000000000000000000000000000000000000
E/audit   ( 1860): type=1302 msg=audit(1570266584.160:376056): item=0 name=(null) inode=13 dev=b3:1a mode=0140700 ouid=1000 ogid=1000 rdev=00:00 obj=u:object_r:system_data_file:s0
E/audit   ( 1860): type=1320 msg=audit(1570266584.160:376056): 
D/SecurityLogAgent:SEDenialService(  777): Got Modify Event and sending Denial Intent foraudit.log
D/SecurityLogAgent:SEDenialService(  777): audit.ondenial set to 0 after sending samsung.intent.action.knox.DENIAL_NOTIFICATION intent
E/SMD     (  303): connect error:13
E/audit   ( 1860): type=1400 msg=audit(1570266585.160:376057): avc:  denied  { connectto } for  pid=1083 comm="smdexe" path="/data/.socket_stream" scontext=u:r:smdexe:s0 tcontext=u:r:init:s0 tclass=unix_stream_socket
E/audit   ( 1860):  SEPF_SM-N9005_5.0-2_0065
E/audit   ( 1860): 
E/audit   ( 1860): type=1300 msg=audit(1570266585.160:376057): arch=40000028 syscall=283 per=800000 success=no exit=-13 a0=a a1=b69f1cfc a2=6e a3=b6f87904 items=1 ppid=1 ppcomm=init pid=1083 auid=4294967295 uid=1000 gid=1000 euid=1000 suid=1000 fsuid=1000 egid=1000 sgid=1000 fsgid=1000 tty=(none) ses=4294967295 comm="smdexe" exe="/system/bin/smdexe" subj=u:r:smdexe:s0 key=(null)
E/audit   ( 1860): type=1306 msg=audit(1570266585.160:376057): saddr=01002F646174612F2E736F636B65745F73747265616D00000000000000000000000000000000000000000000000000000000000000000000000000000000000000000000000000000000000000000000000000000000000000000000000000000000000000000000000000000000
D/SecurityLogAgent:SEDenialService(  777): Got Modify Event and sending Denial Intent foraudit.log
E/audit   ( 1860): type=1302 msg=audit(1570266585.160:376057): item=0 name=(null) inode=13 dev=b3:1a mode=0140700 ouid=1000 ogid=1000 rdev=00:00 obj=u:object_r:system_data_file:s0
E/audit   ( 1860): type=1320 msg=audit(1570266585.160:376057): 
D/SecurityLogAgent:SEDenialService(  777): audit.ondenial set to 0 after sending samsung.intent.action.knox.DENIAL_NOTIFICATION intent
E/SMD     (  303): connect error:13
E/audit   ( 1860): type=1400 msg=audit(1570266586.170:376058): avc:  denied  { connectto } for  pid=1083 comm="smdexe" path="/data/.socket_stream" scontext=u:r:smdexe:s0 tcontext=u:r:init:s0 tclass=unix_stream_socket
E/audit   ( 1860):  SEPF_SM-N9005_5.0-2_0065
E/audit   ( 1860): 
E/audit   ( 1860): type=1300 msg=audit(1570266586.170:376058): arch=40000028 syscall=283 per=800000 success=no exit=-13 a0=a a1=b69f1cfc a2=6e a3=b6f87904 items=1 ppid=1 ppcomm=init pid=1083 auid=4294967295 uid=1000 gid=1000 euid=1000 suid=1000 fsuid=1000 egid=1000 sgid=1000 fsgid=1000 tty=(none) ses=4294967295 comm="smdexe" exe="/system/bin/smdexe" subj=u:r:smdexe:s0 key=(null)
E/audit   ( 1860): type=1306 msg=audit(1570266586.170:376058): saddr=01002F646174612F2E736F636B65745F73747265616D00000000000000000000000000000000000000000000000000000000000000000000000000000000000000000000000000000000000000000000000000000000000000000000000000000000000000000000000000000000
E/audit   ( 1860): type=1302 msg=audit(1570266586.170:376058): item=0 name=(null) inode=13 dev=b3:1a mode=0140700 ouid=1000 ogid=1000 rdev=00:00 obj=u:object_r:system_data_file:s0
E/audit   ( 1860): type=1320 msg=audit(1570266586.170:376058): 
D/SecurityLogAgent:SEDenialService(  777): Got Modify Event and sending Denial Intent foraudit.log
D/SecurityLogAgent:SEDenialService(  777): audit.ondenial set to 0 after sending samsung.intent.action.knox.DENIAL_NOTIFICATION intent
E/SMD     (  303): connect error:13
E/audit   ( 1860): type=1400 msg=audit(1570266587.170:376059): avc:  denied  { connectto } for  pid=1083 comm="smdexe" path="/data/.socket_stream" scontext=u:r:smdexe:s0 tcontext=u:r:init:s0 tclass=unix_stream_socket
E/audit   ( 1860):  SEPF_SM-N9005_5.0-2_0065
E/audit   ( 1860): 
E/audit   ( 1860): type=1300 msg=audit(1570266587.170:376059): arch=40000028 syscall=283 per=800000 success=no exit=-13 a0=a a1=b69f1cfc a2=6e a3=b6f87904 items=1 ppid=1 ppcomm=init pid=1083 auid=4294967295 uid=1000 gid=1000 euid=1000 suid=1000 fsuid=1000 egid=1000 sgid=1000 fsgid=1000 tty=(none) ses=4294967295 comm="smdexe" exe="/system/bin/smdexe" subj=u:r:smdexe:s0 key=(null)
E/audit   ( 1860): type=1306 msg=audit(1570266587.170:376059): saddr=01002F646174612F2E736F636B65745F73747265616D00000000000000000000000000000000000000000000000000000000000000000000000000000000000000000000000000000000000000000000000000000000000000000000000000000000000000000000000000000000
E/audit   ( 1860): type=1302 msg=audit(1570266587.170:376059): item=0 name=(null) inode=13 dev=b3:1a mode=0140700 ouid=1000 ogid=1000 rdev=00:00 obj=u:object_r:system_data_file:s0
E/audit   ( 1860): type=1320 msg=audit(1570266587.170:376059): 
D/SecurityLogAgent:SEDenialService(  777): Got Modify Event and sending Denial Intent foraudit.log
D/SecurityLogAgent:SEDenialService(  777): audit.ondenial set to 0 after sending samsung.intent.action.knox.DENIAL_NOTIFICATION intent
E/SMD     (  303): connect error:13
E/audit   ( 1860): type=1400 msg=audit(1570266588.170:376060): avc:  denied  { connectto } for  pid=1083 comm="smdexe" path="/data/.socket_stream" scontext=u:r:smdexe:s0 tcontext=u:r:init:s0 tclass=unix_stream_socket
E/audit   ( 1860):  SEPF_SM-N9005_5.0-2_0065
E/audit   ( 1860): 
E/audit   ( 1860): type=1300 msg=audit(1570266588.170:376060): arch=40000028 syscall=283 per=800000 success=no exit=-13 a0=a a1=b69f1cfc a2=6e a3=b6f87904 items=1 ppid=1 ppcomm=init pid=1083 auid=4294967295 uid=1000 gid=1000 euid=1000 suid=1000 fsuid=1000 egid=1000 sgid=1000 fsgid=1000 tty=(none) ses=4294967295 comm="smdexe" exe="/system/bin/smdexe" subj=u:r:smdexe:s0 key=(null)
E/audit   ( 1860): type=1306 msg=audit(1570266588.170:376060): saddr=01002F646174612F2E736F636B65745F73747265616D00000000000000000000000000000000000000000000000000000000000000000000000000000000000000000000000000000000000000000000000000000000000000000000000000000000000000000000000000000000
D/SecurityLogAgent:SEDenialService(  777): Got Modify Event and sending Denial Intent foraudit.log
E/audit   ( 1860): type=1302 msg=audit(1570266588.170:376060): item=0 name=(null) inode=13 dev=b3:1a mode=0140700 ouid=1000 ogid=1000 rdev=00:00 obj=u:object_r:system_data_file:s0
E/audit   ( 1860): type=1320 msg=audit(1570266588.170:376060): 
D/SecurityLogAgent:SEDenialService(  777): audit.ondenial set to 0 after sending samsung.intent.action.knox.DENIAL_NOTIFICATION intent
E/SMD     (  303): connect error:13
E/audit   ( 1860): type=1400 msg=audit(1570266589.170:376061): avc:  denied  { connectto } for  pid=1083 comm="smdexe" path="/data/.socket_stream" scontext=u:r:smdexe:s0 tcontext=u:r:init:s0 tclass=unix_stream_socket
D/SecurityLogAgent:SEDenialService(  777): Got Modify Event and sending Denial Intent foraudit.log
E/audit   ( 1860):  SEPF_SM-N9005_5.0-2_0065
E/audit   ( 1860): 
E/audit   ( 1860): type=1300 msg=audit(1570266589.170:376061): arch=40000028 syscall=283 per=800000 success=no exit=-13 a0=a a1=b69f1cfc a2=6e a3=b6f87904 items=1 ppid=1 ppcomm=init pid=1083 auid=4294967295 uid=1000 gid=1000 euid=1000 suid=1000 fsuid=1000 egid=1000 sgid=1000 fsgid=1000 tty=(none) ses=4294967295 comm="smdexe" exe="/system/bin/smdexe" subj=u:r:smdexe:s0 key=(null)
E/audit   ( 1860): type=1306 msg=audit(1570266589.170:376061): saddr=01002F646174612F2E736F636B65745F73747265616D00000000000000000000000000000000000000000000000000000000000000000000000000000000000000000000000000000000000000000000000000000000000000000000000000000000000000000000000000000000
E/audit   ( 1860): type=1302 msg=audit(1570266589.170:376061): item=0 name=(null) inode=13 dev=b3:1a mode=0140700 ouid=1000 ogid=1000 rdev=00:00 obj=u:object_r:system_data_file:s0
E/audit   ( 1860): type=1320 msg=audit(1570266589.170:376061): 
D/SecurityLogAgent:SEDenialService(  777): audit.ondenial set to 0 after sending samsung.intent.action.knox.DENIAL_NOTIFICATION intent
E/SMD     (  303): connect error:13
E/audit   ( 1860): type=1400 msg=audit(1570266590.170:376062): avc:  denied  { connectto } for  pid=1083 comm="smdexe" path="/data/.socket_stream" scontext=u:r:smdexe:s0 tcontext=u:r:init:s0 tclass=unix_stream_socket
E/audit   ( 1860):  SEPF_SM-N9005_5.0-2_0065
E/audit   ( 1860): 
E/audit   ( 1860): type=1300 msg=audit(1570266590.170:376062): arch=40000028 syscall=283 per=800000 success=no exit=-13 a0=a a1=b69f1cfc a2=6e a3=b6f87904 items=1 ppid=1 ppcomm=init pid=1083 auid=4294967295 uid=1000 gid=1000 euid=1000 suid=1000 fsuid=1000 egid=1000 sgid=1000 fsgid=1000 tty=(none) ses=4294967295 comm="smdexe" exe="/system/bin/smdexe" subj=u:r:smdexe:s0 key=(null)
E/audit   ( 1860): type=1306 msg=audit(1570266590.170:376062): saddr=01002F646174612F2E736F636B65745F73747265616D00000000000000000000000000000000000000000000000000000000000000000000000000000000000000000000000000000000000000000000000000000000000000000000000000000000000000000000000000000000
D/SecurityLogAgent:SEDenialService(  777): Got Modify Event and sending Denial Intent foraudit.log
E/audit   ( 1860): type=1302 msg=audit(1570266590.170:376062): item=0 name=(null) inode=13 dev=b3:1a mode=0140700 ouid=1000 ogid=1000 rdev=00:00 obj=u:object_r:system_data_file:s0
E/audit   ( 1860): type=1320 msg=audit(1570266590.170:376062): 
D/SecurityLogAgent:SEDenialService(  777): audit.ondenial set to 0 after sending samsung.intent.action.knox.DENIAL_NOTIFICATION intent
E/SMD     (  303): connect error:13
E/audit   ( 1860): type=1400 msg=audit(1570266591.180:376063): avc:  denied  { connectto } for  pid=1083 comm="smdexe" path="/data/.socket_stream" scontext=u:r:smdexe:s0 tcontext=u:r:init:s0 tclass=unix_stream_socket
E/audit   ( 1860):  SEPF_SM-N9005_5.0-2_0065
E/audit   ( 1860): 
E/audit   ( 1860): type=1300 msg=audit(1570266591.180:376063): arch=40000028 syscall=283 per=800000 success=no exit=-13 a0=a a1=b69f1cfc a2=6e a3=b6f87904 items=1 ppid=1 ppcomm=init pid=1083 auid=4294967295 uid=1000 gid=1000 euid=1000 suid=1000 fsuid=1000 egid=1000 sgid=1000 fsgid=1000 tty=(none) ses=4294967295 comm="smdexe" exe="/system/bin/smdexe" subj=u:r:smdexe:s0 key=(null)
E/audit   ( 1860): type=1306 msg=audit(1570266591.180:376063): saddr=01002F646174612F2E736F636B65745F73747265616D00000000000000000000000000000000000000000000000000000000000000000000000000000000000000000000000000000000000000000000000000000000000000000000000000000000000000000000000000000000
E/audit   ( 1860): type=1302 msg=audit(1570266591.180:376063): item=0 name=(null) inode=13 dev=b3:1a mode=0140700 ouid=1000 ogid=1000 rdev=00:00 obj=u:object_r:system_data_file:s0
E/audit   ( 1860): type=1320 msg=audit(1570266591.180:376063): 
D/SecurityLogAgent:SEDenialService(  777): Got Modify Event and sending Denial Intent foraudit.log
D/SecurityLogAgent:SEDenialService(  777): audit.ondenial set to 0 after sending samsung.intent.action.knox.DENIAL_NOTIFICATION intent
E/SMD     (  303): connect error:13
E/audit   ( 1860): type=1400 msg=audit(1570266592.180:376064): avc:  denied  { connectto } for  pid=1083 comm="smdexe" path="/data/.socket_stream" scontext=u:r:smdexe:s0 tcontext=u:r:init:s0 tclass=unix_stream_socket
E/audit   ( 1860):  SEPF_SM-N9005_5.0-2_0065
E/audit   ( 1860): 
E/audit   ( 1860): type=1300 msg=audit(1570266592.180:376064): arch=40000028 syscall=283 per=800000 success=no exit=-13 a0=a a1=b69f1cfc a2=6e a3=b6f87904 items=1 ppid=1 ppcomm=init pid=1083 auid=4294967295 uid=1000 gid=1000 euid=1000 suid=1000 fsuid=1000 egid=1000 sgid=1000 fsgid=1000 tty=(none) ses=4294967295 comm="smdexe" exe="/system/bin/smdexe" subj=u:r:smdexe:s0 key=(null)
E/audit   ( 1860): type=1306 msg=audit(1570266592.180:376064): saddr=01002F646174612F2E736F636B65745F73747265616D00000000000000000000000000000000000000000000000000000000000000000000000000000000000000000000000000000000000000000000000000000000000000000000000000000000000000000000000000000000
E/audit   ( 1860): type=1302 msg=audit(1570266592.180:376064): item=0 name=(null) inode=13 dev=b3:1a mode=0140700 ouid=1000 ogid=1000 rdev=00:00 obj=u:object_r:system_data_file:s0
E/audit   ( 1860): type=1320 msg=audit(1570266592.180:376064): 
D/SecurityLogAgent:SEDenialService(  777): Got Modify Event and sending Denial Intent foraudit.log
D/SecurityLogAgent:SEDenialService(  777): audit.ondenial set to 0 after sending samsung.intent.action.knox.DENIAL_NOTIFICATION intent
E/SMD     (  303): connect error:13
E/audit   ( 1860): type=1400 msg=audit(1570266593.180:376065): avc:  denied  { connectto } for  pid=1083 comm="smdexe" path="/data/.socket_stream" scontext=u:r:smdexe:s0 tcontext=u:r:init:s0 tclass=unix_stream_socket
E/audit   ( 1860):  SEPF_SM-N9005_5.0-2_0065
E/audit   ( 1860): 
E/audit   ( 1860): type=1300 msg=audit(1570266593.180:376065): arch=40000028 syscall=283 per=800000 success=no exit=-13 a0=a a1=b69f1cfc a2=6e a3=b6f87904 items=1 ppid=1 ppcomm=init pid=1083 auid=4294967295 uid=1000 gid=1000 euid=1000 suid=1000 fsuid=1000 egid=1000 sgid=1000 fsgid=1000 tty=(none) ses=4294967295 comm="smdexe" exe="/system/bin/smdexe" subj=u:r:smdexe:s0 key=(null)
D/SecurityLogAgent:SEDenialService(  777): Got Modify Event and sending Denial Intent foraudit.log
E/audit   ( 1860): type=1306 msg=audit(1570266593.180:376065): saddr=01002F646174612F2E736F636B65745F73747265616D00000000000000000000000000000000000000000000000000000000000000000000000000000000000000000000000000000000000000000000000000000000000000000000000000000000000000000000000000000000
E/audit   ( 1860): type=1302 msg=audit(1570266593.180:376065): item=0 name=(null) inode=13 dev=b3:1a mode=0140700 ouid=1000 ogid=1000 rdev=00:00 obj=u:object_r:system_data_file:s0
D/SecurityLogAgent:SEDenialService(  777): audit.ondenial set to 0 after sending samsung.intent.action.knox.DENIAL_NOTIFICATION intent
D/SecurityLogAgent:SEDenialService(  777): Got Moved To Event audit.old
D/SecurityLogAgent:SEDenialService(  777): Sending Denial Intent for zip
D/SecurityLogAgent:SEDenialService(  777): Got CLOSE_WRITE Event audit.old
E/audit   ( 1860): type=1320 msg=audit(1570266593.180:376065): 
V/LpnetManagerService(  777): on AC power
D/KeyguardUpdateMonitor( 1184): received broadcast android.intent.action.BATTERY_CHANGED
D/KeyguardUpdateMonitor( 1184): handleBatteryUpdate
E/SMD     (  303): connect error:13
E/audit   ( 1860): type=1400 msg=audit(1570266594.180:376066): avc:  denied  { connectto } for  pid=1083 comm="smdexe" path="/data/.socket_stream" scontext=u:r:smdexe:s0 tcontext=u:r:init:s0 tclass=unix_stream_socket
E/audit   ( 1860):  SEPF_SM-N9005_5.0-2_0065
E/audit   ( 1860): 
E/audit   ( 1860): type=1300 msg=audit(1570266594.180:376066): arch=40000028 syscall=283 per=800000 success=no exit=-13 a0=a a1=b69f1cfc a2=6e a3=b6f87904 items=1 ppid=1 ppcomm=init pid=1083 auid=4294967295 uid=1000 gid=1000 euid=1000 suid=1000 fsuid=1000 egid=1000 sgid=1000 fsgid=1000 tty=(none) ses=4294967295 comm="smdexe" exe="/system/bin/smdexe" subj=u:r:smdexe:s0 key=(null)
D/SecurityLogAgent:SEDenialService(  777): Got Modify Event and sending Denial Intent foraudit.log
E/audit   ( 1860): type=1306 msg=audit(1570266594.180:376066): saddr=01002F646174612F2E736F636B65745F73747265616D00000000000000000000000000000000000000000000000000000000000000000000000000000000000000000000000000000000000000000000000000000000000000000000000000000000000000000000000000000000
E/audit   ( 1860): type=1302 msg=audit(1570266594.180:376066): item=0 name=(null) inode=13 dev=b3:1a mode=0140700 ouid=1000 ogid=1000 rdev=00:00 obj=u:object_r:system_data_file:s0
E/audit   ( 1860): type=1320 msg=audit(1570266594.180:376066): 
D/SecurityLogAgent:SEDenialService(  777): audit.ondenial set to 0 after sending samsung.intent.action.knox.DENIAL_NOTIFICATION intent
E/SMD     (  303): connect error:13
E/audit   ( 1860): type=1400 msg=audit(1570266595.180:376067): avc:  denied  { connectto } for  pid=1083 comm="smdexe" path="/data/.socket_stream" scontext=u:r:smdexe:s0 tcontext=u:r:init:s0 tclass=unix_stream_socket
E/audit   ( 1860):  SEPF_SM-N9005_5.0-2_0065
E/audit   ( 1860): 
E/audit   ( 1860): type=1300 msg=audit(1570266595.180:376067): arch=40000028 syscall=283 per=800000 success=no exit=-13 a0=a a1=b69f1cfc a2=6e a3=b6f87904 items=1 ppid=1 ppcomm=init pid=1083 auid=4294967295 uid=1000 gid=1000 euid=1000 suid=1000 fsuid=1000 egid=1000 sgid=1000 fsgid=1000 tty=(none) ses=4294967295 comm="smdexe" exe="/system/bin/smdexe" subj=u:r:smdexe:s0 key=(null)
E/audit   ( 1860): type=1306 msg=audit(1570266595.180:376067): saddr=01002F646174612F2E736F636B65745F73747265616D00000000000000000000000000000000000000000000000000000000000000000000000000000000000000000000000000000000000000000000000000000000000000000000000000000000000000000000000000000000
E/audit   ( 1860): type=1302 msg=audit(1570266595.180:376067): item=0 name=(null) inode=13 dev=b3:1a mode=0140700 ouid=1000 ogid=1000 rdev=00:00 obj=u:object_r:system_data_file:s0
E/audit   ( 1860): type=1320 msg=audit(1570266595.180:376067): 
D/SecurityLogAgent:SEDenialService(  777): Got Modify Event and sending Denial Intent foraudit.log
D/SecurityLogAgent:SEDenialService(  777): audit.ondenial set to 0 after sending samsung.intent.action.knox.DENIAL_NOTIFICATION intent
E/SMD     (  303): connect error:13
E/audit   ( 1860): type=1400 msg=audit(1570266596.190:376068): avc:  denied  { connectto } for  pid=1083 comm="smdexe" path="/data/.socket_stream" scontext=u:r:smdexe:s0 tcontext=u:r:init:s0 tclass=unix_stream_socket
E/audit   ( 1860):  SEPF_SM-N9005_5.0-2_0065
E/audit   ( 1860): 
E/audit   ( 1860): type=1300 msg=audit(1570266596.190:376068): arch=40000028 syscall=283 per=800000 success=no exit=-13 a0=a a1=b69f1cfc a2=6e a3=b6f87904 items=1 ppid=1 ppcomm=init pid=1083 auid=4294967295 uid=1000 gid=1000 euid=1000 suid=1000 fsuid=1000 egid=1000 sgid=1000 fsgid=1000 tty=(none) ses=4294967295 comm="smdexe" exe="/system/bin/smdexe" subj=u:r:smdexe:s0 key=(null)
E/audit   ( 1860): type=1306 msg=audit(1570266596.190:376068): saddr=01002F646174612F2E736F636B65745F73747265616D00000000000000000000000000000000000000000000000000000000000000000000000000000000000000000000000000000000000000000000000000000000000000000000000000000000000000000000000000000000
E/audit   ( 1860): type=1302 msg=audit(1570266596.190:376068): item=0 name=(null) inode=13 dev=b3:1a mode=0140700 ouid=1000 ogid=1000 rdev=00:00 obj=u:object_r:system_data_file:s0
E/audit   ( 1860): type=1320 msg=audit(1570266596.190:376068): 
D/SecurityLogAgent:SEDenialService(  777): Got Modify Event and sending Denial Intent foraudit.log
D/SecurityLogAgent:SEDenialService(  777): audit.ondenial set to 0 after sending samsung.intent.action.knox.DENIAL_NOTIFICATION intent
E/SMD     (  303): connect error:13
E/audit   ( 1860): type=1400 msg=audit(1570266597.190:376069): avc:  denied  { connectto } for  pid=1083 comm="smdexe" path="/data/.socket_stream" scontext=u:r:smdexe:s0 tcontext=u:r:init:s0 tclass=unix_stream_socket
E/audit   ( 1860):  SEPF_SM-N9005_5.0-2_0065
E/audit   ( 1860): 
E/audit   ( 1860): type=1300 msg=audit(1570266597.190:376069): arch=40000028 syscall=283 per=800000 success=no exit=-13 a0=a a1=b69f1cfc a2=6e a3=b6f87904 items=1 ppid=1 ppcomm=init pid=1083 auid=4294967295 uid=1000 gid=1000 euid=1000 suid=1000 fsuid=1000 egid=1000 sgid=1000 fsgid=1000 tty=(none) ses=4294967295 comm="smdexe" exe="/system/bin/smdexe" subj=u:r:smdexe:s0 key=(null)
E/audit   ( 1860): type=1306 msg=audit(1570266597.190:376069): saddr=01002F646174612F2E736F636B65745F73747265616D00000000000000000000000000000000000000000000000000000000000000000000000000000000000000000000000000000000000000000000000000000000000000000000000000000000000000000000000000000000
E/audit   ( 1860): type=1302 msg=audit(1570266597.190:376069): item=0 name=(null) inode=13 dev=b3:1a mode=0140700 ouid=1000 ogid=1000 rdev=00:00 obj=u:object_r:system_data_file:s0
E/audit   ( 1860): type=1320 msg=audit(1570266597.190:376069): 
D/SecurityLogAgent:SEDenialService(  777): Got Modify Event and sending Denial Intent foraudit.log
D/SecurityLogAgent:SEDenialService(  777): audit.ondenial set to 0 after sending samsung.intent.action.knox.DENIAL_NOTIFICATION intent
E/SMD     (  303): connect error:13
E/audit   ( 1860): type=1400 msg=audit(1570266598.190:376070): avc:  denied  { connectto } for  pid=1083 comm="smdexe" path="/data/.socket_stream" scontext=u:r:smdexe:s0 tcontext=u:r:init:s0 tclass=unix_stream_socket
E/audit   ( 1860):  SEPF_SM-N9005_5.0-2_0065
E/audit   ( 1860): 
E/audit   ( 1860): type=1300 msg=audit(1570266598.190:376070): arch=40000028 syscall=283 per=800000 success=no exit=-13 a0=a a1=b69f1cfc a2=6e a3=b6f87904 items=1 ppid=1 ppcomm=init pid=1083 auid=4294967295 uid=1000 gid=1000 euid=1000 suid=1000 fsuid=1000 egid=1000 sgid=1000 fsgid=1000 tty=(none) ses=4294967295 comm="smdexe" exe="/system/bin/smdexe" subj=u:r:smdexe:s0 key=(null)
E/audit   ( 1860): type=1306 msg=audit(1570266598.190:376070): saddr=01002F646174612F2E736F636B65745F73747265616D00000000000000000000000000000000000000000000000000000000000000000000000000000000000000000000000000000000000000000000000000000000000000000000000000000000000000000000000000000000
E/audit   ( 1860): type=1302 msg=audit(1570266598.190:376070): item=0 name=(null) inode=13 dev=b3:1a mode=0140700 ouid=1000 ogid=1000 rdev=00:00 obj=u:object_r:system_data_file:s0
E/audit   ( 1860): type=1320 msg=audit(1570266598.190:376070): 
D/SecurityLogAgent:SEDenialService(  777): Got Modify Event and sending Denial Intent foraudit.log
D/SecurityLogAgent:SEDenialService(  777): audit.ondenial set to 0 after sending samsung.intent.action.knox.DENIAL_NOTIFICATION intent
E/SMD     (  303): connect error:13
E/audit   ( 1860): type=1400 msg=audit(1570266599.190:376071): avc:  denied  { connectto } for  pid=1083 comm="smdexe" path="/data/.socket_stream" scontext=u:r:smdexe:s0 tcontext=u:r:init:s0 tclass=unix_stream_socket
E/audit   ( 1860):  SEPF_SM-N9005_5.0-2_0065
E/audit   ( 1860): 
E/audit   ( 1860): type=1300 msg=audit(1570266599.190:376071): arch=40000028 syscall=283 per=800000 success=no exit=-13 a0=a a1=b69f1cfc a2=6e a3=b6f87904 items=1 ppid=1 ppcomm=init pid=1083 auid=4294967295 uid=1000 gid=1000 euid=1000 suid=1000 fsuid=1000 egid=1000 sgid=1000 fsgid=1000 tty=(none) ses=4294967295 comm="smdexe" exe="/system/bin/smdexe" subj=u:r:smdexe:s0 key=(null)
D/SecurityLogAgent:SEDenialService(  777): Got Modify Event and sending Denial Intent foraudit.log
E/audit   ( 1860): type=1306 msg=audit(1570266599.190:376071): saddr=01002F646174612F2E736F636B65745F73747265616D00000000000000000000000000000000000000000000000000000000000000000000000000000000000000000000000000000000000000000000000000000000000000000000000000000000000000000000000000000000
E/audit   ( 1860): type=1302 msg=audit(1570266599.190:376071): item=0 name=(null) inode=13 dev=b3:1a mode=0140700 ouid=1000 ogid=1000 rdev=00:00 obj=u:object_r:system_data_file:s0
E/audit   ( 1860): type=1320 msg=audit(1570266599.190:376071): 
D/SecurityLogAgent:SEDenialService(  777): audit.ondenial set to 0 after sending samsung.intent.action.knox.DENIAL_NOTIFICATION intent
E/SMD     (  303): connect error:13
E/audit   ( 1860): type=1400 msg=audit(1570266600.190:376072): avc:  denied  { connectto } for  pid=1083 comm="smdexe" path="/data/.socket_stream" scontext=u:r:smdexe:s0 tcontext=u:r:init:s0 tclass=unix_stream_socket
E/audit   ( 1860):  SEPF_SM-N9005_5.0-2_0065
E/audit   ( 1860): 
E/audit   ( 1860): type=1300 msg=audit(1570266600.190:376072): arch=40000028 syscall=283 per=800000 success=no exit=-13 a0=a a1=b69f1cfc a2=6e a3=b6f87904 items=1 ppid=1 ppcomm=init pid=1083 auid=4294967295 uid=1000 gid=1000 euid=1000 suid=1000 fsuid=1000 egid=1000 sgid=1000 fsgid=1000 tty=(none) ses=4294967295 comm="smdexe" exe="/system/bin/smdexe" subj=u:r:smdexe:s0 key=(null)
E/audit   ( 1860): type=1306 msg=audit(1570266600.190:376072): saddr=01002F646174612F2E736F636B65745F73747265616D00000000000000000000000000000000000000000000000000000000000000000000000000000000000000000000000000000000000000000000000000000000000000000000000000000000000000000000000000000000
E/audit   ( 1860): type=1302 msg=audit(1570266600.190:376072): item=0 name=(null) inode=13 dev=b3:1a mode=0140700 ouid=1000 ogid=1000 rdev=00:00 obj=u:object_r:system_data_file:s0
E/audit   ( 1860): type=1320 msg=audit(1570266600.190:376072): 
D/SecurityLogAgent:SEDenialService(  777): Got Modify Event and sending Denial Intent foraudit.log
D/SecurityLogAgent:SEDenialService(  777): audit.ondenial set to 0 after sending samsung.intent.action.knox.DENIAL_NOTIFICATION intent
E/SMD     (  303): connect error:13
E/audit   ( 1860): type=1400 msg=audit(1570266601.200:376073): avc:  denied  { connectto } for  pid=1083 comm="smdexe" path="/data/.socket_stream" scontext=u:r:smdexe:s0 tcontext=u:r:init:s0 tclass=unix_stream_socket
E/audit   ( 1860):  SEPF_SM-N9005_5.0-2_0065
E/audit   ( 1860): 
E/audit   ( 1860): type=1300 msg=audit(1570266601.200:376073): arch=40000028 syscall=283 per=800000 success=no exit=-13 a0=a a1=b69f1cfc a2=6e a3=b6f87904 items=1 ppid=1 ppcomm=init pid=1083 auid=4294967295 uid=1000 gid=1000 euid=1000 suid=1000 fsuid=1000 egid=1000 sgid=1000 fsgid=1000 tty=(none) ses=4294967295 comm="smdexe" exe="/system/bin/smdexe" subj=u:r:smdexe:s0 key=(null)
E/audit   ( 1860): type=1306 msg=audit(1570266601.200:376073): saddr=01002F646174612F2E736F636B65745F73747265616D00000000000000000000000000000000000000000000000000000000000000000000000000000000000000000000000000000000000000000000000000000000000000000000000000000000000000000000000000000000
E/audit   ( 1860): type=1302 msg=audit(1570266601.200:376073): item=0 name=(null) inode=13 dev=b3:1a mode=0140700 ouid=1000 ogid=1000 rdev=00:00 obj=u:object_r:system_data_file:s0
E/audit   ( 1860): type=1320 msg=audit(1570266601.200:376073): 
D/SecurityLogAgent:SEDenialService(  777): Got Modify Event and sending Denial Intent foraudit.log
D/SecurityLogAgent:SEDenialService(  777): audit.ondenial set to 0 after sending samsung.intent.action.knox.DENIAL_NOTIFICATION intent
E/SMD     (  303): connect error:13
E/audit   ( 1860): type=1400 msg=audit(1570266602.200:376074): avc:  denied  { connectto } for  pid=1083 comm="smdexe" path="/data/.socket_stream" scontext=u:r:smdexe:s0 tcontext=u:r:init:s0 tclass=unix_stream_socket
E/audit   ( 1860):  SEPF_SM-N9005_5.0-2_0065
E/audit   ( 1860): 
E/audit   ( 1860): type=1300 msg=audit(1570266602.200:376074): arch=40000028 syscall=283 per=800000 success=no exit=-13 a0=a a1=b69f1cfc a2=6e a3=b6f87904 items=1 ppid=1 ppcomm=init pid=1083 auid=4294967295 uid=1000 gid=1000 euid=1000 suid=1000 fsuid=1000 egid=1000 sgid=1000 fsgid=1000 tty=(none) ses=4294967295 comm="smdexe" exe="/system/bin/smdexe" subj=u:r:smdexe:s0 key=(null)
E/audit   ( 1860): type=1306 msg=audit(1570266602.200:376074): saddr=01002F646174612F2E736F636B65745F73747265616D00000000000000000000000000000000000000000000000000000000000000000000000000000000000000000000000000000000000000000000000000000000000000000000000000000000000000000000000000000000
E/audit   ( 1860): type=1302 msg=audit(1570266602.200:376074): item=0 name=(null) inode=13 dev=b3:1a mode=0140700 ouid=1000 ogid=1000 rdev=00:00 obj=u:object_r:system_data_file:s0
E/audit   ( 1860): type=1320 msg=audit(1570266602.200:376074): 
D/SecurityLogAgent:SEDenialService(  777): Got Modify Event and sending Denial Intent foraudit.log
D/SecurityLogAgent:SEDenialService(  777): audit.ondenial set to 0 after sending samsung.intent.action.knox.DENIAL_NOTIFICATION intent
E/SMD     (  303): connect error:13
E/audit   ( 1860): type=1400 msg=audit(1570266603.200:376075): avc:  denied  { connectto } for  pid=1083 comm="smdexe" path="/data/.socket_stream" scontext=u:r:smdexe:s0 tcontext=u:r:init:s0 tclass=unix_stream_socket
E/audit   ( 1860):  SEPF_SM-N9005_5.0-2_0065
E/audit   ( 1860): 
E/audit   ( 1860): type=1300 msg=audit(1570266603.200:376075): arch=40000028 syscall=283 per=800000 success=no exit=-13 a0=a a1=b69f1cfc a2=6e a3=b6f87904 items=1 ppid=1 ppcomm=init pid=1083 auid=4294967295 uid=1000 gid=1000 euid=1000 suid=1000 fsuid=1000 egid=1000 sgid=1000 fsgid=1000 tty=(none) ses=4294967295 comm="smdexe" exe="/system/bin/smdexe" subj=u:r:smdexe:s0 key=(null)
E/audit   ( 1860): type=1306 msg=audit(1570266603.200:376075): saddr=01002F646174612F2E736F636B65745F73747265616D00000000000000000000000000000000000000000000000000000000000000000000000000000000000000000000000000000000000000000000000000000000000000000000000000000000000000000000000000000000
E/audit   ( 1860): type=1302 msg=audit(1570266603.200:376075): item=0 name=(null) inode=13 dev=b3:1a mode=0140700 ouid=1000 ogid=1000 rdev=00:00 obj=u:object_r:system_data_file:s0
E/audit   ( 1860): type=1320 msg=audit(1570266603.200:376075): 
D/SecurityLogAgent:SEDenialService(  777): Got Modify Event and sending Denial Intent foraudit.log
D/SecurityLogAgent:SEDenialService(  777): audit.ondenial set to 0 after sending samsung.intent.action.knox.DENIAL_NOTIFICATION intent
V/LpnetManagerService(  777): on AC power
D/KeyguardUpdateMonitor( 1184): received broadcast android.intent.action.BATTERY_CHANGED
D/KeyguardUpdateMonitor( 1184): handleBatteryUpdate
E/SMD     (  303): connect error:13
E/audit   ( 1860): type=1400 msg=audit(1570266604.200:376076): avc:  denied  { connectto } for  pid=1083 comm="smdexe" path="/data/.socket_stream" scontext=u:r:smdexe:s0 tcontext=u:r:init:s0 tclass=unix_stream_socket
E/audit   ( 1860):  SEPF_SM-N9005_5.0-2_0065
E/audit   ( 1860): 
E/audit   ( 1860): type=1300 msg=audit(1570266604.200:376076): arch=40000028 syscall=283 per=800000 success=no exit=-13 a0=a a1=b69f1cfc a2=6e a3=b6f87904 items=1 ppid=1 ppcomm=init pid=1083 auid=4294967295 uid=1000 gid=1000 euid=1000 suid=1000 fsuid=1000 egid=1000 sgid=1000 fsgid=1000 tty=(none) ses=4294967295 comm="smdexe" exe="/system/bin/smdexe" subj=u:r:smdexe:s0 key=(null)
E/audit   ( 1860): type=1306 msg=audit(1570266604.200:376076): saddr=01002F646174612F2E736F636B65745F73747265616D00000000000000000000000000000000000000000000000000000000000000000000000000000000000000000000000000000000000000000000000000000000000000000000000000000000000000000000000000000000
E/audit   ( 1860): type=1302 msg=audit(1570266604.200:376076): item=0 name=(null) inode=13 dev=b3:1a mode=0140700 ouid=1000 ogid=1000 rdev=00:00 obj=u:object_r:system_data_file:s0
D/SecurityLogAgent:SEDenialService(  777): Got Modify Event and sending Denial Intent foraudit.log
D/SecurityLogAgent:SEDenialService(  777): audit.ondenial set to 0 after sending samsung.intent.action.knox.DENIAL_NOTIFICATION intent
E/audit   ( 1860): type=1320 msg=audit(1570266604.200:376076): 
E/SMD     (  303): connect error:13
E/audit   ( 1860): type=1400 msg=audit(1570266605.200:376077): avc:  denied  { connectto } for  pid=1083 comm="smdexe" path="/data/.socket_stream" scontext=u:r:smdexe:s0 tcontext=u:r:init:s0 tclass=unix_stream_socket
E/audit   ( 1860):  SEPF_SM-N9005_5.0-2_0065
E/audit   ( 1860): 
D/SecurityLogAgent:SEDenialService(  777): Got Modify Event and sending Denial Intent foraudit.log
E/audit   ( 1860): type=1300 msg=audit(1570266605.200:376077): arch=40000028 syscall=283 per=800000 success=no exit=-13 a0=a a1=b69f1cfc a2=6e a3=b6f87904 items=1 ppid=1 ppcomm=init pid=1083 auid=4294967295 uid=1000 gid=1000 euid=1000 suid=1000 fsuid=1000 egid=1000 sgid=1000 fsgid=1000 tty=(none) ses=4294967295 comm="smdexe" exe="/system/bin/smdexe" subj=u:r:smdexe:s0 key=(null)
E/audit   ( 1860): type=1306 msg=audit(1570266605.200:376077): saddr=01002F646174612F2E736F636B65745F73747265616D00000000000000000000000000000000000000000000000000000000000000000000000000000000000000000000000000000000000000000000000000000000000000000000000000000000000000000000000000000000
