W/KeyguardSecurityViewFlipper( 1184): onMeasure: heightSpec MeasureSpec: EXACTLY 1155 should be AT_MOST
I/qdhwcomposer(  266): handle_blank_event: dpy:0 panel power state: 0
E/SMD     (  303): connect error:13
E/MotionRecognitionService(  777): Motion Thread--
E/MotionRecognitionService(  777): Motion Thread++
I/qdhwcomposer(  266): handle_blank_event: dpy:0 panel power state: 0
E/audit   ( 1860): type=1400 msg=audit(1570266447.441:376016): avc:  denied  { connectto } for  pid=1083 comm="smdexe" path="/data/.socket_stream" scontext=u:r:smdexe:s0 tcontext=u:r:init:s0 tclass=unix_stream_socket
E/audit   ( 1860):  SEPF_SM-N9005_5.0-2_0065
E/audit   ( 1860): 
E/audit   ( 1860): type=1300 msg=audit(1570266447.441:376016): arch=40000028 syscall=283 per=800000 success=no exit=-13 a0=a a1=b69f1cfc a2=6e a3=b6f87904 items=1 ppid=1 ppcomm=init pid=1083 auid=4294967295 uid=1000 gid=1000 euid=1000 suid=1000 fsuid=1000 egid=1000 sgid=1000 fsgid=1000 tty=(none) ses=4294967295 comm="smdexe" exe="/system/bin/smdexe" subj=u:r:smdexe:s0 key=(null)
E/audit   ( 1860): type=1306 msg=audit(1570266447.441:376016): saddr=01002F646174612F2E736F636B65745F73747265616D00000000000000000000000000000000000000000000000000000000000000000000000000000000000000000000000000000000000000000000000000000000000000000000000000000000000000000000000000000000
E/audit   ( 1860): type=1302 msg=audit(1570266447.441:376016): item=0 name=(null) inode=13 dev=b3:1a mode=0140700 ouid=1000 ogid=1000 rdev=00:00 obj=u:object_r:system_data_file:s0
E/audit   ( 1860): type=1320 msg=audit(1570266447.441:376016): 
D/SecurityLogAgent:SEDenialService(  777): Got Modify Event and sending Denial Intent foraudit.log
E/MotionRecognitionService(  777): Motion Thread--
E/MotionRecognitionService(  777): Motion Thread++
D/SecurityLogAgent:SEDenialService(  777): audit.ondenial set to 0 after sending samsung.intent.action.knox.DENIAL_NOTIFICATION intent
V/LpnetManagerService(  777): on AC power
D/KeyguardUpdateMonitor( 1184): received broadcast android.intent.action.BATTERY_CHANGED
D/KeyguardUpdateMonitor( 1184): handleBatteryUpdate
I/qdhwcomposer(  266): handle_blank_event: dpy:0 panel power state: 0
E/SMD     (  303): connect error:13
E/MotionRecognitionService(  777): Motion Thread--
E/MotionRecognitionService(  777): Motion Thread++
I/qdhwcomposer(  266): handle_blank_event: dpy:0 panel power state: 0
E/MotionRecognitionService(  777): Motion Thread--
E/MotionRecognitionService(  777): Motion Thread++
E/audit   ( 1860): type=1400 msg=audit(1570266467.384:376017): avc:  denied  { connectto } for  pid=1083 comm="smdexe" path="/data/.socket_stream" scontext=u:r:smdexe:s0 tcontext=u:r:init:s0 tclass=unix_stream_socket
E/audit   ( 1860):  SEPF_SM-N9005_5.0-2_0065
E/audit   ( 1860): 
E/audit   ( 1860): type=1300 msg=audit(1570266467.384:376017): arch=40000028 syscall=283 per=800000 success=no exit=-13 a0=a a1=b69f1cfc a2=6e a3=b6f87904 items=1 ppid=1 ppcomm=init pid=1083 auid=4294967295 uid=1000 gid=1000 euid=1000 suid=1000 fsuid=1000 egid=1000 sgid=1000 fsgid=1000 tty=(none) ses=4294967295 comm="smdexe" exe="/system/bin/smdexe" subj=u:r:smdexe:s0 key=(null)
E/audit   ( 1860): type=1306 msg=audit(1570266467.384:376017): saddr=01002F646174612F2E736F636B65745F73747265616D00000000000000000000000000000000000000000000000000000000000000000000000000000000000000000000000000000000000000000000000000000000000000000000000000000000000000000000000000000000
E/audit   ( 1860): type=1302 msg=audit(1570266467.384:376017): item=0 name=(null) inode=13 dev=b3:1a mode=0140700 ouid=1000 ogid=1000 rdev=00:00 obj=u:object_r:system_data_file:s0
E/audit   ( 1860): type=1320 msg=audit(1570266467.384:376017): 
D/SecurityLogAgent:SEDenialService(  777): Got Modify Event and sending Denial Intent foraudit.log
D/SecurityLogAgent:SEDenialService(  777): audit.ondenial set to 0 after sending samsung.intent.action.knox.DENIAL_NOTIFICATION intent
V/LpnetManagerService(  777): on AC power
D/KeyguardUpdateMonitor( 1184): received broadcast android.intent.action.BATTERY_CHANGED
D/KeyguardUpdateMonitor( 1184): handleBatteryUpdate
W/KeyguardSecurityViewFlipper( 1184): onMeasure: widthSpec MeasureSpec: EXACTLY 1080 should be AT_MOST
W/KeyguardSecurityViewFlipper( 1184): onMeasure: heightSpec MeasureSpec: EXACTLY 1155 should be AT_MOST
I/qdhwcomposer(  266): handle_blank_event: dpy:0 panel power state: 0
E/MotionRecognitionService(  777): Motion Thread--
E/MotionRecognitionService(  777): Motion Thread++
I/PlayCommon(29180): [7092] ahnq.d(25): Preparing logs for uploading
I/PlayCommon(29180): [7092] ahnq.d(98): Connecting to server for timestamp: https://play.googleapis.com/play/log/timestamp
I/System.out(29180): (HTTPLog)-Static: isSBSettingEnabled false
V/LpnetManagerService(  777): on AC power
D/KeyguardUpdateMonitor( 1184): received broadcast android.intent.action.BATTERY_CHANGED
D/KeyguardUpdateMonitor( 1184): handleBatteryUpdate
E/SMD     (  303): connect error:13
E/audit   ( 1860): type=1400 msg=audit(1570266487.417:376018): avc:  denied  { connectto } for  pid=1083 comm="smdexe" path="/data/.socket_stream" scontext=u:r:smdexe:s0 tcontext=u:r:init:s0 tclass=unix_stream_socket
E/audit   ( 1860):  SEPF_SM-N9005_5.0-2_0065
E/audit   ( 1860): 
E/audit   ( 1860): type=1300 msg=audit(1570266487.417:376018): arch=40000028 syscall=283 per=800000 success=no exit=-13 a0=a a1=b69f1cfc a2=6e a3=b6f87904 items=1 ppid=1 ppcomm=init pid=1083 auid=4294967295 uid=1000 gid=1000 euid=1000 suid=1000 fsuid=1000 egid=1000 sgid=1000 fsgid=1000 tty=(none) ses=4294967295 comm="smdexe" exe="/system/bin/smdexe" subj=u:r:smdexe:s0 key=(null)
E/audit   ( 1860): type=1306 msg=audit(1570266487.417:376018): saddr=01002F646174612F2E736F636B65745F73747265616D00000000000000000000000000000000000000000000000000000000000000000000000000000000000000000000000000000000000000000000000000000000000000000000000000000000000000000000000000000000
E/audit   ( 1860): type=1302 msg=audit(1570266487.417:376018): item=0 name=(null) inode=13 dev=b3:1a mode=0140700 ouid=1000 ogid=1000 rdev=00:00 obj=u:object_r:system_data_file:s0
E/audit   ( 1860): type=1320 msg=audit(1570266487.417:376018): 
D/SecurityLogAgent:SEDenialService(  777): Got Modify Event and sending Denial Intent foraudit.log
D/SecurityLogAgent:SEDenialService(  777): audit.ondenial set to 0 after sending samsung.intent.action.knox.DENIAL_NOTIFICATION intent
E/PlayCommon(29180): [7092] ahnq.d(268): Failed to connect to server for server timestamp: java.net.UnknownHostException: Unable to resolve host "play.googleapis.com": No address associated with hostname
W/PlayCommon(29180): [7092] ahnq.a(1): No account for auth token provided
I/PlayCommon(29180): [7092] ahnq.d(109): Connecting to server: https://play.googleapis.com/play/log?format=raw&proto_v2=true
I/System.out(29180): (HTTPLog)-Static: isSBSettingEnabled false
E/PlayCommon(29180): [7092] ahnq.d(271): Failed to connect to server: java.net.UnknownHostException: Unable to resolve host "play.googleapis.com": No address associated with hostname
I/qdhwcomposer(  266): handle_blank_event: dpy:0 panel power state: 0
E/MotionRecognitionService(  777): Motion Thread--
E/MotionRecognitionService(  777): Motion Thread++
V/LpnetManagerService(  777): on AC power
D/KeyguardUpdateMonitor( 1184): received broadcast android.intent.action.BATTERY_CHANGED
D/KeyguardUpdateMonitor( 1184): handleBatteryUpdate
I/qdhwcomposer(  266): handle_blank_event: dpy:0 panel power state: 0
E/MotionRecognitionService(  777): Motion Thread--
E/MotionRecognitionService(  777): Motion Thread++
E/SMD     (  303): connect error:13
E/audit   ( 1860): type=1400 msg=audit(1570266507.350:376019): avc:  denied  { connectto } for  pid=1083 comm="smdexe" path="/data/.socket_stream" scontext=u:r:smdexe:s0 tcontext=u:r:init:s0 tclass=unix_stream_socket
D/SecurityLogAgent:SEDenialService(  777): Got Modify Event and sending Denial Intent foraudit.log
E/audit   ( 1860):  SEPF_SM-N9005_5.0-2_0065
E/audit   ( 1860): 
E/audit   ( 1860): type=1300 msg=audit(1570266507.350:376019): arch=40000028 syscall=283 per=800000 success=no exit=-13 a0=a a1=b69f1cfc a2=6e a3=b6f87904 items=1 ppid=1 ppcomm=init pid=1083 auid=4294967295 uid=1000 gid=1000 euid=1000 suid=1000 fsuid=1000 egid=1000 sgid=1000 fsgid=1000 tty=(none) ses=4294967295 comm="smdexe" exe="/system/bin/smdexe" subj=u:r:smdexe:s0 key=(null)
E/audit   ( 1860): type=1306 msg=audit(1570266507.350:376019): saddr=01002F646174612F2E736F636B65745F73747265616D00000000000000000000000000000000000000000000000000000000000000000000000000000000000000000000000000000000000000000000000000000000000000000000000000000000000000000000000000000000
E/audit   ( 1860): type=1302 msg=audit(1570266507.350:376019): item=0 name=(null) inode=13 dev=b3:1a mode=0140700 ouid=1000 ogid=1000 rdev=00:00 obj=u:object_r:system_data_file:s0
E/audit   ( 1860): type=1320 msg=audit(1570266507.350:376019): 
D/SecurityLogAgent:SEDenialService(  777): audit.ondenial set to 0 after sending samsung.intent.action.knox.DENIAL_NOTIFICATION intent
V/LpnetManagerService(  777): on AC power
D/KeyguardUpdateMonitor( 1184): received broadcast android.intent.action.BATTERY_CHANGED
D/KeyguardUpdateMonitor( 1184): handleBatteryUpdate
E/MotionRecognitionService(  777): Motion Thread--
E/MotionRecognitionService(  777): Motion Thread++
I/qdhwcomposer(  266): handle_blank_event: dpy:0 panel power state: 0
V/LpnetManagerService(  777): on AC power
D/KeyguardUpdateMonitor( 1184): received broadcast android.intent.action.BATTERY_CHANGED
D/KeyguardUpdateMonitor( 1184): handleBatteryUpdate
D/FileWriteThread_Telephony( 1414): FileWriteThread : threadType = 3
E/SMD     (  303): connect error:13
E/audit   ( 1860): type=1400 msg=audit(1570266512.557:376020): avc:  denied  { connectto } for  pid=1083 comm="smdexe" path="/data/.socket_stream" scontext=u:r:smdexe:s0 tcontext=u:r:init:s0 tclass=unix_stream_socket
E/audit   ( 1860):  SEPF_SM-N9005_5.0-2_0065
E/audit   ( 1860): 
D/SecurityLogAgent:SEDenialService(  777): Got Modify Event and sending Denial Intent foraudit.log
E/audit   ( 1860): type=1300 msg=audit(1570266512.557:376020): arch=40000028 syscall=283 per=800000 success=no exit=-13 a0=a a1=b69f1cfc a2=6e a3=b6f87904 items=1 ppid=1 ppcomm=init pid=1083 auid=4294967295 uid=1000 gid=1000 euid=1000 suid=1000 fsuid=1000 egid=1000 sgid=1000 fsgid=1000 tty=(none) ses=4294967295 comm="smdexe" exe="/system/bin/smdexe" subj=u:r:smdexe:s0 key=(null)
E/audit   ( 1860): type=1306 msg=audit(1570266512.557:376020): saddr=01002F646174612F2E736F636B65745F73747265616D00000000000000000000000000000000000000000000000000000000000000000000000000000000000000000000000000000000000000000000000000000000000000000000000000000000000000000000000000000000
E/audit   ( 1860): type=1302 msg=audit(1570266512.557:376020): item=0 name=(null) inode=13 dev=b3:1a mode=0140700 ouid=1000 ogid=1000 rdev=00:00 obj=u:object_r:system_data_file:s0
E/audit   ( 1860): type=1320 msg=audit(1570266512.557:376020): 
D/SecurityLogAgent:SEDenialService(  777): audit.ondenial set to 0 after sending samsung.intent.action.knox.DENIAL_NOTIFICATION intent
E/SMD     (  303): connect error:13
I/qdhwcomposer(  266): handle_blank_event: dpy:0 panel power state: 0
E/audit   ( 1860): type=1400 msg=audit(1570266518.097:376021): avc:  denied  { connectto } for  pid=1083 comm="smdexe" path="/data/.socket_stream" scontext=u:r:smdexe:s0 tcontext=u:r:init:s0 tclass=unix_stream_socket
E/audit   ( 1860):  SEPF_SM-N9005_5.0-2_0065
E/audit   ( 1860): 
E/audit   ( 1860): type=1300 msg=audit(1570266518.097:376021): arch=40000028 syscall=283 per=800000 success=no exit=-13 a0=a a1=b69f1cfc a2=6e a3=b6f87904 items=1 ppid=1 ppcomm=init pid=1083 auid=4294967295 uid=1000 gid=1000 euid=1000 suid=1000 fsuid=1000 egid=1000 sgid=1000 fsgid=1000 tty=(none) ses=4294967295 comm="smdexe" exe="/system/bin/smdexe" subj=u:r:smdexe:s0 key=(null)
E/audit   ( 1860): type=1306 msg=audit(1570266518.097:376021): saddr=01002F646174612F2E736F636B65745F73747265616D00000000000000000000000000000000000000000000000000000000000000000000000000000000000000000000000000000000000000000000000000000000000000000000000000000000000000000000000000000000
E/audit   ( 1860): type=1302 msg=audit(1570266518.097:376021): item=0 name=(null) inode=13 dev=b3:1a mode=0140700 ouid=1000 ogid=1000 rdev=00:00 obj=u:object_r:system_data_file:s0
E/audit   ( 1860): type=1320 msg=audit(1570266518.097:376021): 
D/SecurityLogAgent:SEDenialService(  777): Got Modify Event and sending Denial Intent foraudit.log
E/MotionRecognitionService(  777): Motion Thread--
E/MotionRecognitionService(  777): Motion Thread++
D/SecurityLogAgent:SEDenialService(  777): audit.ondenial set to 0 after sending samsung.intent.action.knox.DENIAL_NOTIFICATION intent
V/LpnetManagerService(  777): on AC power
D/KeyguardUpdateMonitor( 1184): received broadcast android.intent.action.BATTERY_CHANGED
D/KeyguardUpdateMonitor( 1184): handleBatteryUpdate
I/qdhwcomposer(  266): handle_blank_event: dpy:0 panel power state: 0
E/MotionRecognitionService(  777): Motion Thread--
E/MotionRecognitionService(  777): Motion Thread++
V/LpnetManagerService(  777): on AC power
D/KeyguardUpdateMonitor( 1184): received broadcast android.intent.action.BATTERY_CHANGED
D/KeyguardUpdateMonitor( 1184): handleBatteryUpdate
W/KeyguardSecurityViewFlipper( 1184): onMeasure: widthSpec MeasureSpec: EXACTLY 1080 should be AT_MOST
W/KeyguardSecurityViewFlipper( 1184): onMeasure: heightSpec MeasureSpec: EXACTLY 1155 should be AT_MOST
I/qdhwcomposer(  266): handle_blank_event: dpy:0 panel power state: 0
E/MotionRecognitionService(  777): Motion Thread--
E/MotionRecognitionService(  777): Motion Thread++
V/LpnetManagerService(  777): on AC power
D/KeyguardUpdateMonitor( 1184): received broadcast android.intent.action.BATTERY_CHANGED
D/KeyguardUpdateMonitor( 1184): handleBatteryUpdate
E/SMD     (  303): connect error:13
E/MotionRecognitionService(  777): Motion Thread--
E/MotionRecognitionService(  777): Motion Thread++
E/libsuspend(  777): Error writing to /sys/power/state: Device or resource busy
E/SMD     (  303): connect error:13
E/audit   ( 1860): type=1400 msg=audit(1570266537.659:376022): avc:  denied  { connectto } for  pid=1083 comm="smdexe" path="/data/.socket_stream" scontext=u:r:smdexe:s0 tcontext=u:r:init:s0 tclass=unix_stream_socket
E/audit   ( 1860):  SEPF_SM-N9005_5.0-2_0065
E/audit   ( 1860): 
E/audit   ( 1860): type=1300 msg=audit(1570266537.659:376022): arch=40000028 syscall=283 per=800000 success=no exit=-13 a0=a a1=b69f1cfc a2=6e a3=b6f87904 items=1 ppid=1 ppcomm=init pid=1083 auid=4294967295 uid=1000 gid=1000 euid=1000 suid=1000 fsuid=1000 egid=1000 sgid=1000 fsgid=1000 tty=(none) ses=4294967295 comm="smdexe" exe="/system/bin/smdexe" subj=u:r:smdexe:s0 key=(null)
E/audit   ( 1860): type=1306 msg=audit(1570266537.659:376022): saddr=01002F646174612F2E736F636B65745F73747265616D00000000000000000000000000000000000000000000000000000000000000000000000000000000000000000000000000000000000000000000000000000000000000000000000000000000000000000000000000000000
E/audit   ( 1860): type=1302 msg=audit(1570266537.659:376022): item=0 name=(null) inode=13 dev=b3:1a mode=0140700 ouid=1000 ogid=1000 rdev=00:00 obj=u:object_r:system_data_file:s0
E/audit   ( 1860): type=1320 msg=audit(1570266537.659:376022): 
D/SecurityLogAgent:SEDenialService(  777): Got Modify Event and sending Denial Intent foraudit.log
E/audit   ( 1860): type=1400 msg=audit(1570266538.669:376023): avc:  denied  { connectto } for  pid=1083 comm="smdexe" path="/data/.socket_stream" scontext=u:r:smdexe:s0 tcontext=u:r:init:s0 tclass=unix_stream_socket
E/audit   ( 1860):  SEPF_SM-N9005_5.0-2_0065
E/audit   ( 1860): 
E/audit   ( 1860): type=1300 msg=audit(1570266538.669:376023): arch=40000028 syscall=283 per=800000 success=no exit=-13 a0=a a1=b69f1cfc a2=6e a3=b6f87904 items=1 ppid=1 ppcomm=init pid=1083 auid=4294967295 uid=1000 gid=1000 euid=1000 suid=1000 fsuid=1000 egid=1000 sgid=1000 fsgid=1000 tty=(none) ses=4294967295 comm="smdexe" exe="/system/bin/smdexe" subj=u:r:smdexe:s0 key=(null)
E/audit   ( 1860): type=1306 msg=audit(1570266538.669:376023): saddr=01002F646174612F2E736F636B65745F73747265616D00000000000000000000000000000000000000000000000000000000000000000000000000000000000000000000000000000000000000000000000000000000000000000000000000000000000000000000000000000000
E/audit   ( 1860): type=1302 msg=audit(1570266538.669:376023): item=0 name=(null) inode=13 dev=b3:1a mode=0140700 ouid=1000 ogid=1000 rdev=00:00 obj=u:object_r:system_data_file:s0
E/audit   ( 1860): type=1320 msg=audit(1570266538.669:376023): 
D/SecurityLogAgent:SEDenialService(  777): audit.ondenial set to 0 after sending samsung.intent.action.knox.DENIAL_NOTIFICATION intent
D/KeyguardUpdateMonitor( 1184): received broadcast android.intent.action.TIME_TICK
D/KeyguardUpdateMonitor( 1184): handleTimeUpdate
D/KeyguardEffectViewController( 1184): onReceive action : android.intent.action.TIME_TICK
I/KeyguardEffectViewController( 1184): *** don't update sliding image ***
E/WakeLock( 1556): GCM_HB_ALARM release without a matched acquire!
W/WakeLock( 1556): GCM_HB_ALARM counter does not exist
E/WakeLock( 1556): GCM_CONN_ALARM release without a matched acquire!
D/DateView( 1184): regionalDateFormat = 22.11.3333 isRTLlanguage = false returnDateFormat = E, d MMMM
D/DateView( 1184): regionalDateFormat = 22.11.3333 isRTLlanguage = false returnDateFormat = E, d MMMM
E/SMD     (  303): connect error:13
E/audit   ( 1860): type=1400 msg=audit(1570266539.999:376024): avc:  denied  { connectto } for  pid=1083 comm="smdexe" path="/data/.socket_stream" scontext=u:r:smdexe:s0 tcontext=u:r:init:s0 tclass=unix_stream_socket
E/audit   ( 1860):  SEPF_SM-N9005_5.0-2_0065
E/audit   ( 1860): 
E/audit   ( 1860): type=1300 msg=audit(1570266539.999:376024): arch=40000028 syscall=283 per=800000 success=no exit=-13 a0=a a1=b69f1cfc a2=6e a3=b6f87904 items=1 ppid=1 ppcomm=init pid=1083 auid=4294967295 uid=1000 gid=1000 euid=1000 suid=1000 fsuid=1000 egid=1000 sgid=1000 fsgid=1000 tty=(none) ses=4294967295 comm="smdexe" exe="/system/bin/smdexe" subj=u:r:smdexe:s0 key=(null)
E/audit   ( 1860): type=1306 msg=audit(1570266539.999:376024): saddr=01002F646174612F2E736F636B65745F73747265616D00000000000000000000000000000000000000000000000000000000000000000000000000000000000000000000000000000000000000000000000000000000000000000000000000000000000000000000000000000000
E/audit   ( 1860): type=1302 msg=audit(1570266539.999:376024): item=0 name=(null) inode=13 dev=b3:1a mode=0140700 ouid=1000 ogid=1000 rdev=00:00 obj=u:object_r:system_data_file:s0
E/audit   ( 1860): type=1320 msg=audit(1570266539.999:376024): 
E/libsuspend(  777): Error writing to /sys/power/state: Device or resource busy
E/MotionRecognitionService(  777): Motion Thread--
E/MotionRecognitionService(  777): Motion Thread++
D/SecurityLogAgent:SEDenialService(  777): Got Modify Event and sending Denial Intent foraudit.log
I/qdhwcomposer(  266): handle_blank_event: dpy:0 panel power state: 0
E/MotionRecognitionService(  777): Motion Thread--
E/MotionRecognitionService(  777): Motion Thread++
D/SecurityLogAgent:SEDenialService(  777): audit.ondenial set to 0 after sending samsung.intent.action.knox.DENIAL_NOTIFICATION intent
I/Choreographer( 1184): Skipped 62 frames!  The application may be doing too much work on its main thread.
D/KeyguardUpdateMonitor( 1184): received broadcast android.intent.action.BATTERY_CHANGED
D/KeyguardUpdateMonitor( 1184): handleBatteryUpdate
V/LpnetManagerService(  777): on AC power
I/qdhwcomposer(  266): handle_blank_event: dpy:0 panel power state: 0
E/MotionRecognitionService(  777): Motion Thread--
E/MotionRecognitionService(  777): Motion Thread++
D/KeyguardUpdateMonitor( 1184): received broadcast android.intent.action.TIME_TICK
D/KeyguardUpdateMonitor( 1184): handleTimeUpdate
D/KeyguardEffectViewController( 1184): onReceive action : android.intent.action.TIME_TICK
I/KeyguardEffectViewController( 1184): *** don't update sliding image ***
V/LpnetManagerService(  777): on AC power
D/KeyguardUpdateMonitor( 1184): received broadcast android.intent.action.BATTERY_CHANGED
D/KeyguardUpdateMonitor( 1184): handleBatteryUpdate
D/DateView( 1184): regionalDateFormat = 22.11.3333 isRTLlanguage = false returnDateFormat = E, d MMMM
D/DateView( 1184): regionalDateFormat = 22.11.3333 isRTLlanguage = false returnDateFormat = E, d MMMM
E/SMD     (  303): connect error:13
E/audit   ( 1860): type=1400 msg=audit(1570266553.080:376025): avc:  denied  { connectto } for  pid=1083 comm="smdexe" path="/data/.socket_stream" scontext=u:r:smdexe:s0 tcontext=u:r:init:s0 tclass=unix_stream_socket
D/SecurityLogAgent:SEDenialService(  777): Got Modify Event and sending Denial Intent foraudit.log
E/audit   ( 1860):  SEPF_SM-N9005_5.0-2_0065
E/audit   ( 1860): 
E/audit   ( 1860): type=1300 msg=audit(1570266553.080:376025): arch=40000028 syscall=283 per=800000 success=no exit=-13 a0=a a1=b69f1cfc a2=6e a3=b6f87904 items=1 ppid=1 ppcomm=init pid=1083 auid=4294967295 uid=1000 gid=1000 euid=1000 suid=1000 fsuid=1000 egid=1000 sgid=1000 fsgid=1000 tty=(none) ses=4294967295 comm="smdexe" exe="/system/bin/smdexe" subj=u:r:smdexe:s0 key=(null)
E/audit   ( 1860): type=1306 msg=audit(1570266553.080:376025): saddr=01002F646174612F2E736F636B65745F73747265616D00000000000000000000000000000000000000000000000000000000000000000000000000000000000000000000000000000000000000000000000000000000000000000000000000000000000000000000000000000000
E/audit   ( 1860): type=1302 msg=audit(1570266553.080:376025): item=0 name=(null) inode=13 dev=b3:1a mode=0140700 ouid=1000 ogid=1000 rdev=00:00 obj=u:object_r:system_data_file:s0
D/SecurityLogAgent:SEDenialService(  777): audit.ondenial set to 0 after sending samsung.intent.action.knox.DENIAL_NOTIFICATION intent
E/audit   ( 1860): type=1320 msg=audit(1570266553.080:376025): 
E/MotionRecognitionService(  777): Motion Thread--
E/MotionRecognitionService(  777): Motion Thread++
E/libsuspend(  777): Error writing to /sys/power/state: Device or resource busy
E/SMD     (  303): connect error:13
E/audit   ( 1860): type=1400 msg=audit(1570266554.090:376026): avc:  denied  { connectto } for  pid=1083 comm="smdexe" path="/data/.socket_stream" scontext=u:r:smdexe:s0 tcontext=u:r:init:s0 tclass=unix_stream_socket
E/audit   ( 1860):  SEPF_SM-N9005_5.0-2_0065
E/audit   ( 1860): 
E/audit   ( 1860): type=1300 msg=audit(1570266554.090:376026): arch=40000028 syscall=283 per=800000 success=no exit=-13 a0=a a1=b69f1cfc a2=6e a3=b6f87904 items=1 ppid=1 ppcomm=init pid=1083 auid=4294967295 uid=1000 gid=1000 euid=1000 suid=1000 fsuid=1000 egid=1000 sgid=1000 fsgid=1000 tty=(none) ses=4294967295 comm="smdexe" exe="/system/bin/smdexe" subj=u:r:smdexe:s0 key=(null)
E/audit   ( 1860): type=1306 msg=audit(1570266554.090:376026): saddr=01002F646174612F2E736F636B65745F73747265616D00000000000000000000000000000000000000000000000000000000000000000000000000000000000000000000000000000000000000000000000000000000000000000000000000000000000000000000000000000000
E/audit   ( 1860): type=1302 msg=audit(1570266554.090:376026): item=0 name=(null) inode=13 dev=b3:1a mode=0140700 ouid=1000 ogid=1000 rdev=00:00 obj=u:object_r:system_data_file:s0
D/SecurityLogAgent:SEDenialService(  777): Got Modify Event and sending Denial Intent foraudit.log
E/audit   ( 1860): type=1320 msg=audit(1570266554.090:376026): 
D/SecurityLogAgent:SEDenialService(  777): audit.ondenial set to 0 after sending samsung.intent.action.knox.DENIAL_NOTIFICATION intent
D/SecurityLogAgent:SEDenialService(  777): Got Moved To Event audit.old
D/SecurityLogAgent:SEDenialService(  777): Sending Denial Intent for zip
D/SecurityLogAgent:SEDenialService(  777): Got CLOSE_WRITE Event audit.old
E/audit   ( 1860): type=1400 msg=audit(1570266555.090:376027): avc:  denied  { connectto } for  pid=1083 comm="smdexe" path="/data/.socket_stream" scontext=u:r:smdexe:s0 tcontext=u:r:init:s0 tclass=unix_stream_socket
E/audit   ( 1860):  SEPF_SM-N9005_5.0-2_0065
E/audit   ( 1860): 
E/audit   ( 1860): type=1300 msg=audit(1570266555.090:376027): arch=40000028 syscall=283 per=800000 success=no exit=-13 a0=a a1=b69f1cfc a2=6e a3=b6f87904 items=1 ppid=1 ppcomm=init pid=1083 auid=4294967295 uid=1000 gid=1000 euid=1000 suid=1000 fsuid=1000 egid=1000 sgid=1000 fsgid=1000 tty=(none) ses=4294967295 comm="smdexe" exe="/system/bin/smdexe" subj=u:r:smdexe:s0 key=(null)
E/SMD     (  303): connect error:13
E/audit   ( 1860): type=1306 msg=audit(1570266555.090:376027): saddr=01002F646174612F2E736F636B65745F73747265616D00000000000000000000000000000000000000000000000000000000000000000000000000000000000000000000000000000000000000000000000000000000000000000000000000000000000000000000000000000000
E/audit   ( 1860): type=1302 msg=audit(1570266555.090:376027): item=0 name=(null) inode=13 dev=b3:1a mode=0140700 ouid=1000 ogid=1000 rdev=00:00 obj=u:object_r:system_data_file:s0
E/audit   ( 1860): type=1320 msg=audit(1570266555.090:376027): 
D/SecurityLogAgent:SEDenialService(  777): Got Modify Event and sending Denial Intent foraudit.log
D/SecurityLogAgent:SEDenialService(  777): audit.ondenial set to 0 after sending samsung.intent.action.knox.DENIAL_NOTIFICATION intent
E/SMD     (  303): connect error:13
E/audit   ( 1860): type=1400 msg=audit(1570266556.090:376028): avc:  denied  { connectto } for  pid=1083 comm="smdexe" path="/data/.socket_stream" scontext=u:r:smdexe:s0 tcontext=u:r:init:s0 tclass=unix_stream_socket
E/audit   ( 1860):  SEPF_SM-N9005_5.0-2_0065
E/audit   ( 1860): 
E/audit   ( 1860): type=1300 msg=audit(1570266556.090:376028): arch=40000028 syscall=283 per=800000 success=no exit=-13 a0=a a1=b69f1cfc a2=6e a3=b6f87904 items=1 ppid=1 ppcomm=init pid=1083 auid=4294967295 uid=1000 gid=1000 euid=1000 suid=1000 fsuid=1000 egid=1000 sgid=1000 fsgid=1000 tty=(none) ses=4294967295 comm="smdexe" exe="/system/bin/smdexe" subj=u:r:smdexe:s0 key=(null)
E/audit   ( 1860): type=1306 msg=audit(1570266556.090:376028): saddr=01002F646174612F2E736F636B65745F73747265616D00000000000000000000000000000000000000000000000000000000000000000000000000000000000000000000000000000000000000000000000000000000000000000000000000000000000000000000000000000000
E/audit   ( 1860): type=1302 msg=audit(1570266556.090:376028): item=0 name=(null) inode=13 dev=b3:1a mode=0140700 ouid=1000 ogid=1000 rdev=00:00 obj=u:object_r:system_data_file:s0
E/audit   ( 1860): type=1320 msg=audit(1570266556.090:376028): 
D/SecurityLogAgent:SEDenialService(  777): Got Modify Event and sending Denial Intent foraudit.log
D/SecurityLogAgent:SEDenialService(  777): audit.ondenial set to 0 after sending samsung.intent.action.knox.DENIAL_NOTIFICATION intent
E/SMD     (  303): connect error:13
E/audit   ( 1860): type=1400 msg=audit(1570266557.100:376029): avc:  denied  { connectto } for  pid=1083 comm="smdexe" path="/data/.socket_stream" scontext=u:r:smdexe:s0 tcontext=u:r:init:s0 tclass=unix_stream_socket
E/audit   ( 1860):  SEPF_SM-N9005_5.0-2_0065
E/audit   ( 1860): 
E/audit   ( 1860): type=1300 msg=audit(1570266557.100:376029): arch=40000028 syscall=283 per=800000 success=no exit=-13 a0=a a1=b69f1cfc a2=6e a3=b6f87904 items=1 ppid=1 ppcomm=init pid=1083 auid=4294967295 uid=1000 gid=1000 euid=1000 suid=1000 fsuid=1000 egid=1000 sgid=1000 fsgid=1000 tty=(none) ses=4294967295 comm="smdexe" exe="/system/bin/smdexe" subj=u:r:smdexe:s0 key=(null)
E/audit   ( 1860): type=1306 msg=audit(1570266557.100:376029): saddr=01002F646174612F2E736F636B65745F73747265616D00000000000000000000000000000000000000000000000000000000000000000000000000000000000000000000000000000000000000000000000000000000000000000000000000000000000000000000000000000000
E/audit   ( 1860): type=1302 msg=audit(1570266557.100:376029): item=0 name=(null) inode=13 dev=b3:1a mode=0140700 ouid=1000 ogid=1000 rdev=00:00 obj=u:object_r:system_data_file:s0
E/audit   ( 1860): type=1320 msg=audit(1570266557.100:376029): 
D/SecurityLogAgent:SEDenialService(  777): Got Modify Event and sending Denial Intent foraudit.log
D/SecurityLogAgent:SEDenialService(  777): audit.ondenial set to 0 after sending samsung.intent.action.knox.DENIAL_NOTIFICATION intent
E/SMD     (  303): connect error:13
E/audit   ( 1860): type=1400 msg=audit(1570266558.100:376030): avc:  denied  { connectto } for  pid=1083 comm="smdexe" path="/data/.socket_stream" scontext=u:r:smdexe:s0 tcontext=u:r:init:s0 tclass=unix_stream_socket
E/audit   ( 1860):  SEPF_SM-N9005_5.0-2_0065
E/audit   ( 1860): 
E/audit   ( 1860): type=1300 msg=audit(1570266558.100:376030): arch=40000028 syscall=283 per=800000 success=no exit=-13 a0=a a1=b69f1cfc a2=6e a3=b6f87904 items=1 ppid=1 ppcomm=init pid=1083 auid=4294967295 uid=1000 gid=1000 euid=1000 suid=1000 fsuid=1000 egid=1000 sgid=1000 fsgid=1000 tty=(none) ses=4294967295 comm="smdexe" exe="/system/bin/smdexe" subj=u:r:smdexe:s0 key=(null)
E/audit   ( 1860): type=1306 msg=audit(1570266558.100:376030): saddr=01002F646174612F2E736F636B65745F73747265616D00000000000000000000000000000000000000000000000000000000000000000000000000000000000000000000000000000000000000000000000000000000000000000000000000000000000000000000000000000000
E/audit   ( 1860): type=1302 msg=audit(1570266558.100:376030): item=0 name=(null) inode=13 dev=b3:1a mode=0140700 ouid=1000 ogid=1000 rdev=00:00 obj=u:object_r:system_data_file:s0
E/audit   ( 1860): type=1320 msg=audit(1570266558.100:376030): 
D/SecurityLogAgent:SEDenialService(  777): Got Modify Event and sending Denial Intent foraudit.log
D/SecurityLogAgent:SEDenialService(  777): audit.ondenial set to 0 after sending samsung.intent.action.knox.DENIAL_NOTIFICATION intent
E/SMD     (  303): connect error:13
E/audit   ( 1860): type=1400 msg=audit(1570266559.100:376031): avc:  denied  { connectto } for  pid=1083 comm="smdexe" path="/data/.socket_stream" scontext=u:r:smdexe:s0 tcontext=u:r:init:s0 tclass=unix_stream_socket
E/audit   ( 1860):  SEPF_SM-N9005_5.0-2_0065
E/audit   ( 1860): 
E/audit   ( 1860): type=1300 msg=audit(1570266559.100:376031): arch=40000028 syscall=283 per=800000 success=no exit=-13 a0=a a1=b69f1cfc a2=6e a3=b6f87904 items=1 ppid=1 ppcomm=init pid=1083 auid=4294967295 uid=1000 gid=1000 euid=1000 suid=1000 fsuid=1000 egid=1000 sgid=1000 fsgid=1000 tty=(none) ses=4294967295 comm="smdexe" exe="/system/bin/smdexe" subj=u:r:smdexe:s0 key=(null)
E/audit   ( 1860): type=1306 msg=audit(1570266559.100:376031): saddr=01002F646174612F2E736F636B65745F73747265616D00000000000000000000000000000000000000000000000000000000000000000000000000000000000000000000000000000000000000000000000000000000000000000000000000000000000000000000000000000000
D/SecurityLogAgent:SEDenialService(  777): Got Modify Event and sending Denial Intent foraudit.log
E/audit   ( 1860): type=1302 msg=audit(1570266559.100:376031): item=0 name=(null) inode=13 dev=b3:1a mode=0140700 ouid=1000 ogid=1000 rdev=00:00 obj=u:object_r:system_data_file:s0
E/audit   ( 1860): type=1320 msg=audit(1570266559.100:376031): 
D/SecurityLogAgent:SEDenialService(  777): audit.ondenial set to 0 after sending samsung.intent.action.knox.DENIAL_NOTIFICATION intent
E/SMD     (  303): connect error:13
E/audit   ( 1860): type=1400 msg=audit(1570266560.100:376032): avc:  denied  { connectto } for  pid=1083 comm="smdexe" path="/data/.socket_stream" scontext=u:r:smdexe:s0 tcontext=u:r:init:s0 tclass=unix_stream_socket
E/audit   ( 1860):  SEPF_SM-N9005_5.0-2_0065
E/audit   ( 1860): 
E/audit   ( 1860): type=1300 msg=audit(1570266560.100:376032): arch=40000028 syscall=283 per=800000 success=no exit=-13 a0=a a1=b69f1cfc a2=6e a3=b6f87904 items=1 ppid=1 ppcomm=init pid=1083 auid=4294967295 uid=1000 gid=1000 euid=1000 suid=1000 fsuid=1000 egid=1000 sgid=1000 fsgid=1000 tty=(none) ses=4294967295 comm="smdexe" exe="/system/bin/smdexe" subj=u:r:smdexe:s0 key=(null)
E/audit   ( 1860): type=1306 msg=audit(1570266560.100:376032): saddr=01002F646174612F2E736F636B65745F73747265616D00000000000000000000000000000000000000000000000000000000000000000000000000000000000000000000000000000000000000000000000000000000000000000000000000000000000000000000000000000000
E/audit   ( 1860): type=1302 msg=audit(1570266560.100:376032): item=0 name=(null) inode=13 dev=b3:1a mode=0140700 ouid=1000 ogid=1000 rdev=00:00 obj=u:object_r:system_data_file:s0
E/audit   ( 1860): type=1320 msg=audit(1570266560.100:376032): 
D/SecurityLogAgent:SEDenialService(  777): Got Modify Event and sending Denial Intent foraudit.log
D/SecurityLogAgent:SEDenialService(  777): audit.ondenial set to 0 after sending samsung.intent.action.knox.DENIAL_NOTIFICATION intent
E/SMD     (  303): connect error:13
E/audit   ( 1860): type=1400 msg=audit(1570266561.110:376033): avc:  denied  { connectto } for  pid=1083 comm="smdexe" path="/data/.socket_stream" scontext=u:r:smdexe:s0 tcontext=u:r:init:s0 tclass=unix_stream_socket
E/audit   ( 1860):  SEPF_SM-N9005_5.0-2_0065
E/audit   ( 1860): 
E/audit   ( 1860): type=1300 msg=audit(1570266561.110:376033): arch=40000028 syscall=283 per=800000 success=no exit=-13 a0=a a1=b69f1cfc a2=6e a3=b6f87904 items=1 ppid=1 ppcomm=init pid=1083 auid=4294967295 uid=1000 gid=1000 euid=1000 suid=1000 fsuid=1000 egid=1000 sgid=1000 fsgid=1000 tty=(none) ses=4294967295 comm="smdexe" exe="/system/bin/smdexe" subj=u:r:smdexe:s0 key=(null)
D/SecurityLogAgent:SEDenialService(  777): Got Modify Event and sending Denial Intent foraudit.log
E/audit   ( 1860): type=1306 msg=audit(1570266561.110:376033): saddr=01002F646174612F2E736F636B65745F73747265616D00000000000000000000000000000000000000000000000000000000000000000000000000000000000000000000000000000000000000000000000000000000000000000000000000000000000000000000000000000000
E/audit   ( 1860): type=1302 msg=audit(1570266561.110:376033): item=0 name=(null) inode=13 dev=b3:1a mode=0140700 ouid=1000 ogid=1000 rdev=00:00 obj=u:object_r:system_data_file:s0
E/audit   ( 1860): type=1320 msg=audit(1570266561.110:376033): 
D/SecurityLogAgent:SEDenialService(  777): audit.ondenial set to 0 after sending samsung.intent.action.knox.DENIAL_NOTIFICATION intent
E/SMD     (  303): connect error:13
E/audit   ( 1860): type=1400 msg=audit(1570266562.110:376034): avc:  denied  { connectto } for  pid=1083 comm="smdexe" path="/data/.socket_stream" scontext=u:r:smdexe:s0 tcontext=u:r:init:s0 tclass=unix_stream_socket
E/audit   ( 1860):  SEPF_SM-N9005_5.0-2_0065
E/audit   ( 1860): 
E/audit   ( 1860): type=1300 msg=audit(1570266562.110:376034): arch=40000028 syscall=283 per=800000 success=no exit=-13 a0=a a1=b69f1cfc a2=6e a3=b6f87904 items=1 ppid=1 ppcomm=init pid=1083 auid=4294967295 uid=1000 gid=1000 euid=1000 suid=1000 fsuid=1000 egid=1000 sgid=1000 fsgid=1000 tty=(none) ses=4294967295 comm="smdexe" exe="/system/bin/smdexe" subj=u:r:smdexe:s0 key=(null)
E/audit   ( 1860): type=1306 msg=audit(1570266562.110:376034): saddr=01002F646174612F2E736F636B65745F73747265616D00000000000000000000000000000000000000000000000000000000000000000000000000000000000000000000000000000000000000000000000000000000000000000000000000000000000000000000000000000000
E/audit   ( 1860): type=1302 msg=audit(1570266562.110:376034): item=0 name=(null) inode=13 dev=b3:1a mode=0140700 ouid=1000 ogid=1000 rdev=00:00 obj=u:object_r:system_data_file:s0
E/audit   ( 1860): type=1320 msg=audit(1570266562.110:376034): 
D/SecurityLogAgent:SEDenialService(  777): Got Modify Event and sending Denial Intent foraudit.log
D/SecurityLogAgent:SEDenialService(  777): audit.ondenial set to 0 after sending samsung.intent.action.knox.DENIAL_NOTIFICATION intent
E/SMD     (  303): connect error:13
E/audit   ( 1860): type=1400 msg=audit(1570266563.110:376035): avc:  denied  { connectto } for  pid=1083 comm="smdexe" path="/data/.socket_stream" scontext=u:r:smdexe:s0 tcontext=u:r:init:s0 tclass=unix_stream_socket
E/audit   ( 1860):  SEPF_SM-N9005_5.0-2_0065
E/audit   ( 1860): 
E/audit   ( 1860): type=1300 msg=audit(1570266563.110:376035): arch=40000028 syscall=283 per=800000 success=no exit=-13 a0=a a1=b69f1cfc a2=6e a3=b6f87904 items=1 ppid=1 ppcomm=init pid=1083 auid=4294967295 uid=1000 gid=1000 euid=1000 suid=1000 fsuid=1000 egid=1000 sgid=1000 fsgid=1000 tty=(none) ses=4294967295 comm="smdexe" exe="/system/bin/smdexe" subj=u:r:smdexe:s0 key=(null)
E/audit   ( 1860): type=1306 msg=audit(1570266563.110:376035): saddr=01002F646174612F2E736F636B65745F73747265616D00000000000000000000000000000000000000000000000000000000000000000000000000000000000000000000000000000000000000000000000000000000000000000000000000000000000000000000000000000000
E/audit   ( 1860): type=1302 msg=audit(1570266563.110:376035): item=0 name=(null) inode=13 dev=b3:1a mode=0140700 ouid=1000 ogid=1000 rdev=00:00 obj=u:object_r:system_data_file:s0
E/audit   ( 1860): type=1320 msg=audit(1570266563.110:376035): 
D/SecurityLogAgent:SEDenialService(  777): Got Modify Event and sending Denial Intent foraudit.log
D/SecurityLogAgent:SEDenialService(  777): audit.ondenial set to 0 after sending samsung.intent.action.knox.DENIAL_NOTIFICATION intent
V/LpnetManagerService(  777): on AC power
D/KeyguardUpdateMonitor( 1184): received broadcast android.intent.action.BATTERY_CHANGED
D/KeyguardUpdateMonitor( 1184): handleBatteryUpdate
E/SMD     (  303): connect error:13
E/audit   ( 1860): type=1400 msg=audit(1570266564.110:376036): avc:  denied  { connectto } for  pid=1083 comm="smdexe" path="/data/.socket_stream" scontext=u:r:smdexe:s0 tcontext=u:r:init:s0 tclass=unix_stream_socket
E/audit   ( 1860):  SEPF_SM-N9005_5.0-2_0065
E/audit   ( 1860): 
E/audit   ( 1860): type=1300 msg=audit(1570266564.110:376036): arch=40000028 syscall=283 per=800000 success=no exit=-13 a0=a a1=b69f1cfc a2=6e a3=b6f87904 items=1 ppid=1 ppcomm=init pid=1083 auid=4294967295 uid=1000 gid=1000 euid=1000 suid=1000 fsuid=1000 egid=1000 sgid=1000 fsgid=1000 tty=(none) ses=4294967295 comm="smdexe" exe="/system/bin/smdexe" subj=u:r:smdexe:s0 key=(null)
E/audit   ( 1860): type=1306 msg=audit(1570266564.110:376036): saddr=01002F646174612F2E736F636B65745F73747265616D00000000000000000000000000000000000000000000000000000000000000000000000000000000000000000000000000000000000000000000000000000000000000000000000000000000000000000000000000000000
D/SecurityLogAgent:SEDenialService(  777): Got Modify Event and sending Denial Intent foraudit.log
E/audit   ( 1860): type=1302 msg=audit(1570266564.110:376036): item=0 name=(null) inode=13 dev=b3:1a mode=0140700 ouid=1000 ogid=1000 rdev=00:00 obj=u:object_r:system_data_file:s0
E/audit   ( 1860): type=1320 msg=audit(1570266564.110:376036): 
D/SecurityLogAgent:SEDenialService(  777): audit.ondenial set to 0 after sending samsung.intent.action.knox.DENIAL_NOTIFICATION intent
E/SMD     (  303): connect error:13
E/audit   ( 1860): type=1400 msg=audit(1570266565.120:376037): avc:  denied  { connectto } for  pid=1083 comm="smdexe" path="/data/.socket_stream" scontext=u:r:smdexe:s0 tcontext=u:r:init:s0 tclass=unix_stream_socket
E/audit   ( 1860):  SEPF_SM-N9005_5.0-2_0065
E/audit   ( 1860): 
E/audit   ( 1860): type=1300 msg=audit(1570266565.120:376037): arch=40000028 syscall=283 per=800000 success=no exit=-13 a0=a a1=b69f1cfc a2=6e a3=b6f87904 items=1 ppid=1 ppcomm=init pid=1083 auid=4294967295 uid=1000 gid=1000 euid=1000 suid=1000 fsuid=1000 egid=1000 sgid=1000 fsgid=1000 tty=(none) ses=4294967295 comm="smdexe" exe="/system/bin/smdexe" subj=u:r:smdexe:s0 key=(null)
E/audit   ( 1860): type=1306 msg=audit(1570266565.120:376037): saddr=01002F646174612F2E736F636B65745F73747265616D00000000000000000000000000000000000000000000000000000000000000000000000000000000000000000000000000000000000000000000000000000000000000000000000000000000000000000000000000000000
E/audit   ( 1860): type=1302 msg=audit(1570266565.120:376037): item=0 name=(null) inode=13 dev=b3:1a mode=0140700 ouid=1000 ogid=1000 rdev=00:00 obj=u:object_r:system_data_file:s0
E/audit   ( 1860): type=1320 msg=audit(1570266565.120:376037): 
D/SecurityLogAgent:SEDenialService(  777): Got Modify Event and sending Denial Intent foraudit.log
D/SecurityLogAgent:SEDenialService(  777): audit.ondenial set to 0 after sending samsung.intent.action.knox.DENIAL_NOTIFICATION intent
E/SMD     (  303): connect error:13
E/audit   ( 1860): type=1400 msg=audit(1570266566.120:376038): avc:  denied  { connectto } for  pid=1083 comm="smdexe" path="/data/.socket_stream" scontext=u:r:smdexe:s0 tcontext=u:r:init:s0 tclass=unix_stream_socket
E/audit   ( 1860):  SEPF_SM-N9005_5.0-2_0065
E/audit   ( 1860): 
E/audit   ( 1860): type=1300 msg=audit(1570266566.120:376038): arch=40000028 syscall=283 per=800000 success=no exit=-13 a0=a a1=b69f1cfc a2=6e a3=b6f87904 items=1 ppid=1 ppcomm=init pid=1083 auid=4294967295 uid=1000 gid=1000 euid=1000 suid=1000 fsuid=1000 egid=1000 sgid=1000 fsgid=1000 tty=(none) ses=4294967295 comm="smdexe" exe="/system/bin/smdexe" subj=u:r:smdexe:s0 key=(null)
E/audit   ( 1860): type=1306 msg=audit(1570266566.120:376038): saddr=01002F646174612F2E736F636B65745F73747265616D00000000000000000000000000000000000000000000000000000000000000000000000000000000000000000000000000000000000000000000000000000000000000000000000000000000000000000000000000000000
E/audit   ( 1860): type=1302 msg=audit(1570266566.120:376038): item=0 name=(null) inode=13 dev=b3:1a mode=0140700 ouid=1000 ogid=1000 rdev=00:00 obj=u:object_r:system_data_file:s0
E/audit   ( 1860): type=1320 msg=audit(1570266566.120:376038): 
D/SecurityLogAgent:SEDenialService(  777): Got Modify Event and sending Denial Intent foraudit.log
D/SecurityLogAgent:SEDenialService(  777): audit.ondenial set to 0 after sending samsung.intent.action.knox.DENIAL_NOTIFICATION intent
E/SMD     (  303): connect error:13
E/audit   ( 1860): type=1400 msg=audit(1570266567.130:376039): avc:  denied  { connectto } for  pid=1083 comm="smdexe" path="/data/.socket_stream" scontext=u:r:smdexe:s0 tcontext=u:r:init:s0 tclass=unix_stream_socket
E/audit   ( 1860):  SEPF_SM-N9005_5.0-2_0065
E/audit   ( 1860): 
E/audit   ( 1860): type=1300 msg=audit(1570266567.130:376039): arch=40000028 syscall=283 per=800000 success=no exit=-13 a0=a a1=b69f1cfc a2=6e a3=b6f87904 items=1 ppid=1 ppcomm=init pid=1083 auid=4294967295 uid=1000 gid=1000 euid=1000 suid=1000 fsuid=1000 egid=1000 sgid=1000 fsgid=1000 tty=(none) ses=4294967295 comm="smdexe" exe="/system/bin/smdexe" subj=u:r:smdexe:s0 key=(null)
E/audit   ( 1860): type=1306 msg=audit(1570266567.130:376039): saddr=01002F646174612F2E736F636B65745F73747265616D00000000000000000000000000000000000000000000000000000000000000000000000000000000000000000000000000000000000000000000000000000000000000000000000000000000000000000000000000000000
E/audit   ( 1860): type=1302 msg=audit(1570266567.130:376039): item=0 name=(null) inode=13 dev=b3:1a mode=0140700 ouid=1000 ogid=1000 rdev=00:00 obj=u:object_r:system_data_file:s0
E/audit   ( 1860): type=1320 msg=audit(1570266567.130:376039): 
D/SecurityLogAgent:SEDenialService(  777): Got Modify Event and sending Denial Intent foraudit.log
D/SecurityLogAgent:SEDenialService(  777): audit.ondenial set to 0 after sending samsung.intent.action.knox.DENIAL_NOTIFICATION intent
E/SMD     (  303): connect error:13
E/audit   ( 1860): type=1400 msg=audit(1570266568.130:376040): avc:  denied  { connectto } for  pid=1083 comm="smdexe" path="/data/.socket_stream" scontext=u:r:smdexe:s0 tcontext=u:r:init:s0 tclass=unix_stream_socket
E/audit   ( 1860):  SEPF_SM-N9005_5.0-2_0065
E/audit   ( 1860): 
E/audit   ( 1860): type=1300 msg=audit(1570266568.130:376040): arch=40000028 syscall=283 per=800000 success=no exit=-13 a0=a a1=b69f1cfc a2=6e a3=b6f87904 items=1 ppid=1 ppcomm=init pid=1083 auid=4294967295 uid=1000 gid=1000 euid=1000 suid=1000 fsuid=1000 egid=1000 sgid=1000 fsgid=1000 tty=(none) ses=4294967295 comm="smdexe" exe="/system/bin/smdexe" subj=u:r:smdexe:s0 key=(null)
E/audit   ( 1860): type=1306 msg=audit(1570266568.130:376040): saddr=01002F646174612F2E736F636B65745F73747265616D00000000000000000000000000000000000000000000000000000000000000000000000000000000000000000000000000000000000000000000000000000000000000000000000000000000000000000000000000000000
E/audit   ( 1860): type=1302 msg=audit(1570266568.130:376040): item=0 name=(null) inode=13 dev=b3:1a mode=0140700 ouid=1000 ogid=1000 rdev=00:00 obj=u:object_r:system_data_file:s0
E/audit   ( 1860): type=1320 msg=audit(1570266568.130:376040): 
D/SecurityLogAgent:SEDenialService(  777): Got Modify Event and sending Denial Intent foraudit.log
D/SecurityLogAgent:SEDenialService(  777): audit.ondenial set to 0 after sending samsung.intent.action.knox.DENIAL_NOTIFICATION intent
E/SMD     (  303): connect error:13
E/audit   ( 1860): type=1400 msg=audit(1570266569.130:376041): avc:  denied  { connectto } for  pid=1083 comm="smdexe" path="/data/.socket_stream" scontext=u:r:smdexe:s0 tcontext=u:r:init:s0 tclass=unix_stream_socket
E/audit   ( 1860):  SEPF_SM-N9005_5.0-2_0065
E/audit   ( 1860): 
E/audit   ( 1860): type=1300 msg=audit(1570266569.130:376041): arch=40000028 syscall=283 per=800000 success=no exit=-13 a0=a a1=b69f1cfc a2=6e a3=b6f87904 items=1 ppid=1 ppcomm=init pid=1083 auid=4294967295 uid=1000 gid=1000 euid=1000 suid=1000 fsuid=1000 egid=1000 sgid=1000 fsgid=1000 tty=(none) ses=4294967295 comm="smdexe" exe="/system/bin/smdexe" subj=u:r:smdexe:s0 key=(null)
E/audit   ( 1860): type=1306 msg=audit(1570266569.130:376041): saddr=01002F646174612F2E736F636B65745F73747265616D00000000000000000000000000000000000000000000000000000000000000000000000000000000000000000000000000000000000000000000000000000000000000000000000000000000000000000000000000000000
E/audit   ( 1860): type=1302 msg=audit(1570266569.130:376041): item=0 name=(null) inode=13 dev=b3:1a mode=0140700 ouid=1000 ogid=1000 rdev=00:00 obj=u:object_r:system_data_file:s0
E/audit   ( 1860): type=1320 msg=audit(1570266569.130:376041): 
D/SecurityLogAgent:SEDenialService(  777): Got Modify Event and sending Denial Intent foraudit.log
D/SecurityLogAgent:SEDenialService(  777): audit.ondenial set to 0 after sending samsung.intent.action.knox.DENIAL_NOTIFICATION intent
E/SMD     (  303): connect error:13
E/audit   ( 1860): type=1400 msg=audit(1570266570.130:376042): avc:  denied  { connectto } for  pid=1083 comm="smdexe" path="/data/.socket_stream" scontext=u:r:smdexe:s0 tcontext=u:r:init:s0 tclass=unix_stream_socket
E/audit   ( 1860):  SEPF_SM-N9005_5.0-2_0065
E/audit   ( 1860): 
E/audit   ( 1860): type=1300 msg=audit(1570266570.130:376042): arch=40000028 syscall=283 per=800000 success=no exit=-13 a0=a a1=b69f1cfc a2=6e a3=b6f87904 items=1 ppid=1 ppcomm=init pid=1083 auid=4294967295 uid=1000 gid=1000 euid=1000 suid=1000 fsuid=1000 egid=1000 sgid=1000 fsgid=1000 tty=(none) ses=4294967295 comm="smdexe" exe="/system/bin/smdexe" subj=u:r:smdexe:s0 key=(null)
E/audit   ( 1860): type=1306 msg=audit(1570266570.130:376042): saddr=01002F646174612F2E736F636B65745F73747265616D00000000000000000000000000000000000000000000000000000000000000000000000000000000000000000000000000000000000000000000000000000000000000000000000000000000000000000000000000000000
E/audit   ( 1860): type=1302 msg=audit(1570266570.130:376042): item=0 name=(null) inode=13 dev=b3:1a mode=0140700 ouid=1000 ogid=1000 rdev=00:00 obj=u:object_r:system_data_file:s0
E/audit   ( 1860): type=1320 msg=audit(1570266570.130:376042): 
D/SecurityLogAgent:SEDenialService(  777): Got Modify Event and sending Denial Intent foraudit.log
D/SecurityLogAgent:SEDenialService(  777): audit.ondenial set to 0 after sending samsung.intent.action.knox.DENIAL_NOTIFICATION intent
E/SMD     (  303): connect error:13
E/audit   ( 1860): type=1400 msg=audit(1570266571.130:376043): avc:  denied  { connectto } for  pid=1083 comm="smdexe" path="/data/.socket_stream" scontext=u:r:smdexe:s0 tcontext=u:r:init:s0 tclass=unix_stream_socket
E/audit   ( 1860):  SEPF_SM-N9005_5.0-2_0065
E/audit   ( 1860): 
E/audit   ( 1860): type=1300 msg=audit(1570266571.130:376043): arch=40000028 syscall=283 per=800000 success=no exit=-13 a0=a a1=b69f1cfc a2=6e a3=b6f87904 items=1 ppid=1 ppcomm=init pid=1083 auid=4294967295 uid=1000 gid=1000 euid=1000 suid=1000 fsuid=1000 egid=1000 sgid=1000 fsgid=1000 tty=(none) ses=4294967295 comm="smdexe" exe="/system/bin/smdexe" subj=u:r:smdexe:s0 key=(null)
E/audit   ( 1860): type=1306 msg=audit(1570266571.130:376043): saddr=01002F646174612F2E736F636B65745F73747265616D00000000000000000000000000000000000000000000000000000000000000000000000000000000000000000000000000000000000000000000000000000000000000000000000000000000000000000000000000000000
E/audit   ( 1860): type=1302 msg=audit(1570266571.130:376043): item=0 name=(null) inode=13 dev=b3:1a mode=0140700 ouid=1000 ogid=1000 rdev=00:00 obj=u:object_r:system_data_file:s0
E/audit   ( 1860): type=1320 msg=audit(1570266571.130:376043): 
D/SecurityLogAgent:SEDenialService(  777): Got Modify Event and sending Denial Intent foraudit.log
D/SecurityLogAgent:SEDenialService(  777): audit.ondenial set to 0 after sending samsung.intent.action.knox.DENIAL_NOTIFICATION intent
E/SMD     (  303): connect error:13
E/audit   ( 1860): type=1400 msg=audit(1570266572.140:376044): avc:  denied  { connectto } for  pid=1083 comm="smdexe" path="/data/.socket_stream" scontext=u:r:smdexe:s0 tcontext=u:r:init:s0 tclass=unix_stream_socket
E/audit   ( 1860):  SEPF_SM-N9005_5.0-2_0065
E/audit   ( 1860): 
E/audit   ( 1860): type=1300 msg=audit(1570266572.140:376044): arch=40000028 syscall=283 per=800000 success=no exit=-13 a0=a a1=b69f1cfc a2=6e a3=b6f87904 items=1 ppid=1 ppcomm=init pid=1083 auid=4294967295 uid=1000 gid=1000 euid=1000 suid=1000 fsuid=1000 egid=1000 sgid=1000 fsgid=1000 tty=(none) ses=4294967295 comm="smdexe" exe="/system/bin/smdexe" subj=u:r:smdexe:s0 key=(null)
E/audit   ( 1860): type=1306 msg=audit(1570266572.140:376044): saddr=01002F646174612F2E736F636B65745F73747265616D00000000000000000000000000000000000000000000000000000000000000000000000000000000000000000000000000000000000000000000000000000000000000000000000000000000000000000000000000000000
D/SecurityLogAgent:SEDenialService(  777): Got Modify Event and sending Denial Intent foraudit.log
