E/SMD     (  303): connect error:13
E/audit   ( 1860): type=1400 msg=audit(1570266402.141:375997): avc:  denied  { connectto } for  pid=1083 comm="smdexe" path="/data/.socket_stream" scontext=u:r:smdexe:s0 tcontext=u:r:init:s0 tclass=unix_stream_socket
E/audit   ( 1860):  SEPF_SM-N9005_5.0-2_0065
E/audit   ( 1860): 
E/audit   ( 1860): type=1300 msg=audit(1570266402.141:375997): arch=40000028 syscall=283 per=800000 success=no exit=-13 a0=a a1=b69f1cfc a2=6e a3=b6f87904 items=1 ppid=1 ppcomm=init pid=1083 auid=4294967295 uid=1000 gid=1000 euid=1000 suid=1000 fsuid=1000 egid=1000 sgid=1000 fsgid=1000 tty=(none) ses=4294967295 comm="smdexe" exe="/system/bin/smdexe" subj=u:r:smdexe:s0 key=(null)
E/audit   ( 1860): type=1306 msg=audit(1570266402.141:375997): saddr=01002F646174612F2E736F636B65745F73747265616D00000000000000000000000000000000000000000000000000000000000000000000000000000000000000000000000000000000000000000000000000000000000000000000000000000000000000000000000000000000
E/audit   ( 1860): type=1302 msg=audit(1570266402.141:375997): item=0 name=(null) inode=13 dev=b3:1a mode=0140700 ouid=1000 ogid=1000 rdev=00:00 obj=u:object_r:system_data_file:s0
E/audit   ( 1860): type=1320 msg=audit(1570266402.141:375997): 
D/SecurityLogAgent:SEDenialService(  777): Got Modify Event and sending Denial Intent foraudit.log
D/SecurityLogAgent:SEDenialService(  777): audit.ondenial set to 0 after sending samsung.intent.action.knox.DENIAL_NOTIFICATION intent
E/SMD     (  303): connect error:13
E/audit   ( 1860): type=1400 msg=audit(1570266403.141:375998): avc:  denied  { connectto } for  pid=1083 comm="smdexe" path="/data/.socket_stream" scontext=u:r:smdexe:s0 tcontext=u:r:init:s0 tclass=unix_stream_socket
E/audit   ( 1860):  SEPF_SM-N9005_5.0-2_0065
E/audit   ( 1860): 
E/audit   ( 1860): type=1300 msg=audit(1570266403.141:375998): arch=40000028 syscall=283 per=800000 success=no exit=-13 a0=a a1=b69f1cfc a2=6e a3=b6f87904 items=1 ppid=1 ppcomm=init pid=1083 auid=4294967295 uid=1000 gid=1000 euid=1000 suid=1000 fsuid=1000 egid=1000 sgid=1000 fsgid=1000 tty=(none) ses=4294967295 comm="smdexe" exe="/system/bin/smdexe" subj=u:r:smdexe:s0 key=(null)
E/audit   ( 1860): type=1306 msg=audit(1570266403.141:375998): saddr=01002F646174612F2E736F636B65745F73747265616D00000000000000000000000000000000000000000000000000000000000000000000000000000000000000000000000000000000000000000000000000000000000000000000000000000000000000000000000000000000
D/SecurityLogAgent:SEDenialService(  777): Got Modify Event and sending Denial Intent foraudit.log
E/audit   ( 1860): type=1302 msg=audit(1570266403.141:375998): item=0 name=(null) inode=13 dev=b3:1a mode=0140700 ouid=1000 ogid=1000 rdev=00:00 obj=u:object_r:system_data_file:s0
E/audit   ( 1860): type=1320 msg=audit(1570266403.141:375998): 
D/SecurityLogAgent:SEDenialService(  777): audit.ondenial set to 0 after sending samsung.intent.action.knox.DENIAL_NOTIFICATION intent
E/SMD     (  303): connect error:13
E/audit   ( 1860): type=1400 msg=audit(1570266404.141:375999): avc:  denied  { connectto } for  pid=1083 comm="smdexe" path="/data/.socket_stream" scontext=u:r:smdexe:s0 tcontext=u:r:init:s0 tclass=unix_stream_socket
E/audit   ( 1860):  SEPF_SM-N9005_5.0-2_0065
E/audit   ( 1860): 
E/audit   ( 1860): type=1300 msg=audit(1570266404.141:375999): arch=40000028 syscall=283 per=800000 success=no exit=-13 a0=a a1=b69f1cfc a2=6e a3=b6f87904 items=1 ppid=1 ppcomm=init pid=1083 auid=4294967295 uid=1000 gid=1000 euid=1000 suid=1000 fsuid=1000 egid=1000 sgid=1000 fsgid=1000 tty=(none) ses=4294967295 comm="smdexe" exe="/system/bin/smdexe" subj=u:r:smdexe:s0 key=(null)
E/audit   ( 1860): type=1306 msg=audit(1570266404.141:375999): saddr=01002F646174612F2E736F636B65745F73747265616D00000000000000000000000000000000000000000000000000000000000000000000000000000000000000000000000000000000000000000000000000000000000000000000000000000000000000000000000000000000
E/audit   ( 1860): type=1302 msg=audit(1570266404.141:375999): item=0 name=(null) inode=13 dev=b3:1a mode=0140700 ouid=1000 ogid=1000 rdev=00:00 obj=u:object_r:system_data_file:s0
E/audit   ( 1860): type=1320 msg=audit(1570266404.141:375999): 
D/SecurityLogAgent:SEDenialService(  777): Got Modify Event and sending Denial Intent foraudit.log
D/SecurityLogAgent:SEDenialService(  777): audit.ondenial set to 0 after sending samsung.intent.action.knox.DENIAL_NOTIFICATION intent
E/SMD     (  303): connect error:13
E/audit   ( 1860): type=1400 msg=audit(1570266405.141:376000): avc:  denied  { connectto } for  pid=1083 comm="smdexe" path="/data/.socket_stream" scontext=u:r:smdexe:s0 tcontext=u:r:init:s0 tclass=unix_stream_socket
E/audit   ( 1860):  SEPF_SM-N9005_5.0-2_0065
E/audit   ( 1860): 
E/audit   ( 1860): type=1300 msg=audit(1570266405.141:376000): arch=40000028 syscall=283 per=800000 success=no exit=-13 a0=a a1=b69f1cfc a2=6e a3=b6f87904 items=1 ppid=1 ppcomm=init pid=1083 auid=4294967295 uid=1000 gid=1000 euid=1000 suid=1000 fsuid=1000 egid=1000 sgid=1000 fsgid=1000 tty=(none) ses=4294967295 comm="smdexe" exe="/system/bin/smdexe" subj=u:r:smdexe:s0 key=(null)
E/audit   ( 1860): type=1306 msg=audit(1570266405.141:376000): saddr=01002F646174612F2E736F636B65745F73747265616D00000000000000000000000000000000000000000000000000000000000000000000000000000000000000000000000000000000000000000000000000000000000000000000000000000000000000000000000000000000
E/audit   ( 1860): type=1302 msg=audit(1570266405.141:376000): item=0 name=(null) inode=13 dev=b3:1a mode=0140700 ouid=1000 ogid=1000 rdev=00:00 obj=u:object_r:system_data_file:s0
E/audit   ( 1860): type=1320 msg=audit(1570266405.141:376000): 
D/SecurityLogAgent:SEDenialService(  777): Got Modify Event and sending Denial Intent foraudit.log
D/SecurityLogAgent:SEDenialService(  777): audit.ondenial set to 0 after sending samsung.intent.action.knox.DENIAL_NOTIFICATION intent
V/LpnetManagerService(  777): on AC power
D/KeyguardUpdateMonitor( 1184): received broadcast android.intent.action.BATTERY_CHANGED
D/KeyguardUpdateMonitor( 1184): handleBatteryUpdate
E/SMD     (  303): connect error:13
E/audit   ( 1860): type=1400 msg=audit(1570266406.151:376001): avc:  denied  { connectto } for  pid=1083 comm="smdexe" path="/data/.socket_stream" scontext=u:r:smdexe:s0 tcontext=u:r:init:s0 tclass=unix_stream_socket
E/audit   ( 1860):  SEPF_SM-N9005_5.0-2_0065
E/audit   ( 1860): 
E/audit   ( 1860): type=1300 msg=audit(1570266406.151:376001): arch=40000028 syscall=283 per=800000 success=no exit=-13 a0=a a1=b69f1cfc a2=6e a3=b6f87904 items=1 ppid=1 ppcomm=init pid=1083 auid=4294967295 uid=1000 gid=1000 euid=1000 suid=1000 fsuid=1000 egid=1000 sgid=1000 fsgid=1000 tty=(none) ses=4294967295 comm="smdexe" exe="/system/bin/smdexe" subj=u:r:smdexe:s0 key=(null)
E/audit   ( 1860): type=1306 msg=audit(1570266406.151:376001): saddr=01002F646174612F2E736F636B65745F73747265616D00000000000000000000000000000000000000000000000000000000000000000000000000000000000000000000000000000000000000000000000000000000000000000000000000000000000000000000000000000000
E/audit   ( 1860): type=1302 msg=audit(1570266406.151:376001): item=0 name=(null) inode=13 dev=b3:1a mode=0140700 ouid=1000 ogid=1000 rdev=00:00 obj=u:object_r:system_data_file:s0
E/audit   ( 1860): type=1320 msg=audit(1570266406.151:376001): 
D/SecurityLogAgent:SEDenialService(  777): Got Modify Event and sending Denial Intent foraudit.log
D/SecurityLogAgent:SEDenialService(  777): audit.ondenial set to 0 after sending samsung.intent.action.knox.DENIAL_NOTIFICATION intent
E/audit   ( 1860): type=1400 msg=audit(1570266407.151:376002): avc:  denied  { connectto } for  pid=1083 comm="smdexe" path="/data/.socket_stream" scontext=u:r:smdexe:s0 tcontext=u:r:init:s0 tclass=unix_stream_socket
E/audit   ( 1860):  SEPF_SM-N9005_5.0-2_0065
E/audit   ( 1860): 
E/SMD     (  303): connect error:13
E/audit   ( 1860): type=1300 msg=audit(1570266407.151:376002): arch=40000028 syscall=283 per=800000 success=no exit=-13 a0=a a1=b69f1cfc a2=6e a3=b6f87904 items=1 ppid=1 ppcomm=init pid=1083 auid=4294967295 uid=1000 gid=1000 euid=1000 suid=1000 fsuid=1000 egid=1000 sgid=1000 fsgid=1000 tty=(none) ses=4294967295 comm="smdexe" exe="/system/bin/smdexe" subj=u:r:smdexe:s0 key=(null)
E/audit   ( 1860): type=1306 msg=audit(1570266407.151:376002): saddr=01002F646174612F2E736F636B65745F73747265616D00000000000000000000000000000000000000000000000000000000000000000000000000000000000000000000000000000000000000000000000000000000000000000000000000000000000000000000000000000000
E/audit   ( 1860): type=1302 msg=audit(1570266407.151:376002): item=0 name=(null) inode=13 dev=b3:1a mode=0140700 ouid=1000 ogid=1000 rdev=00:00 obj=u:object_r:system_data_file:s0
E/audit   ( 1860): type=1320 msg=audit(1570266407.151:376002): 
D/SecurityLogAgent:SEDenialService(  777): Got Modify Event and sending Denial Intent foraudit.log
D/SecurityLogAgent:SEDenialService(  777): audit.ondenial set to 0 after sending samsung.intent.action.knox.DENIAL_NOTIFICATION intent
E/SMD     (  303): connect error:13
E/audit   ( 1860): type=1400 msg=audit(1570266408.151:376003): avc:  denied  { connectto } for  pid=1083 comm="smdexe" path="/data/.socket_stream" scontext=u:r:smdexe:s0 tcontext=u:r:init:s0 tclass=unix_stream_socket
E/audit   ( 1860):  SEPF_SM-N9005_5.0-2_0065
E/audit   ( 1860): 
E/audit   ( 1860): type=1300 msg=audit(1570266408.151:376003): arch=40000028 syscall=283 per=800000 success=no exit=-13 a0=a a1=b69f1cfc a2=6e a3=b6f87904 items=1 ppid=1 ppcomm=init pid=1083 auid=4294967295 uid=1000 gid=1000 euid=1000 suid=1000 fsuid=1000 egid=1000 sgid=1000 fsgid=1000 tty=(none) ses=4294967295 comm="smdexe" exe="/system/bin/smdexe" subj=u:r:smdexe:s0 key=(null)
E/audit   ( 1860): type=1306 msg=audit(1570266408.151:376003): saddr=01002F646174612F2E736F636B65745F73747265616D00000000000000000000000000000000000000000000000000000000000000000000000000000000000000000000000000000000000000000000000000000000000000000000000000000000000000000000000000000000
E/audit   ( 1860): type=1302 msg=audit(1570266408.151:376003): item=0 name=(null) inode=13 dev=b3:1a mode=0140700 ouid=1000 ogid=1000 rdev=00:00 obj=u:object_r:system_data_file:s0
E/audit   ( 1860): type=1320 msg=audit(1570266408.151:376003): 
D/SecurityLogAgent:SEDenialService(  777): Got Modify Event and sending Denial Intent foraudit.log
D/SecurityLogAgent:SEDenialService(  777): audit.ondenial set to 0 after sending samsung.intent.action.knox.DENIAL_NOTIFICATION intent
E/SMD     (  303): connect error:13
E/audit   ( 1860): type=1400 msg=audit(1570266409.151:376004): avc:  denied  { connectto } for  pid=1083 comm="smdexe" path="/data/.socket_stream" scontext=u:r:smdexe:s0 tcontext=u:r:init:s0 tclass=unix_stream_socket
E/audit   ( 1860):  SEPF_SM-N9005_5.0-2_0065
E/audit   ( 1860): 
E/audit   ( 1860): type=1300 msg=audit(1570266409.151:376004): arch=40000028 syscall=283 per=800000 success=no exit=-13 a0=a a1=b69f1cfc a2=6e a3=b6f87904 items=1 ppid=1 ppcomm=init pid=1083 auid=4294967295 uid=1000 gid=1000 euid=1000 suid=1000 fsuid=1000 egid=1000 sgid=1000 fsgid=1000 tty=(none) ses=4294967295 comm="smdexe" exe="/system/bin/smdexe" subj=u:r:smdexe:s0 key=(null)
E/audit   ( 1860): type=1306 msg=audit(1570266409.151:376004): saddr=01002F646174612F2E736F636B65745F73747265616D00000000000000000000000000000000000000000000000000000000000000000000000000000000000000000000000000000000000000000000000000000000000000000000000000000000000000000000000000000000
E/audit   ( 1860): type=1302 msg=audit(1570266409.151:376004): item=0 name=(null) inode=13 dev=b3:1a mode=0140700 ouid=1000 ogid=1000 rdev=00:00 obj=u:object_r:system_data_file:s0
D/SecurityLogAgent:SEDenialService(  777): Got Modify Event and sending Denial Intent foraudit.log
E/audit   ( 1860): type=1320 msg=audit(1570266409.151:376004): 
D/SecurityLogAgent:SEDenialService(  777): audit.ondenial set to 0 after sending samsung.intent.action.knox.DENIAL_NOTIFICATION intent
E/SMD     (  303): connect error:13
E/audit   ( 1860): type=1400 msg=audit(1570266410.161:376005): avc:  denied  { connectto } for  pid=1083 comm="smdexe" path="/data/.socket_stream" scontext=u:r:smdexe:s0 tcontext=u:r:init:s0 tclass=unix_stream_socket
E/audit   ( 1860):  SEPF_SM-N9005_5.0-2_0065
E/audit   ( 1860): 
E/audit   ( 1860): type=1300 msg=audit(1570266410.161:376005): arch=40000028 syscall=283 per=800000 success=no exit=-13 a0=a a1=b69f1cfc a2=6e a3=b6f87904 items=1 ppid=1 ppcomm=init pid=1083 auid=4294967295 uid=1000 gid=1000 euid=1000 suid=1000 fsuid=1000 egid=1000 sgid=1000 fsgid=1000 tty=(none) ses=4294967295 comm="smdexe" exe="/system/bin/smdexe" subj=u:r:smdexe:s0 key=(null)
E/audit   ( 1860): type=1306 msg=audit(1570266410.161:376005): saddr=01002F646174612F2E736F636B65745F73747265616D00000000000000000000000000000000000000000000000000000000000000000000000000000000000000000000000000000000000000000000000000000000000000000000000000000000000000000000000000000000
E/audit   ( 1860): type=1302 msg=audit(1570266410.161:376005): item=0 name=(null) inode=13 dev=b3:1a mode=0140700 ouid=1000 ogid=1000 rdev=00:00 obj=u:object_r:system_data_file:s0
E/audit   ( 1860): type=1320 msg=audit(1570266410.161:376005): 
D/SecurityLogAgent:SEDenialService(  777): Got Modify Event and sending Denial Intent foraudit.log
D/SecurityLogAgent:SEDenialService(  777): audit.ondenial set to 0 after sending samsung.intent.action.knox.DENIAL_NOTIFICATION intent
E/SMD     (  303): connect error:13
E/audit   ( 1860): type=1400 msg=audit(1570266411.161:376006): avc:  denied  { connectto } for  pid=1083 comm="smdexe" path="/data/.socket_stream" scontext=u:r:smdexe:s0 tcontext=u:r:init:s0 tclass=unix_stream_socket
E/audit   ( 1860):  SEPF_SM-N9005_5.0-2_0065
E/audit   ( 1860): 
E/audit   ( 1860): type=1300 msg=audit(1570266411.161:376006): arch=40000028 syscall=283 per=800000 success=no exit=-13 a0=a a1=b69f1cfc a2=6e a3=b6f87904 items=1 ppid=1 ppcomm=init pid=1083 auid=4294967295 uid=1000 gid=1000 euid=1000 suid=1000 fsuid=1000 egid=1000 sgid=1000 fsgid=1000 tty=(none) ses=4294967295 comm="smdexe" exe="/system/bin/smdexe" subj=u:r:smdexe:s0 key=(null)
D/SecurityLogAgent:SEDenialService(  777): Got Modify Event and sending Denial Intent foraudit.log
E/audit   ( 1860): type=1306 msg=audit(1570266411.161:376006): saddr=01002F646174612F2E736F636B65745F73747265616D00000000000000000000000000000000000000000000000000000000000000000000000000000000000000000000000000000000000000000000000000000000000000000000000000000000000000000000000000000000
E/audit   ( 1860): type=1302 msg=audit(1570266411.161:376006): item=0 name=(null) inode=13 dev=b3:1a mode=0140700 ouid=1000 ogid=1000 rdev=00:00 obj=u:object_r:system_data_file:s0
E/audit   ( 1860): type=1320 msg=audit(1570266411.161:376006): 
D/SecurityLogAgent:SEDenialService(  777): audit.ondenial set to 0 after sending samsung.intent.action.knox.DENIAL_NOTIFICATION intent
E/SMD     (  303): connect error:13
E/audit   ( 1860): type=1400 msg=audit(1570266412.161:376007): avc:  denied  { connectto } for  pid=1083 comm="smdexe" path="/data/.socket_stream" scontext=u:r:smdexe:s0 tcontext=u:r:init:s0 tclass=unix_stream_socket
E/audit   ( 1860):  SEPF_SM-N9005_5.0-2_0065
E/audit   ( 1860): 
E/audit   ( 1860): type=1300 msg=audit(1570266412.161:376007): arch=40000028 syscall=283 per=800000 success=no exit=-13 a0=a a1=b69f1cfc a2=6e a3=b6f87904 items=1 ppid=1 ppcomm=init pid=1083 auid=4294967295 uid=1000 gid=1000 euid=1000 suid=1000 fsuid=1000 egid=1000 sgid=1000 fsgid=1000 tty=(none) ses=4294967295 comm="smdexe" exe="/system/bin/smdexe" subj=u:r:smdexe:s0 key=(null)
E/audit   ( 1860): type=1306 msg=audit(1570266412.161:376007): saddr=01002F646174612F2E736F636B65745F73747265616D00000000000000000000000000000000000000000000000000000000000000000000000000000000000000000000000000000000000000000000000000000000000000000000000000000000000000000000000000000000
E/audit   ( 1860): type=1302 msg=audit(1570266412.161:376007): item=0 name=(null) inode=13 dev=b3:1a mode=0140700 ouid=1000 ogid=1000 rdev=00:00 obj=u:object_r:system_data_file:s0
E/audit   ( 1860): type=1320 msg=audit(1570266412.161:376007): 
D/SecurityLogAgent:SEDenialService(  777): Got Modify Event and sending Denial Intent foraudit.log
D/SecurityLogAgent:SEDenialService(  777): audit.ondenial set to 0 after sending samsung.intent.action.knox.DENIAL_NOTIFICATION intent
D/SecurityLogAgent:SEDenialService(  777): Got Moved To Event audit.old
D/SecurityLogAgent:SEDenialService(  777): Sending Denial Intent for zip
D/SecurityLogAgent:SEDenialService(  777): Got CLOSE_WRITE Event audit.old
E/SMD     (  303): connect error:13
E/audit   ( 1860): type=1400 msg=audit(1570266413.161:376008): avc:  denied  { connectto } for  pid=1083 comm="smdexe" path="/data/.socket_stream" scontext=u:r:smdexe:s0 tcontext=u:r:init:s0 tclass=unix_stream_socket
E/audit   ( 1860):  SEPF_SM-N9005_5.0-2_0065
E/audit   ( 1860): 
E/audit   ( 1860): type=1300 msg=audit(1570266413.161:376008): arch=40000028 syscall=283 per=800000 success=no exit=-13 a0=a a1=b69f1cfc a2=6e a3=b6f87904 items=1 ppid=1 ppcomm=init pid=1083 auid=4294967295 uid=1000 gid=1000 euid=1000 suid=1000 fsuid=1000 egid=1000 sgid=1000 fsgid=1000 tty=(none) ses=4294967295 comm="smdexe" exe="/system/bin/smdexe" subj=u:r:smdexe:s0 key=(null)
E/audit   ( 1860): type=1306 msg=audit(1570266413.161:376008): saddr=01002F646174612F2E736F636B65745F73747265616D00000000000000000000000000000000000000000000000000000000000000000000000000000000000000000000000000000000000000000000000000000000000000000000000000000000000000000000000000000000
E/audit   ( 1860): type=1302 msg=audit(1570266413.161:376008): item=0 name=(null) inode=13 dev=b3:1a mode=0140700 ouid=1000 ogid=1000 rdev=00:00 obj=u:object_r:system_data_file:s0
E/audit   ( 1860): type=1320 msg=audit(1570266413.161:376008): 
D/SecurityLogAgent:SEDenialService(  777): Got Modify Event and sending Denial Intent foraudit.log
D/SecurityLogAgent:SEDenialService(  777): audit.ondenial set to 0 after sending samsung.intent.action.knox.DENIAL_NOTIFICATION intent
E/SMD     (  303): connect error:13
E/audit   ( 1860): type=1400 msg=audit(1570266414.161:376009): avc:  denied  { connectto } for  pid=1083 comm="smdexe" path="/data/.socket_stream" scontext=u:r:smdexe:s0 tcontext=u:r:init:s0 tclass=unix_stream_socket
E/audit   ( 1860):  SEPF_SM-N9005_5.0-2_0065
E/audit   ( 1860): 
E/audit   ( 1860): type=1300 msg=audit(1570266414.161:376009): arch=40000028 syscall=283 per=800000 success=no exit=-13 a0=a a1=b69f1cfc a2=6e a3=b6f87904 items=1 ppid=1 ppcomm=init pid=1083 auid=4294967295 uid=1000 gid=1000 euid=1000 suid=1000 fsuid=1000 egid=1000 sgid=1000 fsgid=1000 tty=(none) ses=4294967295 comm="smdexe" exe="/system/bin/smdexe" subj=u:r:smdexe:s0 key=(null)
E/audit   ( 1860): type=1306 msg=audit(1570266414.161:376009): saddr=01002F646174612F2E736F636B65745F73747265616D00000000000000000000000000000000000000000000000000000000000000000000000000000000000000000000000000000000000000000000000000000000000000000000000000000000000000000000000000000000
D/SecurityLogAgent:SEDenialService(  777): Got Modify Event and sending Denial Intent foraudit.log
E/audit   ( 1860): type=1302 msg=audit(1570266414.161:376009): item=0 name=(null) inode=13 dev=b3:1a mode=0140700 ouid=1000 ogid=1000 rdev=00:00 obj=u:object_r:system_data_file:s0
E/audit   ( 1860): type=1320 msg=audit(1570266414.161:376009): 
D/SecurityLogAgent:SEDenialService(  777): audit.ondenial set to 0 after sending samsung.intent.action.knox.DENIAL_NOTIFICATION intent
E/SMD     (  303): connect error:13
E/audit   ( 1860): type=1400 msg=audit(1570266415.171:376010): avc:  denied  { connectto } for  pid=1083 comm="smdexe" path="/data/.socket_stream" scontext=u:r:smdexe:s0 tcontext=u:r:init:s0 tclass=unix_stream_socket
E/audit   ( 1860):  SEPF_SM-N9005_5.0-2_0065
E/audit   ( 1860): 
E/audit   ( 1860): type=1300 msg=audit(1570266415.171:376010): arch=40000028 syscall=283 per=800000 success=no exit=-13 a0=a a1=b69f1cfc a2=6e a3=b6f87904 items=1 ppid=1 ppcomm=init pid=1083 auid=4294967295 uid=1000 gid=1000 euid=1000 suid=1000 fsuid=1000 egid=1000 sgid=1000 fsgid=1000 tty=(none) ses=4294967295 comm="smdexe" exe="/system/bin/smdexe" subj=u:r:smdexe:s0 key=(null)
E/audit   ( 1860): type=1306 msg=audit(1570266415.171:376010): saddr=01002F646174612F2E736F636B65745F73747265616D00000000000000000000000000000000000000000000000000000000000000000000000000000000000000000000000000000000000000000000000000000000000000000000000000000000000000000000000000000000
E/audit   ( 1860): type=1302 msg=audit(1570266415.171:376010): item=0 name=(null) inode=13 dev=b3:1a mode=0140700 ouid=1000 ogid=1000 rdev=00:00 obj=u:object_r:system_data_file:s0
D/SecurityLogAgent:SEDenialService(  777): Got Modify Event and sending Denial Intent foraudit.log
D/SecurityLogAgent:SEDenialService(  777): audit.ondenial set to 0 after sending samsung.intent.action.knox.DENIAL_NOTIFICATION intent
E/audit   ( 1860): type=1320 msg=audit(1570266415.171:376010): 
E/SMD     (  303): connect error:13
E/audit   ( 1860): type=1400 msg=audit(1570266418.881:376011): avc:  denied  { connectto } for  pid=1083 comm="smdexe" path="/data/.socket_stream" scontext=u:r:smdexe:s0 tcontext=u:r:init:s0 tclass=unix_stream_socket
E/audit   ( 1860):  SEPF_SM-N9005_5.0-2_0065
E/audit   ( 1860): 
E/audit   ( 1860): type=1300 msg=audit(1570266418.881:376011): arch=40000028 syscall=283 per=800000 success=no exit=-13 a0=a a1=b69f1cfc a2=6e a3=b6f87904 items=1 ppid=1 ppcomm=init pid=1083 auid=4294967295 uid=1000 gid=1000 euid=1000 suid=1000 fsuid=1000 egid=1000 sgid=1000 fsgid=1000 tty=(none) ses=4294967295 comm="smdexe" exe="/system/bin/smdexe" subj=u:r:smdexe:s0 key=(null)
E/audit   ( 1860): type=1306 msg=audit(1570266418.881:376011): saddr=01002F646174612F2E736F636B65745F73747265616D00000000000000000000000000000000000000000000000000000000000000000000000000000000000000000000000000000000000000000000000000000000000000000000000000000000000000000000000000000000
E/audit   ( 1860): type=1302 msg=audit(1570266418.881:376011): item=0 name=(null) inode=13 dev=b3:1a mode=0140700 ouid=1000 ogid=1000 rdev=00:00 obj=u:object_r:system_data_file:s0
E/audit   ( 1860): type=1320 msg=audit(1570266418.881:376011): 
D/SecurityLogAgent:SEDenialService(  777): Got Modify Event and sending Denial Intent foraudit.log
E/MotionRecognitionService(  777): Motion Thread--
I/qdhwcomposer(  266): handle_blank_event: dpy:0 panel power state: 0
E/MotionRecognitionService(  777): Motion Thread++
D/SecurityLogAgent:SEDenialService(  777): audit.ondenial set to 0 after sending samsung.intent.action.knox.DENIAL_NOTIFICATION intent
V/LpnetManagerService(  777): on AC power
D/KeyguardUpdateMonitor( 1184): received broadcast android.intent.action.BATTERY_CHANGED
D/KeyguardUpdateMonitor( 1184): handleBatteryUpdate
I/qdhwcomposer(  266): handle_blank_event: dpy:0 panel power state: 0
E/MotionRecognitionService(  777): Motion Thread--
E/MotionRecognitionService(  777): Motion Thread++
E/libsuspend(  777): Error writing to /sys/power/state: Device or resource busy
D/KeyguardUpdateMonitor( 1184): received broadcast android.intent.action.BATTERY_CHANGED
D/KeyguardUpdateMonitor( 1184): handleBatteryUpdate
V/LpnetManagerService(  777): on AC power
I/JobManager( 6928): onConstraintMet(CellServiceConstraintObserver)
D/StatusBar.NetworkController( 1184): onServiceStateChanged voiceState=0 dataState=0
D/StatusBar.NetworkController( 1184): onServiceStateChanged mDataNetType=15
D/StatusBar.NetworkController( 1184): updateTelephonySignalStrength: hasService=true ss=SignalStrength: 19 99 -120 -160 -120 -1 -1 99 2147483647 2147483647 2147483647 -1 2147483647 0x4 gsm|lte
D/StatusBar.NetworkController( 1184): updateTelephonySignalStrength: iconLevel=4
D/StatusBar.NetworkController( 1184): updateTelephonySignalStrength, No signal level. mPhoneSignalIconId = com.android.systemui:drawable/stat_sys_signal_4 mDataSignalIconId = com.android.systemui:drawable/stat_sys_signal_4 mQSPhoneSignalIconId = com.android.systemui:drawable/ic_qs_signal_4 mContentDescriptionPhoneSignal = Pełen sygnał telefonu
D/StatusBar.NetworkController( 1184): getUpdateDataNetType(): 15
D/StatusBar.NetworkController( 1184): getUpdateDataNetType(): mDataTypeBrand = LTE
D/StatusBar.NetworkController( 1184): updateDataNetType()
D/StatusBar.NetworkController( 1184): Nothing, mRoamingIconId = 0
E/StatusBar.NetworkController( 1184): updateLTEICONDataNetType:15
D/StatusBar.NetworkController( 1184): updateDataIcon, mDataDirectionIconId = (null) mDataConnected = false
D/Mms/DownloadManager(31169): Service state changed: Bundle[mParcelledData.dataSize=740]
D/StatusBar.NetworkController( 1184): Nothing, mRoamingIconId = 0
D/StatusBar.NetworkController( 1184): refreshViews connected={ } level=4 combinedSignalIconId=0x7f0204c9/com.android.systemui:drawable/stat_sys_signal_4 mobileLabel=PLAY wifiLabel= emergencyOnly=false combinedLabel=Brak poł. internetowego mAirplaneMode=false mDataActivity=0 mPhoneSignalIconId=0x7f0204c9/com.android.systemui:drawable/stat_sys_signal_4 mQSPhoneSignalIconId=0x7f020136/com.android.systemui:drawable/ic_qs_signal_4 mDataDirectionIconId=0x0/(null) mDataSignalIconId=0x7f0204c9/com.android.systemui:drawable/stat_sys_signal_4 mDataTypeIconId=0x7f020348/com.android.systemui:drawable/stat_sys_data_connected_h_plus mQSDataTypeIconId=0x0/(null) mNoSimIconId=0x0/(null) mWifiIconId=0x0/(null) mQSWifiIconId=0x0/(null) mWifiActivityIconId=0x0/(null) mBluetoothTetherIconId=0x10808f0/android:drawable/stat_sys_tether_bluetooth
D/STATUSBAR-WifiQuickSettingButton( 1184): onWifiSignalChanged enabled=false enabledDesc:null
D/StatusBar.NetworkController( 1184): refreshSignalCluster - setNWBoosterIndicators(false)
D/StatusBar.NetworkController( 1184): applyOpen
D/Mms/DownloadManager(31169): roaming ------> false, mSimSlot = 0
D/StatusBar.NetworkController( 1184): refreshSignalCluster - setNWBoosterIndicators(false)
D/StatusBar.NetworkController( 1184): applyOpen
D/StatusBar.NetworkController( 1184): refreshSignalCluster - setNWBoosterIndicators(false)
D/StatusBar.NetworkController( 1184): applyOpen
D/StatusBar.NetworkController( 1184): refreshSignalCluster - setNWBoosterIndicators(false)
D/StatusBar.NetworkController( 1184): applyOpen
D/Mms/TelephonyUtils(31169): getSubId from simSlot 0, return Value = 2
D/WifiController(  777): SET_AP_BOOSTER_FLAG ignored due to state change
D/StatusBar.NetworkController( 1184): onDataConnectionStateChanged: state=0 type=15
D/StatusBar.NetworkController( 1184): getUpdateDataNetType(): 15
D/StatusBar.NetworkController( 1184): getUpdateDataNetType(): mDataTypeBrand = LTE
D/StatusBar.NetworkController( 1184): updateDataNetType()
D/Mms/DownloadManager(31169): roaming -> false (slotId = 0)
D/Mms/DownloadManager(31169): [NotificationTransaction] getAutoDownloadState simSlot : 0
D/Mms/DownloadManager(31169): auto download without roaming -> true
D/Mms/DownloadManager(31169): [NotificationTransaction] getAutoDownloadState alwaysAuto : false, roaming : false
D/Mms/DownloadManager(31169): mAutoDownload ------> true
D/Mms/SmsReceiver(31169): filterMsgServiceIntent : intent.getAction() : android.intent.action.SERVICE_STATE
D/StatusBar.NetworkController( 1184): Nothing, mRoamingIconId = 0
E/StatusBar.NetworkController( 1184): updateLTEICONDataNetType:15
D/DctController( 1414): [DctController] DataStateReceiver: phoneId= 0
D/DctController( 1414): [DctController] DataStateReceiver: STATE_IN_SERVICE Intent from phoneId=0
D/PhoneApp( 1414): roamingMode = 2, isPlay = true
D/StatusBar.NetworkController( 1184): updateDataIcon, mDataDirectionIconId = (null) mDataConnected = false
D/FileWriteThread_Telephony( 1414): FileWriteThread : threadType = 3
D/StatusBar.NetworkController( 1184): Nothing, mRoamingIconId = 0
D/StatusBar.NetworkController( 1184): refreshViews connected={ } level=4 combinedSignalIconId=0x7f0204c9/com.android.systemui:drawable/stat_sys_signal_4 mobileLabel=PLAY wifiLabel= emergencyOnly=false combinedLabel=Brak poł. internetowego mAirplaneMode=false mDataActivity=0 mPhoneSignalIconId=0x7f0204c9/com.android.systemui:drawable/stat_sys_signal_4 mQSPhoneSignalIconId=0x7f020136/com.android.systemui:drawable/ic_qs_signal_4 mDataDirectionIconId=0x0/(null) mDataSignalIconId=0x7f0204c9/com.android.systemui:drawable/stat_sys_signal_4 mDataTypeIconId=0x7f020348/com.android.systemui:drawable/stat_sys_data_connected_h_plus mQSDataTypeIconId=0x0/(null) mNoSimIconId=0x0/(null) mWifiIconId=0x0/(null) mQSWifiIconId=0x0/(null) mWifiActivityIconId=0x0/(null) mBluetoothTetherIconId=0x10808f0/android:drawable/stat_sys_tether_bluetooth
D/STATUSBAR-WifiQuickSettingButton( 1184): onWifiSignalChanged enabled=false enabledDesc:null
D/SettingsProvider(  777): name = internet_call_settings_visibility
D/SettingsProvider(  777): edmUri: content://com.sec.knox.provider/RestrictionPolicy3
D/SettingsProvider(  777): projectionArgs: isSettingsChangesAllowed
D/SettingsProvider(  777): selectionArgs: false
D/SettingsProvider(  777): selectionArgs: 1001
D/SecContentProvider(  777): uri = 17 selection = isSettingsChangesAllowed
D/SettingsProvider(  777): ret = -1
D/BootupListener( 1414): intent.getAction() = android.intent.action.SERVICE_STATE
D/StatusChecker(20093): onReceive : android.intent.action.SERVICE_STATE
D/Mms/SmsReceiverService(31169): ServiceEnabler.startService is called
D/Mms/MethodReflector(31169): com.tencent.engine.ServiceEnabler getClass ClassNotFoundException
D/Mms/MethodReflector(31169): getMethod() className is null
D/Mms/MethodReflector(31169): method is null
D/Mms/SmsReceiverService(31169): onStart: #1, mResultCode: 0 = Unknown error code, action = android.intent.action.SERVICE_STATE
D/Mms/TelephonyPermission(31169): mUserId = 0
D/Mms/TelephonyPermission(31169): isDefault false
D/Mms/SmsReceiverService(31169): [SMS]Receiver handleMessage : Action =android.intent.action.SERVICE_STATE
D/Mms/SmsReceiverService(31169): HeadsetEventReceiver, onReceive(), action = android.intent.action.HEADSET_PLUGHeadsetplugged = false
D/StatusChecker(20093): Service state changed : 0 mSub2
E/SMD     (  303): connect error:13
E/audit   ( 1860): type=1400 msg=audit(1570266419.881:376012): avc:  denied  { connectto } for  pid=1083 comm="smdexe" path="/data/.socket_stream" scontext=u:r:smdexe:s0 tcontext=u:r:init:s0 tclass=unix_stream_socket
E/audit   ( 1860):  SEPF_SM-N9005_5.0-2_0065
E/audit   ( 1860): 
E/audit   ( 1860): type=1300 msg=audit(1570266419.881:376012): arch=40000028 syscall=283 per=800000 success=no exit=-13 a0=a a1=b69f1cfc a2=6e a3=b6f87904 items=1 ppid=1 ppcomm=init pid=1083 auid=4294967295 uid=1000 gid=1000 euid=1000 suid=1000 fsuid=1000 egid=1000 sgid=1000 fsgid=1000 tty=(none) ses=4294967295 comm="smdexe" exe="/system/bin/smdexe" subj=u:r:smdexe:s0 key=(null)
E/audit   ( 1860): type=1306 msg=audit(1570266419.881:376012): saddr=01002F646174612F2E736F636B65745F73747265616D00000000000000000000000000000000000000000000000000000000000000000000000000000000000000000000000000000000000000000000000000000000000000000000000000000000000000000000000000000000
E/audit   ( 1860): type=1302 msg=audit(1570266419.881:376012): item=0 name=(null) inode=13 dev=b3:1a mode=0140700 ouid=1000 ogid=1000 rdev=00:00 obj=u:object_r:system_data_file:s0
E/audit   ( 1860): type=1320 msg=audit(1570266419.881:376012): 
D/SecurityLogAgent:SEDenialService(  777): Got Modify Event and sending Denial Intent foraudit.log
D/SecurityLogAgent:SEDenialService(  777): audit.ondenial set to 0 after sending samsung.intent.action.knox.DENIAL_NOTIFICATION intent
D/StatusBar.NetworkController( 1184): onServiceStateChanged voiceState=0 dataState=0
D/StatusBar.NetworkController( 1184): onServiceStateChanged mDataNetType=9
D/StatusBar.NetworkController( 1184): updateTelephonySignalStrength: hasService=true ss=SignalStrength: 19 99 -120 -160 -120 -1 -1 99 2147483647 2147483647 2147483647 -1 2147483647 0x4 gsm|lte
D/StatusBar.NetworkController( 1184): updateTelephonySignalStrength: iconLevel=4
D/StatusBar.NetworkController( 1184): updateTelephonySignalStrength, No signal level. mPhoneSignalIconId = com.android.systemui:drawable/stat_sys_signal_4 mDataSignalIconId = com.android.systemui:drawable/stat_sys_signal_4 mQSPhoneSignalIconId = com.android.systemui:drawable/ic_qs_signal_4 mContentDescriptionPhoneSignal = Pełen sygnał telefonu
D/StatusBar.NetworkController( 1184): getUpdateDataNetType(): 9
D/StatusBar.NetworkController( 1184): getUpdateDataNetType(): mDataTypeBrand = LTE
D/StatusBar.NetworkController( 1184): updateDataNetType()
I/JobManager( 6928): onConstraintMet(CellServiceConstraintObserver)
D/StatusBar.NetworkController( 1184): Nothing, mRoamingIconId = 0
E/StatusBar.NetworkController( 1184): updateLTEICONDataNetType:9
D/WifiController(  777): SET_AP_BOOSTER_FLAG ignored due to state change
D/StatusBar.NetworkController( 1184): updateDataIcon, mDataDirectionIconId = (null) mDataConnected = false
D/DctController( 1414): [DctController] DataStateReceiver: phoneId= 0
D/DctController( 1414): [DctController] DataStateReceiver: STATE_IN_SERVICE Intent from phoneId=0
D/PhoneApp( 1414): roamingMode = 2, isPlay = true
D/FileWriteThread_Telephony( 1414): FileWriteThread : threadType = 3
D/StatusBar.NetworkController( 1184): Nothing, mRoamingIconId = 0
D/StatusBar.NetworkController( 1184): refreshViews connected={ } level=4 combinedSignalIconId=0x7f0204c9/com.android.systemui:drawable/stat_sys_signal_4 mobileLabel=PLAY wifiLabel= emergencyOnly=false combinedLabel=Brak poł. internetowego mAirplaneMode=false mDataActivity=0 mPhoneSignalIconId=0x7f0204c9/com.android.systemui:drawable/stat_sys_signal_4 mQSPhoneSignalIconId=0x7f020136/com.android.systemui:drawable/ic_qs_signal_4 mDataDirectionIconId=0x0/(null) mDataSignalIconId=0x7f0204c9/com.android.systemui:drawable/stat_sys_signal_4 mDataTypeIconId=0x7f020347/com.android.systemui:drawable/stat_sys_data_connected_h mQSDataTypeIconId=0x7f020140/com.android.systemui:drawable/ic_qs_signal_h mNoSimIconId=0x0/(null) mWifiIconId=0x0/(null) mQSWifiIconId=0x0/(null) mWifiActivityIconId=0x0/(null) mBluetoothTetherIconId=0x10808f0/android:drawable/stat_sys_tether_bluetooth
D/STATUSBAR-WifiQuickSettingButton( 1184): onWifiSignalChanged enabled=false enabledDesc:null
D/StatusBar.NetworkController( 1184): refreshSignalCluster - setNWBoosterIndicators(false)
D/StatusBar.NetworkController( 1184): applyOpen
D/StatusBar.NetworkController( 1184): refreshSignalCluster - setNWBoosterIndicators(false)
D/StatusBar.NetworkController( 1184): applyOpen
D/StatusBar.NetworkController( 1184): refreshSignalCluster - setNWBoosterIndicators(false)
D/StatusBar.NetworkController( 1184): applyOpen
D/StatusBar.NetworkController( 1184): refreshSignalCluster - setNWBoosterIndicators(false)
D/StatusBar.NetworkController( 1184): applyOpen
D/StatusBar.NetworkController( 1184): onDataConnectionStateChanged: state=0 type=9
D/StatusBar.NetworkController( 1184): getUpdateDataNetType(): 9
D/StatusBar.NetworkController( 1184): getUpdateDataNetType(): mDataTypeBrand = LTE
D/StatusBar.NetworkController( 1184): updateDataNetType()
D/StatusBar.NetworkController( 1184): Nothing, mRoamingIconId = 0
E/StatusBar.NetworkController( 1184): updateLTEICONDataNetType:9
D/StatusBar.NetworkController( 1184): updateDataIcon, mDataDirectionIconId = (null) mDataConnected = false
D/StatusBar.NetworkController( 1184): Nothing, mRoamingIconId = 0
D/StatusBar.NetworkController( 1184): refreshViews connected={ } level=4 combinedSignalIconId=0x7f0204c9/com.android.systemui:drawable/stat_sys_signal_4 mobileLabel=PLAY wifiLabel= emergencyOnly=false combinedLabel=Brak poł. internetowego mAirplaneMode=false mDataActivity=0 mPhoneSignalIconId=0x7f0204c9/com.android.systemui:drawable/stat_sys_signal_4 mQSPhoneSignalIconId=0x7f020136/com.android.systemui:drawable/ic_qs_signal_4 mDataDirectionIconId=0x0/(null) mDataSignalIconId=0x7f0204c9/com.android.systemui:drawable/stat_sys_signal_4 mDataTypeIconId=0x7f020347/com.android.systemui:drawable/stat_sys_data_connected_h mQSDataTypeIconId=0x7f020140/com.android.systemui:drawable/ic_qs_signal_h mNoSimIconId=0x0/(null) mWifiIconId=0x0/(null) mQSWifiIconId=0x0/(null) mWifiActivityIconId=0x0/(null) mBluetoothTetherIconId=0x10808f0/android:drawable/stat_sys_tether_bluetooth
D/STATUSBAR-WifiQuickSettingButton( 1184): onWifiSignalChanged enabled=false enabledDesc:null
D/Mms/DownloadManager(31169): Service state changed: Bundle[mParcelledData.dataSize=740]
D/Mms/DownloadManager(31169): roaming ------> false, mSimSlot = 0
D/Mms/TelephonyUtils(31169): getSubId from simSlot 0, return Value = 2
D/Mms/DownloadManager(31169): roaming -> false (slotId = 0)
D/Mms/DownloadManager(31169): [NotificationTransaction] getAutoDownloadState simSlot : 0
D/Mms/DownloadManager(31169): auto download without roaming -> true
D/Mms/DownloadManager(31169): [NotificationTransaction] getAutoDownloadState alwaysAuto : false, roaming : false
D/Mms/DownloadManager(31169): mAutoDownload ------> true
D/Mms/SmsReceiver(31169): filterMsgServiceIntent : intent.getAction() : android.intent.action.SERVICE_STATE
D/SettingsProvider(  777): name = internet_call_settings_visibility
D/SettingsProvider(  777): edmUri: content://com.sec.knox.provider/RestrictionPolicy3
D/SettingsProvider(  777): projectionArgs: isSettingsChangesAllowed
D/SettingsProvider(  777): selectionArgs: false
D/SettingsProvider(  777): selectionArgs: 1001
D/SecContentProvider(  777): uri = 17 selection = isSettingsChangesAllowed
D/SettingsProvider(  777): ret = -1
D/BootupListener( 1414): intent.getAction() = android.intent.action.SERVICE_STATE
D/StatusChecker(20093): onReceive : android.intent.action.SERVICE_STATE
D/StatusChecker(20093): Service state changed : 0 mSub2
D/Mms/SmsReceiverService(31169): ServiceEnabler.startService is called
D/Mms/MethodReflector(31169): com.tencent.engine.ServiceEnabler getClass ClassNotFoundException
D/Mms/MethodReflector(31169): getMethod() className is null
D/Mms/MethodReflector(31169): method is null
D/Mms/SmsReceiverService(31169): onStart: #1, mResultCode: 0 = Unknown error code, action = android.intent.action.SERVICE_STATE
D/Mms/TelephonyPermission(31169): mUserId = 0
D/Mms/TelephonyPermission(31169): isDefault false
D/Mms/SmsReceiverService(31169): [SMS]Receiver handleMessage : Action =android.intent.action.SERVICE_STATE
D/Mms/SmsReceiverService(31169): HeadsetEventReceiver, onReceive(), action = android.intent.action.HEADSET_PLUGHeadsetplugged = false
E/SMD     (  303): connect error:13
E/audit   ( 1860): type=1400 msg=audit(1570266420.881:376013): avc:  denied  { connectto } for  pid=1083 comm="smdexe" path="/data/.socket_stream" scontext=u:r:smdexe:s0 tcontext=u:r:init:s0 tclass=unix_stream_socket
E/audit   ( 1860):  SEPF_SM-N9005_5.0-2_0065
E/audit   ( 1860): 
E/audit   ( 1860): type=1300 msg=audit(1570266420.881:376013): arch=40000028 syscall=283 per=800000 success=no exit=-13 a0=a a1=b69f1cfc a2=6e a3=b6f87904 items=1 ppid=1 ppcomm=init pid=1083 auid=4294967295 uid=1000 gid=1000 euid=1000 suid=1000 fsuid=1000 egid=1000 sgid=1000 fsgid=1000 tty=(none) ses=4294967295 comm="smdexe" exe="/system/bin/smdexe" subj=u:r:smdexe:s0 key=(null)
E/audit   ( 1860): type=1306 msg=audit(1570266420.881:376013): saddr=01002F646174612F2E736F636B65745F73747265616D00000000000000000000000000000000000000000000000000000000000000000000000000000000000000000000000000000000000000000000000000000000000000000000000000000000000000000000000000000000
D/SecurityLogAgent:SEDenialService(  777): Got Modify Event and sending Denial Intent foraudit.log
E/audit   ( 1860): type=1302 msg=audit(1570266420.881:376013): item=0 name=(null) inode=13 dev=b3:1a mode=0140700 ouid=1000 ogid=1000 rdev=00:00 obj=u:object_r:system_data_file:s0
E/audit   ( 1860): type=1320 msg=audit(1570266420.881:376013): 
D/SecurityLogAgent:SEDenialService(  777): audit.ondenial set to 0 after sending samsung.intent.action.knox.DENIAL_NOTIFICATION intent
D/StatusBar.NetworkController( 1184): onServiceStateChanged voiceState=0 dataState=0
D/StatusBar.NetworkController( 1184): onServiceStateChanged mDataNetType=10
D/StatusBar.NetworkController( 1184): updateTelephonySignalStrength: hasService=true ss=SignalStrength: 19 99 -120 -160 -120 -1 -1 99 2147483647 2147483647 2147483647 -1 2147483647 0x4 gsm|lte
D/StatusBar.NetworkController( 1184): updateTelephonySignalStrength: iconLevel=4
D/StatusBar.NetworkController( 1184): updateTelephonySignalStrength, No signal level. mPhoneSignalIconId = com.android.systemui:drawable/stat_sys_signal_4 mDataSignalIconId = com.android.systemui:drawable/stat_sys_signal_4 mQSPhoneSignalIconId = com.android.systemui:drawable/ic_qs_signal_4 mContentDescriptionPhoneSignal = Pełen sygnał telefonu
D/StatusBar.NetworkController( 1184): getUpdateDataNetType(): 10
D/StatusBar.NetworkController( 1184): getUpdateDataNetType(): mDataTypeBrand = LTE
D/StatusBar.NetworkController( 1184): updateDataNetType()
I/JobManager( 6928): onConstraintMet(CellServiceConstraintObserver)
D/StatusBar.NetworkController( 1184): Nothing, mRoamingIconId = 0
E/StatusBar.NetworkController( 1184): updateLTEICONDataNetType:10
D/StatusBar.NetworkController( 1184): updateDataIcon, mDataDirectionIconId = (null) mDataConnected = false
D/WifiController(  777): SET_AP_BOOSTER_FLAG ignored due to state change
D/Mms/DownloadManager(31169): Service state changed: Bundle[mParcelledData.dataSize=740]
D/Mms/DownloadManager(31169): roaming ------> false, mSimSlot = 0
D/StatusBar.NetworkController( 1184): Nothing, mRoamingIconId = 0
D/StatusBar.NetworkController( 1184): refreshViews connected={ } level=4 combinedSignalIconId=0x7f0204c9/com.android.systemui:drawable/stat_sys_signal_4 mobileLabel=PLAY wifiLabel= emergencyOnly=false combinedLabel=Brak poł. internetowego mAirplaneMode=false mDataActivity=0 mPhoneSignalIconId=0x7f0204c9/com.android.systemui:drawable/stat_sys_signal_4 mQSPhoneSignalIconId=0x7f020136/com.android.systemui:drawable/ic_qs_signal_4 mDataDirectionIconId=0x0/(null) mDataSignalIconId=0x7f0204c9/com.android.systemui:drawable/stat_sys_signal_4 mDataTypeIconId=0x7f020347/com.android.systemui:drawable/stat_sys_data_connected_h mQSDataTypeIconId=0x7f020140/com.android.systemui:drawable/ic_qs_signal_h mNoSimIconId=0x0/(null) mWifiIconId=0x0/(null) mQSWifiIconId=0x0/(null) mWifiActivityIconId=0x0/(null) mBluetoothTetherIconId=0x10808f0/android:drawable/stat_sys_tether_bluetooth
D/STATUSBAR-WifiQuickSettingButton( 1184): onWifiSignalChanged enabled=false enabledDesc:null
D/StatusBar.NetworkController( 1184): onDataConnectionStateChanged: state=0 type=10
D/StatusBar.NetworkController( 1184): getUpdateDataNetType(): 10
D/StatusBar.NetworkController( 1184): getUpdateDataNetType(): mDataTypeBrand = LTE
D/StatusBar.NetworkController( 1184): updateDataNetType()
D/DctController( 1414): [DctController] DataStateReceiver: phoneId= 0
D/DctController( 1414): [DctController] DataStateReceiver: STATE_IN_SERVICE Intent from phoneId=0
D/PhoneApp( 1414): roamingMode = 2, isPlay = true
D/FileWriteThread_Telephony( 1414): FileWriteThread : threadType = 3
D/Mms/TelephonyUtils(31169): getSubId from simSlot 0, return Value = 2
D/StatusBar.NetworkController( 1184): Nothing, mRoamingIconId = 0
E/StatusBar.NetworkController( 1184): updateLTEICONDataNetType:10
D/StatusBar.NetworkController( 1184): updateDataIcon, mDataDirectionIconId = (null) mDataConnected = false
D/StatusBar.NetworkController( 1184): Nothing, mRoamingIconId = 0
D/StatusBar.NetworkController( 1184): refreshViews connected={ } level=4 combinedSignalIconId=0x7f0204c9/com.android.systemui:drawable/stat_sys_signal_4 mobileLabel=PLAY wifiLabel= emergencyOnly=false combinedLabel=Brak poł. internetowego mAirplaneMode=false mDataActivity=0 mPhoneSignalIconId=0x7f0204c9/com.android.systemui:drawable/stat_sys_signal_4 mQSPhoneSignalIconId=0x7f020136/com.android.systemui:drawable/ic_qs_signal_4 mDataDirectionIconId=0x0/(null) mDataSignalIconId=0x7f0204c9/com.android.systemui:drawable/stat_sys_signal_4 mDataTypeIconId=0x7f020347/com.android.systemui:drawable/stat_sys_data_connected_h mQSDataTypeIconId=0x7f020140/com.android.systemui:drawable/ic_qs_signal_h mNoSimIconId=0x0/(null) mWifiIconId=0x0/(null) mQSWifiIconId=0x0/(null) mWifiActivityIconId=0x0/(null) mBluetoothTetherIconId=0x10808f0/android:drawable/stat_sys_tether_bluetooth
D/STATUSBAR-WifiQuickSettingButton( 1184): onWifiSignalChanged enabled=false enabledDesc:null
D/Mms/DownloadManager(31169): roaming -> false (slotId = 0)
D/Mms/DownloadManager(31169): [NotificationTransaction] getAutoDownloadState simSlot : 0
D/Mms/DownloadManager(31169): auto download without roaming -> true
D/Mms/DownloadManager(31169): [NotificationTransaction] getAutoDownloadState alwaysAuto : false, roaming : false
D/Mms/DownloadManager(31169): mAutoDownload ------> true
D/Mms/SmsReceiver(31169): filterMsgServiceIntent : intent.getAction() : android.intent.action.SERVICE_STATE
D/SettingsProvider(  777): name = internet_call_settings_visibility
D/SettingsProvider(  777): edmUri: content://com.sec.knox.provider/RestrictionPolicy3
D/SettingsProvider(  777): projectionArgs: isSettingsChangesAllowed
D/SettingsProvider(  777): selectionArgs: false
D/SettingsProvider(  777): selectionArgs: 1001
D/SecContentProvider(  777): uri = 17 selection = isSettingsChangesAllowed
D/SettingsProvider(  777): ret = -1
D/BootupListener( 1414): intent.getAction() = android.intent.action.SERVICE_STATE
D/StatusChecker(20093): onReceive : android.intent.action.SERVICE_STATE
D/StatusChecker(20093): Service state changed : 0 mSub2
D/Mms/SmsReceiverService(31169): ServiceEnabler.startService is called
D/Mms/MethodReflector(31169): com.tencent.engine.ServiceEnabler getClass ClassNotFoundException
D/Mms/MethodReflector(31169): getMethod() className is null
D/Mms/MethodReflector(31169): method is null
D/Mms/SmsReceiverService(31169): onStart: #1, mResultCode: 0 = Unknown error code, action = android.intent.action.SERVICE_STATE
D/Mms/TelephonyPermission(31169): mUserId = 0
D/Mms/TelephonyPermission(31169): isDefault false
D/Mms/SmsReceiverService(31169): [SMS]Receiver handleMessage : Action =android.intent.action.SERVICE_STATE
D/Mms/SmsReceiverService(31169): HeadsetEventReceiver, onReceive(), action = android.intent.action.HEADSET_PLUGHeadsetplugged = false
E/SMD     (  303): connect error:13
E/audit   ( 1860): type=1400 msg=audit(1570266421.881:376014): avc:  denied  { connectto } for  pid=1083 comm="smdexe" path="/data/.socket_stream" scontext=u:r:smdexe:s0 tcontext=u:r:init:s0 tclass=unix_stream_socket
E/audit   ( 1860):  SEPF_SM-N9005_5.0-2_0065
E/audit   ( 1860): 
E/audit   ( 1860): type=1300 msg=audit(1570266421.881:376014): arch=40000028 syscall=283 per=800000 success=no exit=-13 a0=a a1=b69f1cfc a2=6e a3=b6f87904 items=1 ppid=1 ppcomm=init pid=1083 auid=4294967295 uid=1000 gid=1000 euid=1000 suid=1000 fsuid=1000 egid=1000 sgid=1000 fsgid=1000 tty=(none) ses=4294967295 comm="smdexe" exe="/system/bin/smdexe" subj=u:r:smdexe:s0 key=(null)
E/audit   ( 1860): type=1306 msg=audit(1570266421.881:376014): saddr=01002F646174612F2E736F636B65745F73747265616D00000000000000000000000000000000000000000000000000000000000000000000000000000000000000000000000000000000000000000000000000000000000000000000000000000000000000000000000000000000
E/audit   ( 1860): type=1302 msg=audit(1570266421.881:376014): item=0 name=(null) inode=13 dev=b3:1a mode=0140700 ouid=1000 ogid=1000 rdev=00:00 obj=u:object_r:system_data_file:s0
E/audit   ( 1860): type=1320 msg=audit(1570266421.881:376014): 
D/SecurityLogAgent:SEDenialService(  777): Got Modify Event and sending Denial Intent foraudit.log
D/SecurityLogAgent:SEDenialService(  777): audit.ondenial set to 0 after sending samsung.intent.action.knox.DENIAL_NOTIFICATION intent
E/SMD     (  303): connect error:13
I/qdhwcomposer(  266): handle_blank_event: dpy:0 panel power state: 0
E/audit   ( 1860): type=1400 msg=audit(1570266428.988:376015): avc:  denied  { connectto } for  pid=1083 comm="smdexe" path="/data/.socket_stream" scontext=u:r:smdexe:s0 tcontext=u:r:init:s0 tclass=unix_stream_socket
E/audit   ( 1860):  SEPF_SM-N9005_5.0-2_0065
E/audit   ( 1860): 
E/audit   ( 1860): type=1300 msg=audit(1570266428.988:376015): arch=40000028 syscall=283 per=800000 success=no exit=-13 a0=a a1=b69f1cfc a2=6e a3=b6f87904 items=1 ppid=1 ppcomm=init pid=1083 auid=4294967295 uid=1000 gid=1000 euid=1000 suid=1000 fsuid=1000 egid=1000 sgid=1000 fsgid=1000 tty=(none) ses=4294967295 comm="smdexe" exe="/system/bin/smdexe" subj=u:r:smdexe:s0 key=(null)
E/audit   ( 1860): type=1306 msg=audit(1570266428.988:376015): saddr=01002F646174612F2E736F636B65745F73747265616D00000000000000000000000000000000000000000000000000000000000000000000000000000000000000000000000000000000000000000000000000000000000000000000000000000000000000000000000000000000
E/audit   ( 1860): type=1302 msg=audit(1570266428.988:376015): item=0 name=(null) inode=13 dev=b3:1a mode=0140700 ouid=1000 ogid=1000 rdev=00:00 obj=u:object_r:system_data_file:s0
E/audit   ( 1860): type=1320 msg=audit(1570266428.988:376015): 
E/MotionRecognitionService(  777): Motion Thread--
E/MotionRecognitionService(  777): Motion Thread++
D/SecurityLogAgent:SEDenialService(  777): Got Modify Event and sending Denial Intent foraudit.log
D/SecurityLogAgent:SEDenialService(  777): audit.ondenial set to 0 after sending samsung.intent.action.knox.DENIAL_NOTIFICATION intent
V/LpnetManagerService(  777): on AC power
D/KeyguardUpdateMonitor( 1184): received broadcast android.intent.action.BATTERY_CHANGED
D/KeyguardUpdateMonitor( 1184): handleBatteryUpdate
I/qdhwcomposer(  266): handle_blank_event: dpy:0 panel power state: 0
E/MotionRecognitionService(  777): Motion Thread--
E/MotionRecognitionService(  777): Motion Thread++
D/KeyguardUpdateMonitor( 1184): received broadcast android.intent.action.BATTERY_CHANGED
D/KeyguardUpdateMonitor( 1184): handleBatteryUpdate
V/LpnetManagerService(  777): on AC power
W/KeyguardSecurityViewFlipper( 1184): onMeasure: widthSpec MeasureSpec: EXACTLY 1080 should be AT_MOST
