E/audit   ( 1860): type=1400 msg=audit(1570266238.550:375881): avc:  denied  { connectto } for  pid=1083 comm="smdexe" path="/data/.socket_stream" scontext=u:r:smdexe:s0 tcontext=u:r:init:s0 tclass=unix_stream_socket
E/audit   ( 1860):  SEPF_SM-N9005_5.0-2_0065
E/audit   ( 1860): 
E/audit   ( 1860): type=1300 msg=audit(1570266238.550:375881): arch=40000028 syscall=283 per=800000 success=no exit=-13 a0=a a1=b69f1cfc a2=6e a3=b6f87904 items=1 ppid=1 ppcomm=init pid=1083 auid=4294967295 uid=1000 gid=1000 euid=1000 suid=1000 fsuid=1000 egid=1000 sgid=1000 fsgid=1000 tty=(none) ses=4294967295 comm="smdexe" exe="/system/bin/smdexe" subj=u:r:smdexe:s0 key=(null)
E/audit   ( 1860): type=1306 msg=audit(1570266238.550:375881): saddr=01002F646174612F2E736F636B65745F73747265616D00000000000000000000000000000000000000000000000000000000000000000000000000000000000000000000000000000000000000000000000000000000000000000000000000000000000000000000000000000000
E/audit   ( 1860): type=1302 msg=audit(1570266238.550:375881): item=0 name=(null) inode=13 dev=b3:1a mode=0140700 ouid=1000 ogid=1000 rdev=00:00 obj=u:object_r:system_data_file:s0
E/audit   ( 1860): type=1320 msg=audit(1570266238.550:375881): 
D/SecurityLogAgent:SEDenialService(  777): Got Modify Event and sending Denial Intent foraudit.log
D/SecurityLogAgent:SEDenialService(  777): audit.ondenial set to 0 after sending samsung.intent.action.knox.DENIAL_NOTIFICATION intent
E/SMD     (  303): connect error:13
E/audit   ( 1860): type=1400 msg=audit(1570266239.550:375882): avc:  denied  { connectto } for  pid=1083 comm="smdexe" path="/data/.socket_stream" scontext=u:r:smdexe:s0 tcontext=u:r:init:s0 tclass=unix_stream_socket
E/audit   ( 1860):  SEPF_SM-N9005_5.0-2_0065
E/audit   ( 1860): 
E/audit   ( 1860): type=1300 msg=audit(1570266239.550:375882): arch=40000028 syscall=283 per=800000 success=no exit=-13 a0=a a1=b69f1cfc a2=6e a3=b6f87904 items=1 ppid=1 ppcomm=init pid=1083 auid=4294967295 uid=1000 gid=1000 euid=1000 suid=1000 fsuid=1000 egid=1000 sgid=1000 fsgid=1000 tty=(none) ses=4294967295 comm="smdexe" exe="/system/bin/smdexe" subj=u:r:smdexe:s0 key=(null)
E/audit   ( 1860): type=1306 msg=audit(1570266239.550:375882): saddr=01002F646174612F2E736F636B65745F73747265616D00000000000000000000000000000000000000000000000000000000000000000000000000000000000000000000000000000000000000000000000000000000000000000000000000000000000000000000000000000000
E/audit   ( 1860): type=1302 msg=audit(1570266239.550:375882): item=0 name=(null) inode=13 dev=b3:1a mode=0140700 ouid=1000 ogid=1000 rdev=00:00 obj=u:object_r:system_data_file:s0
D/SecurityLogAgent:SEDenialService(  777): Got Modify Event and sending Denial Intent foraudit.log
E/audit   ( 1860): type=1320 msg=audit(1570266239.550:375882): 
D/SecurityLogAgent:SEDenialService(  777): audit.ondenial set to 0 after sending samsung.intent.action.knox.DENIAL_NOTIFICATION intent
E/SMD     (  303): connect error:13
E/audit   ( 1860): type=1400 msg=audit(1570266240.550:375883): avc:  denied  { connectto } for  pid=1083 comm="smdexe" path="/data/.socket_stream" scontext=u:r:smdexe:s0 tcontext=u:r:init:s0 tclass=unix_stream_socket
E/audit   ( 1860):  SEPF_SM-N9005_5.0-2_0065
E/audit   ( 1860): 
E/audit   ( 1860): type=1300 msg=audit(1570266240.550:375883): arch=40000028 syscall=283 per=800000 success=no exit=-13 a0=a a1=b69f1cfc a2=6e a3=b6f87904 items=1 ppid=1 ppcomm=init pid=1083 auid=4294967295 uid=1000 gid=1000 euid=1000 suid=1000 fsuid=1000 egid=1000 sgid=1000 fsgid=1000 tty=(none) ses=4294967295 comm="smdexe" exe="/system/bin/smdexe" subj=u:r:smdexe:s0 key=(null)
E/audit   ( 1860): type=1306 msg=audit(1570266240.550:375883): saddr=01002F646174612F2E736F636B65745F73747265616D00000000000000000000000000000000000000000000000000000000000000000000000000000000000000000000000000000000000000000000000000000000000000000000000000000000000000000000000000000000
E/audit   ( 1860): type=1302 msg=audit(1570266240.550:375883): item=0 name=(null) inode=13 dev=b3:1a mode=0140700 ouid=1000 ogid=1000 rdev=00:00 obj=u:object_r:system_data_file:s0
E/audit   ( 1860): type=1320 msg=audit(1570266240.550:375883): 
D/SecurityLogAgent:SEDenialService(  777): Got Modify Event and sending Denial Intent foraudit.log
D/SecurityLogAgent:SEDenialService(  777): audit.ondenial set to 0 after sending samsung.intent.action.knox.DENIAL_NOTIFICATION intent
I/JobManager( 6928): onConstraintMet(CellServiceConstraintObserver)
D/StatusBar.NetworkController( 1184): onServiceStateChanged voiceState=0 dataState=0
D/StatusBar.NetworkController( 1184): onServiceStateChanged mDataNetType=15
D/StatusBar.NetworkController( 1184): updateTelephonySignalStrength: hasService=true ss=SignalStrength: 19 99 -120 -160 -120 -1 -1 99 2147483647 2147483647 2147483647 -1 2147483647 0x4 gsm|lte
D/StatusBar.NetworkController( 1184): updateTelephonySignalStrength: iconLevel=4
D/StatusBar.NetworkController( 1184): updateTelephonySignalStrength, No signal level. mPhoneSignalIconId = com.android.systemui:drawable/stat_sys_signal_4 mDataSignalIconId = com.android.systemui:drawable/stat_sys_signal_4 mQSPhoneSignalIconId = com.android.systemui:drawable/ic_qs_signal_4 mContentDescriptionPhoneSignal = Pełen sygnał telefonu
D/StatusBar.NetworkController( 1184): getUpdateDataNetType(): 15
D/StatusBar.NetworkController( 1184): getUpdateDataNetType(): mDataTypeBrand = LTE
D/StatusBar.NetworkController( 1184): updateDataNetType()
D/StatusBar.NetworkController( 1184): Nothing, mRoamingIconId = 0
E/StatusBar.NetworkController( 1184): updateLTEICONDataNetType:15
D/StatusBar.NetworkController( 1184): updateDataIcon, mDataDirectionIconId = (null) mDataConnected = false
D/WifiController(  777): SET_AP_BOOSTER_FLAG ignored due to state change
D/StatusBar.NetworkController( 1184): Nothing, mRoamingIconId = 0
D/StatusBar.NetworkController( 1184): refreshViews connected={ } level=4 combinedSignalIconId=0x7f0204c9/com.android.systemui:drawable/stat_sys_signal_4 mobileLabel=PLAY wifiLabel= emergencyOnly=false combinedLabel=Brak poł. internetowego mAirplaneMode=false mDataActivity=0 mPhoneSignalIconId=0x7f0204c9/com.android.systemui:drawable/stat_sys_signal_4 mQSPhoneSignalIconId=0x7f020136/com.android.systemui:drawable/ic_qs_signal_4 mDataDirectionIconId=0x0/(null) mDataSignalIconId=0x7f0204c9/com.android.systemui:drawable/stat_sys_signal_4 mDataTypeIconId=0x7f020348/com.android.systemui:drawable/stat_sys_data_connected_h_plus mQSDataTypeIconId=0x0/(null) mNoSimIconId=0x0/(null) mWifiIconId=0x0/(null) mQSWifiIconId=0x0/(null) mWifiActivityIconId=0x0/(null) mBluetoothTetherIconId=0x10808f0/android:drawable/stat_sys_tether_bluetooth
D/STATUSBAR-WifiQuickSettingButton( 1184): onWifiSignalChanged enabled=false enabledDesc:null
D/StatusBar.NetworkController( 1184): refreshSignalCluster - setNWBoosterIndicators(false)
D/StatusBar.NetworkController( 1184): applyOpen
D/StatusBar.NetworkController( 1184): refreshSignalCluster - setNWBoosterIndicators(false)
D/StatusBar.NetworkController( 1184): applyOpen
D/StatusBar.NetworkController( 1184): refreshSignalCluster - setNWBoosterIndicators(false)
D/StatusBar.NetworkController( 1184): applyOpen
D/StatusBar.NetworkController( 1184): refreshSignalCluster - setNWBoosterIndicators(false)
D/StatusBar.NetworkController( 1184): applyOpen
D/DctController( 1414): [DctController] DataStateReceiver: phoneId= 0
D/DctController( 1414): [DctController] DataStateReceiver: STATE_IN_SERVICE Intent from phoneId=0
D/PhoneApp( 1414): roamingMode = 2, isPlay = true
D/Mms/DownloadManager(31169): Service state changed: Bundle[mParcelledData.dataSize=740]
D/Mms/DownloadManager(31169): roaming ------> false, mSimSlot = 0
D/FileWriteThread_Telephony( 1414): FileWriteThread : threadType = 3
D/StatusBar.NetworkController( 1184): onDataConnectionStateChanged: state=0 type=15
D/StatusBar.NetworkController( 1184): getUpdateDataNetType(): 15
D/StatusBar.NetworkController( 1184): getUpdateDataNetType(): mDataTypeBrand = LTE
D/StatusBar.NetworkController( 1184): updateDataNetType()
D/StatusBar.NetworkController( 1184): Nothing, mRoamingIconId = 0
E/StatusBar.NetworkController( 1184): updateLTEICONDataNetType:15
D/StatusBar.NetworkController( 1184): updateDataIcon, mDataDirectionIconId = (null) mDataConnected = false
D/StatusBar.NetworkController( 1184): Nothing, mRoamingIconId = 0
D/StatusBar.NetworkController( 1184): refreshViews connected={ } level=4 combinedSignalIconId=0x7f0204c9/com.android.systemui:drawable/stat_sys_signal_4 mobileLabel=PLAY wifiLabel= emergencyOnly=false combinedLabel=Brak poł. internetowego mAirplaneMode=false mDataActivity=0 mPhoneSignalIconId=0x7f0204c9/com.android.systemui:drawable/stat_sys_signal_4 mQSPhoneSignalIconId=0x7f020136/com.android.systemui:drawable/ic_qs_signal_4 mDataDirectionIconId=0x0/(null) mDataSignalIconId=0x7f0204c9/com.android.systemui:drawable/stat_sys_signal_4 mDataTypeIconId=0x7f020348/com.android.systemui:drawable/stat_sys_data_connected_h_plus mQSDataTypeIconId=0x0/(null) mNoSimIconId=0x0/(null) mWifiIconId=0x0/(null) mQSWifiIconId=0x0/(null) mWifiActivityIconId=0x0/(null) mBluetoothTetherIconId=0x10808f0/android:drawable/stat_sys_tether_bluetooth
D/STATUSBAR-WifiQuickSettingButton( 1184): onWifiSignalChanged enabled=false enabledDesc:null
D/Mms/TelephonyUtils(31169): getSubId from simSlot 0, return Value = 2
D/Mms/DownloadManager(31169): roaming -> false (slotId = 0)
D/Mms/DownloadManager(31169): [NotificationTransaction] getAutoDownloadState simSlot : 0
D/Mms/DownloadManager(31169): auto download without roaming -> true
D/Mms/DownloadManager(31169): [NotificationTransaction] getAutoDownloadState alwaysAuto : false, roaming : false
D/Mms/DownloadManager(31169): mAutoDownload ------> true
D/Mms/SmsReceiver(31169): filterMsgServiceIntent : intent.getAction() : android.intent.action.SERVICE_STATE
D/SettingsProvider(  777): name = internet_call_settings_visibility
D/SettingsProvider(  777): edmUri: content://com.sec.knox.provider/RestrictionPolicy3
D/SettingsProvider(  777): projectionArgs: isSettingsChangesAllowed
D/SettingsProvider(  777): selectionArgs: false
D/SettingsProvider(  777): selectionArgs: 1001
D/SecContentProvider(  777): uri = 17 selection = isSettingsChangesAllowed
D/SettingsProvider(  777): ret = -1
D/BootupListener( 1414): intent.getAction() = android.intent.action.SERVICE_STATE
D/StatusChecker(20093): onReceive : android.intent.action.SERVICE_STATE
D/Mms/SmsReceiverService(31169): ServiceEnabler.startService is called
D/Mms/MethodReflector(31169): com.tencent.engine.ServiceEnabler getClass ClassNotFoundException
D/Mms/MethodReflector(31169): getMethod() className is null
D/Mms/MethodReflector(31169): method is null
D/Mms/SmsReceiverService(31169): onStart: #1, mResultCode: 0 = Unknown error code, action = android.intent.action.SERVICE_STATE
D/Mms/SmsReceiverService(31169): HeadsetEventReceiver, onReceive(), action = android.intent.action.HEADSET_PLUGHeadsetplugged = false
D/Mms/TelephonyPermission(31169): mUserId = 0
D/Mms/TelephonyPermission(31169): isDefault false
D/Mms/SmsReceiverService(31169): [SMS]Receiver handleMessage : Action =android.intent.action.SERVICE_STATE
D/StatusChecker(20093): Service state changed : 0 mSub2
E/SMD     (  303): connect error:13
E/audit   ( 1860): type=1400 msg=audit(1570266241.560:375884): avc:  denied  { connectto } for  pid=1083 comm="smdexe" path="/data/.socket_stream" scontext=u:r:smdexe:s0 tcontext=u:r:init:s0 tclass=unix_stream_socket
E/audit   ( 1860):  SEPF_SM-N9005_5.0-2_0065
E/audit   ( 1860): 
E/audit   ( 1860): type=1300 msg=audit(1570266241.560:375884): arch=40000028 syscall=283 per=800000 success=no exit=-13 a0=a a1=b69f1cfc a2=6e a3=b6f87904 items=1 ppid=1 ppcomm=init pid=1083 auid=4294967295 uid=1000 gid=1000 euid=1000 suid=1000 fsuid=1000 egid=1000 sgid=1000 fsgid=1000 tty=(none) ses=4294967295 comm="smdexe" exe="/system/bin/smdexe" subj=u:r:smdexe:s0 key=(null)
E/audit   ( 1860): type=1306 msg=audit(1570266241.560:375884): saddr=01002F646174612F2E736F636B65745F73747265616D00000000000000000000000000000000000000000000000000000000000000000000000000000000000000000000000000000000000000000000000000000000000000000000000000000000000000000000000000000000
E/audit   ( 1860): type=1302 msg=audit(1570266241.560:375884): item=0 name=(null) inode=13 dev=b3:1a mode=0140700 ouid=1000 ogid=1000 rdev=00:00 obj=u:object_r:system_data_file:s0
E/audit   ( 1860): type=1320 msg=audit(1570266241.560:375884): 
D/SecurityLogAgent:SEDenialService(  777): Got Modify Event and sending Denial Intent foraudit.log
D/SecurityLogAgent:SEDenialService(  777): audit.ondenial set to 0 after sending samsung.intent.action.knox.DENIAL_NOTIFICATION intent
D/StatusBar.NetworkController( 1184): onServiceStateChanged voiceState=0 dataState=0
D/StatusBar.NetworkController( 1184): onServiceStateChanged mDataNetType=9
D/StatusBar.NetworkController( 1184): updateTelephonySignalStrength: hasService=true ss=SignalStrength: 19 99 -120 -160 -120 -1 -1 99 2147483647 2147483647 2147483647 -1 2147483647 0x4 gsm|lte
D/StatusBar.NetworkController( 1184): updateTelephonySignalStrength: iconLevel=4
D/StatusBar.NetworkController( 1184): updateTelephonySignalStrength, No signal level. mPhoneSignalIconId = com.android.systemui:drawable/stat_sys_signal_4 mDataSignalIconId = com.android.systemui:drawable/stat_sys_signal_4 mQSPhoneSignalIconId = com.android.systemui:drawable/ic_qs_signal_4 mContentDescriptionPhoneSignal = Pełen sygnał telefonu
D/StatusBar.NetworkController( 1184): getUpdateDataNetType(): 9
D/StatusBar.NetworkController( 1184): getUpdateDataNetType(): mDataTypeBrand = LTE
D/StatusBar.NetworkController( 1184): updateDataNetType()
I/JobManager( 6928): onConstraintMet(CellServiceConstraintObserver)
D/StatusBar.NetworkController( 1184): Nothing, mRoamingIconId = 0
E/StatusBar.NetworkController( 1184): updateLTEICONDataNetType:9
D/StatusBar.NetworkController( 1184): updateDataIcon, mDataDirectionIconId = (null) mDataConnected = false
D/StatusBar.NetworkController( 1184): Nothing, mRoamingIconId = 0
D/StatusBar.NetworkController( 1184): refreshViews connected={ } level=4 combinedSignalIconId=0x7f0204c9/com.android.systemui:drawable/stat_sys_signal_4 mobileLabel=PLAY wifiLabel= emergencyOnly=false combinedLabel=Brak poł. internetowego mAirplaneMode=false mDataActivity=0 mPhoneSignalIconId=0x7f0204c9/com.android.systemui:drawable/stat_sys_signal_4 mQSPhoneSignalIconId=0x7f020136/com.android.systemui:drawable/ic_qs_signal_4 mDataDirectionIconId=0x0/(null) mDataSignalIconId=0x7f0204c9/com.android.systemui:drawable/stat_sys_signal_4 mDataTypeIconId=0x7f020347/com.android.systemui:drawable/stat_sys_data_connected_h mQSDataTypeIconId=0x7f020140/com.android.systemui:drawable/ic_qs_signal_h mNoSimIconId=0x0/(null) mWifiIconId=0x0/(null) mQSWifiIconId=0x0/(null) mWifiActivityIconId=0x0/(null) mBluetoothTetherIconId=0x10808f0/android:drawable/stat_sys_tether_bluetooth
D/STATUSBAR-WifiQuickSettingButton( 1184): onWifiSignalChanged enabled=false enabledDesc:null
D/StatusBar.NetworkController( 1184): refreshSignalCluster - setNWBoosterIndicators(false)
D/StatusBar.NetworkController( 1184): applyOpen
D/StatusBar.NetworkController( 1184): refreshSignalCluster - setNWBoosterIndicators(false)
D/StatusBar.NetworkController( 1184): applyOpen
D/StatusBar.NetworkController( 1184): refreshSignalCluster - setNWBoosterIndicators(false)
D/StatusBar.NetworkController( 1184): applyOpen
D/StatusBar.NetworkController( 1184): refreshSignalCluster - setNWBoosterIndicators(false)
D/StatusBar.NetworkController( 1184): applyOpen
D/WifiController(  777): SET_AP_BOOSTER_FLAG ignored due to state change
D/DctController( 1414): [DctController] DataStateReceiver: phoneId= 0
D/DctController( 1414): [DctController] DataStateReceiver: STATE_IN_SERVICE Intent from phoneId=0
D/PhoneApp( 1414): roamingMode = 2, isPlay = true
D/FileWriteThread_Telephony( 1414): FileWriteThread : threadType = 3
D/Mms/DownloadManager(31169): Service state changed: Bundle[mParcelledData.dataSize=740]
D/Mms/DownloadManager(31169): roaming ------> false, mSimSlot = 0
D/Mms/TelephonyUtils(31169): getSubId from simSlot 0, return Value = 2
D/StatusBar.NetworkController( 1184): onDataConnectionStateChanged: state=0 type=9
D/StatusBar.NetworkController( 1184): getUpdateDataNetType(): 9
D/StatusBar.NetworkController( 1184): getUpdateDataNetType(): mDataTypeBrand = LTE
D/StatusBar.NetworkController( 1184): updateDataNetType()
D/StatusBar.NetworkController( 1184): Nothing, mRoamingIconId = 0
E/StatusBar.NetworkController( 1184): updateLTEICONDataNetType:9
D/StatusBar.NetworkController( 1184): updateDataIcon, mDataDirectionIconId = (null) mDataConnected = false
D/StatusBar.NetworkController( 1184): Nothing, mRoamingIconId = 0
D/StatusBar.NetworkController( 1184): refreshViews connected={ } level=4 combinedSignalIconId=0x7f0204c9/com.android.systemui:drawable/stat_sys_signal_4 mobileLabel=PLAY wifiLabel= emergencyOnly=false combinedLabel=Brak poł. internetowego mAirplaneMode=false mDataActivity=0 mPhoneSignalIconId=0x7f0204c9/com.android.systemui:drawable/stat_sys_signal_4 mQSPhoneSignalIconId=0x7f020136/com.android.systemui:drawable/ic_qs_signal_4 mDataDirectionIconId=0x0/(null) mDataSignalIconId=0x7f0204c9/com.android.systemui:drawable/stat_sys_signal_4 mDataTypeIconId=0x7f020347/com.android.systemui:drawable/stat_sys_data_connected_h mQSDataTypeIconId=0x7f020140/com.android.systemui:drawable/ic_qs_signal_h mNoSimIconId=0x0/(null) mWifiIconId=0x0/(null) mQSWifiIconId=0x0/(null) mWifiActivityIconId=0x0/(null) mBluetoothTetherIconId=0x10808f0/android:drawable/stat_sys_tether_bluetooth
D/STATUSBAR-WifiQuickSettingButton( 1184): onWifiSignalChanged enabled=false enabledDesc:null
D/Mms/DownloadManager(31169): roaming -> false (slotId = 0)
D/Mms/DownloadManager(31169): [NotificationTransaction] getAutoDownloadState simSlot : 0
D/Mms/DownloadManager(31169): auto download without roaming -> true
D/Mms/DownloadManager(31169): [NotificationTransaction] getAutoDownloadState alwaysAuto : false, roaming : false
D/Mms/DownloadManager(31169): mAutoDownload ------> true
D/Mms/SmsReceiver(31169): filterMsgServiceIntent : intent.getAction() : android.intent.action.SERVICE_STATE
E/SMD     (  303): connect error:13
E/audit   ( 1860): type=1400 msg=audit(1570266242.560:375885): avc:  denied  { connectto } for  pid=1083 comm="smdexe" path="/data/.socket_stream" scontext=u:r:smdexe:s0 tcontext=u:r:init:s0 tclass=unix_stream_socket
E/audit   ( 1860):  SEPF_SM-N9005_5.0-2_0065
E/audit   ( 1860): 
E/audit   ( 1860): type=1300 msg=audit(1570266242.560:375885): arch=40000028 syscall=283 per=800000 success=no exit=-13 a0=a a1=b69f1cfc a2=6e a3=b6f87904 items=1 ppid=1 ppcomm=init pid=1083 auid=4294967295 uid=1000 gid=1000 euid=1000 suid=1000 fsuid=1000 egid=1000 sgid=1000 fsgid=1000 tty=(none) ses=4294967295 comm="smdexe" exe="/system/bin/smdexe" subj=u:r:smdexe:s0 key=(null)
E/audit   ( 1860): type=1306 msg=audit(1570266242.560:375885): saddr=01002F646174612F2E736F636B65745F73747265616D00000000000000000000000000000000000000000000000000000000000000000000000000000000000000000000000000000000000000000000000000000000000000000000000000000000000000000000000000000000
E/audit   ( 1860): type=1302 msg=audit(1570266242.560:375885): item=0 name=(null) inode=13 dev=b3:1a mode=0140700 ouid=1000 ogid=1000 rdev=00:00 obj=u:object_r:system_data_file:s0
E/audit   ( 1860): type=1320 msg=audit(1570266242.560:375885): 
D/SecurityLogAgent:SEDenialService(  777): Got Modify Event and sending Denial Intent foraudit.log
D/SettingsProvider(  777): name = internet_call_settings_visibility
D/SettingsProvider(  777): edmUri: content://com.sec.knox.provider/RestrictionPolicy3
D/SettingsProvider(  777): projectionArgs: isSettingsChangesAllowed
D/SettingsProvider(  777): selectionArgs: false
D/SettingsProvider(  777): selectionArgs: 1001
D/SecContentProvider(  777): uri = 17 selection = isSettingsChangesAllowed
D/SettingsProvider(  777): ret = -1
D/BootupListener( 1414): intent.getAction() = android.intent.action.SERVICE_STATE
D/SecurityLogAgent:SEDenialService(  777): audit.ondenial set to 0 after sending samsung.intent.action.knox.DENIAL_NOTIFICATION intent
D/StatusChecker(20093): onReceive : android.intent.action.SERVICE_STATE
D/StatusChecker(20093): Service state changed : 0 mSub2
D/Mms/SmsReceiverService(31169): ServiceEnabler.startService is called
D/Mms/MethodReflector(31169): com.tencent.engine.ServiceEnabler getClass ClassNotFoundException
D/Mms/MethodReflector(31169): getMethod() className is null
D/Mms/MethodReflector(31169): method is null
D/Mms/SmsReceiverService(31169): onStart: #1, mResultCode: 0 = Unknown error code, action = android.intent.action.SERVICE_STATE
D/Mms/SmsReceiverService(31169): HeadsetEventReceiver, onReceive(), action = android.intent.action.HEADSET_PLUGHeadsetplugged = false
D/Mms/TelephonyPermission(31169): mUserId = 0
D/Mms/TelephonyPermission(31169): isDefault false
D/Mms/SmsReceiverService(31169): [SMS]Receiver handleMessage : Action =android.intent.action.SERVICE_STATE
D/StatusBar.NetworkController( 1184): onServiceStateChanged voiceState=0 dataState=0
D/StatusBar.NetworkController( 1184): onServiceStateChanged mDataNetType=10
D/StatusBar.NetworkController( 1184): updateTelephonySignalStrength: hasService=true ss=SignalStrength: 19 99 -120 -160 -120 -1 -1 99 2147483647 2147483647 2147483647 -1 2147483647 0x4 gsm|lte
D/StatusBar.NetworkController( 1184): updateTelephonySignalStrength: iconLevel=4
D/StatusBar.NetworkController( 1184): updateTelephonySignalStrength, No signal level. mPhoneSignalIconId = com.android.systemui:drawable/stat_sys_signal_4 mDataSignalIconId = com.android.systemui:drawable/stat_sys_signal_4 mQSPhoneSignalIconId = com.android.systemui:drawable/ic_qs_signal_4 mContentDescriptionPhoneSignal = Pełen sygnał telefonu
D/StatusBar.NetworkController( 1184): getUpdateDataNetType(): 10
D/StatusBar.NetworkController( 1184): getUpdateDataNetType(): mDataTypeBrand = LTE
D/StatusBar.NetworkController( 1184): updateDataNetType()
I/JobManager( 6928): onConstraintMet(CellServiceConstraintObserver)
D/StatusBar.NetworkController( 1184): Nothing, mRoamingIconId = 0
E/StatusBar.NetworkController( 1184): updateLTEICONDataNetType:10
D/StatusBar.NetworkController( 1184): updateDataIcon, mDataDirectionIconId = (null) mDataConnected = false
D/StatusBar.NetworkController( 1184): Nothing, mRoamingIconId = 0
D/StatusBar.NetworkController( 1184): refreshViews connected={ } level=4 combinedSignalIconId=0x7f0204c9/com.android.systemui:drawable/stat_sys_signal_4 mobileLabel=PLAY wifiLabel= emergencyOnly=false combinedLabel=Brak poł. internetowego mAirplaneMode=false mDataActivity=0 mPhoneSignalIconId=0x7f0204c9/com.android.systemui:drawable/stat_sys_signal_4 mQSPhoneSignalIconId=0x7f020136/com.android.systemui:drawable/ic_qs_signal_4 mDataDirectionIconId=0x0/(null) mDataSignalIconId=0x7f0204c9/com.android.systemui:drawable/stat_sys_signal_4 mDataTypeIconId=0x7f020347/com.android.systemui:drawable/stat_sys_data_connected_h mQSDataTypeIconId=0x7f020140/com.android.systemui:drawable/ic_qs_signal_h mNoSimIconId=0x0/(null) mWifiIconId=0x0/(null) mQSWifiIconId=0x0/(null) mWifiActivityIconId=0x0/(null) mBluetoothTetherIconId=0x10808f0/android:drawable/stat_sys_tether_bluetooth
D/STATUSBAR-WifiQuickSettingButton( 1184): onWifiSignalChanged enabled=false enabledDesc:null
D/WifiController(  777): SET_AP_BOOSTER_FLAG ignored due to state change
D/StatusBar.NetworkController( 1184): onDataConnectionStateChanged: state=0 type=10
D/StatusBar.NetworkController( 1184): getUpdateDataNetType(): 10
D/StatusBar.NetworkController( 1184): getUpdateDataNetType(): mDataTypeBrand = LTE
D/StatusBar.NetworkController( 1184): updateDataNetType()
D/StatusBar.NetworkController( 1184): Nothing, mRoamingIconId = 0
E/StatusBar.NetworkController( 1184): updateLTEICONDataNetType:10
D/StatusBar.NetworkController( 1184): updateDataIcon, mDataDirectionIconId = (null) mDataConnected = false
D/StatusBar.NetworkController( 1184): Nothing, mRoamingIconId = 0
D/StatusBar.NetworkController( 1184): refreshViews connected={ } level=4 combinedSignalIconId=0x7f0204c9/com.android.systemui:drawable/stat_sys_signal_4 mobileLabel=PLAY wifiLabel= emergencyOnly=false combinedLabel=Brak poł. internetowego mAirplaneMode=false mDataActivity=0 mPhoneSignalIconId=0x7f0204c9/com.android.systemui:drawable/stat_sys_signal_4 mQSPhoneSignalIconId=0x7f020136/com.android.systemui:drawable/ic_qs_signal_4 mDataDirectionIconId=0x0/(null) mDataSignalIconId=0x7f0204c9/com.android.systemui:drawable/stat_sys_signal_4 mDataTypeIconId=0x7f020347/com.android.systemui:drawable/stat_sys_data_connected_h mQSDataTypeIconId=0x7f020140/com.android.systemui:drawable/ic_qs_signal_h mNoSimIconId=0x0/(null) mWifiIconId=0x0/(null) mQSWifiIconId=0x0/(null) mWifiActivityIconId=0x0/(null) mBluetoothTetherIconId=0x10808f0/android:drawable/stat_sys_tether_bluetooth
D/STATUSBAR-WifiQuickSettingButton( 1184): onWifiSignalChanged enabled=false enabledDesc:null
D/DctController( 1414): [DctController] DataStateReceiver: phoneId= 0
D/DctController( 1414): [DctController] DataStateReceiver: STATE_IN_SERVICE Intent from phoneId=0
D/PhoneApp( 1414): roamingMode = 2, isPlay = true
D/FileWriteThread_Telephony( 1414): FileWriteThread : threadType = 3
D/Mms/DownloadManager(31169): Service state changed: Bundle[mParcelledData.dataSize=740]
D/Mms/DownloadManager(31169): roaming ------> false, mSimSlot = 0
D/Mms/TelephonyUtils(31169): getSubId from simSlot 0, return Value = 2
D/Mms/DownloadManager(31169): roaming -> false (slotId = 0)
D/Mms/DownloadManager(31169): [NotificationTransaction] getAutoDownloadState simSlot : 0
D/Mms/DownloadManager(31169): auto download without roaming -> true
D/Mms/DownloadManager(31169): [NotificationTransaction] getAutoDownloadState alwaysAuto : false, roaming : false
D/Mms/DownloadManager(31169): mAutoDownload ------> true
D/Mms/SmsReceiver(31169): filterMsgServiceIntent : intent.getAction() : android.intent.action.SERVICE_STATE
D/SettingsProvider(  777): name = internet_call_settings_visibility
D/SettingsProvider(  777): edmUri: content://com.sec.knox.provider/RestrictionPolicy3
D/SettingsProvider(  777): projectionArgs: isSettingsChangesAllowed
D/SettingsProvider(  777): selectionArgs: false
D/SettingsProvider(  777): selectionArgs: 1001
D/SecContentProvider(  777): uri = 17 selection = isSettingsChangesAllowed
D/SettingsProvider(  777): ret = -1
D/BootupListener( 1414): intent.getAction() = android.intent.action.SERVICE_STATE
D/StatusChecker(20093): onReceive : android.intent.action.SERVICE_STATE
D/StatusChecker(20093): Service state changed : 0 mSub2
D/Mms/SmsReceiverService(31169): ServiceEnabler.startService is called
D/Mms/MethodReflector(31169): com.tencent.engine.ServiceEnabler getClass ClassNotFoundException
D/Mms/MethodReflector(31169): getMethod() className is null
D/Mms/MethodReflector(31169): method is null
D/Mms/SmsReceiverService(31169): onStart: #1, mResultCode: 0 = Unknown error code, action = android.intent.action.SERVICE_STATE
D/Mms/TelephonyPermission(31169): mUserId = 0
D/Mms/TelephonyPermission(31169): isDefault false
D/Mms/SmsReceiverService(31169): HeadsetEventReceiver, onReceive(), action = android.intent.action.HEADSET_PLUGHeadsetplugged = false
D/Mms/SmsReceiverService(31169): [SMS]Receiver handleMessage : Action =android.intent.action.SERVICE_STATE
E/audit   ( 1860): type=1400 msg=audit(1570266243.560:375886): avc:  denied  { connectto } for  pid=1083 comm="smdexe" path="/data/.socket_stream" scontext=u:r:smdexe:s0 tcontext=u:r:init:s0 tclass=unix_stream_socket
E/audit   ( 1860):  SEPF_SM-N9005_5.0-2_0065
E/audit   ( 1860): 
E/SMD     (  303): connect error:13
D/SecurityLogAgent:SEDenialService(  777): Got Modify Event and sending Denial Intent foraudit.log
E/audit   ( 1860): type=1300 msg=audit(1570266243.560:375886): arch=40000028 syscall=283 per=800000 success=no exit=-13 a0=a a1=b69f1cfc a2=6e a3=b6f87904 items=1 ppid=1 ppcomm=init pid=1083 auid=4294967295 uid=1000 gid=1000 euid=1000 suid=1000 fsuid=1000 egid=1000 sgid=1000 fsgid=1000 tty=(none) ses=4294967295 comm="smdexe" exe="/system/bin/smdexe" subj=u:r:smdexe:s0 key=(null)
E/audit   ( 1860): type=1306 msg=audit(1570266243.560:375886): saddr=01002F646174612F2E736F636B65745F73747265616D00000000000000000000000000000000000000000000000000000000000000000000000000000000000000000000000000000000000000000000000000000000000000000000000000000000000000000000000000000000
E/audit   ( 1860): type=1302 msg=audit(1570266243.560:375886): item=0 name=(null) inode=13 dev=b3:1a mode=0140700 ouid=1000 ogid=1000 rdev=00:00 obj=u:object_r:system_data_file:s0
E/audit   ( 1860): type=1320 msg=audit(1570266243.560:375886): 
D/SecurityLogAgent:SEDenialService(  777): audit.ondenial set to 0 after sending samsung.intent.action.knox.DENIAL_NOTIFICATION intent
E/SMD     (  303): connect error:13
E/audit   ( 1860): type=1400 msg=audit(1570266244.570:375887): avc:  denied  { connectto } for  pid=1083 comm="smdexe" path="/data/.socket_stream" scontext=u:r:smdexe:s0 tcontext=u:r:init:s0 tclass=unix_stream_socket
E/audit   ( 1860):  SEPF_SM-N9005_5.0-2_0065
E/audit   ( 1860): 
E/audit   ( 1860): type=1300 msg=audit(1570266244.570:375887): arch=40000028 syscall=283 per=800000 success=no exit=-13 a0=a a1=b69f1cfc a2=6e a3=b6f87904 items=1 ppid=1 ppcomm=init pid=1083 auid=4294967295 uid=1000 gid=1000 euid=1000 suid=1000 fsuid=1000 egid=1000 sgid=1000 fsgid=1000 tty=(none) ses=4294967295 comm="smdexe" exe="/system/bin/smdexe" subj=u:r:smdexe:s0 key=(null)
E/audit   ( 1860): type=1306 msg=audit(1570266244.570:375887): saddr=01002F646174612F2E736F636B65745F73747265616D00000000000000000000000000000000000000000000000000000000000000000000000000000000000000000000000000000000000000000000000000000000000000000000000000000000000000000000000000000000
E/audit   ( 1860): type=1302 msg=audit(1570266244.570:375887): item=0 name=(null) inode=13 dev=b3:1a mode=0140700 ouid=1000 ogid=1000 rdev=00:00 obj=u:object_r:system_data_file:s0
E/audit   ( 1860): type=1320 msg=audit(1570266244.570:375887): 
D/SecurityLogAgent:SEDenialService(  777): Got Modify Event and sending Denial Intent foraudit.log
D/SecurityLogAgent:SEDenialService(  777): audit.ondenial set to 0 after sending samsung.intent.action.knox.DENIAL_NOTIFICATION intent
E/SMD     (  303): connect error:13
E/audit   ( 1860): type=1400 msg=audit(1570266245.570:375888): avc:  denied  { connectto } for  pid=1083 comm="smdexe" path="/data/.socket_stream" scontext=u:r:smdexe:s0 tcontext=u:r:init:s0 tclass=unix_stream_socket
E/audit   ( 1860):  SEPF_SM-N9005_5.0-2_0065
E/audit   ( 1860): 
E/audit   ( 1860): type=1300 msg=audit(1570266245.570:375888): arch=40000028 syscall=283 per=800000 success=no exit=-13 a0=a a1=b69f1cfc a2=6e a3=b6f87904 items=1 ppid=1 ppcomm=init pid=1083 auid=4294967295 uid=1000 gid=1000 euid=1000 suid=1000 fsuid=1000 egid=1000 sgid=1000 fsgid=1000 tty=(none) ses=4294967295 comm="smdexe" exe="/system/bin/smdexe" subj=u:r:smdexe:s0 key=(null)
E/audit   ( 1860): type=1306 msg=audit(1570266245.570:375888): saddr=01002F646174612F2E736F636B65745F73747265616D00000000000000000000000000000000000000000000000000000000000000000000000000000000000000000000000000000000000000000000000000000000000000000000000000000000000000000000000000000000
D/SecurityLogAgent:SEDenialService(  777): Got Modify Event and sending Denial Intent foraudit.log
E/audit   ( 1860): type=1302 msg=audit(1570266245.570:375888): item=0 name=(null) inode=13 dev=b3:1a mode=0140700 ouid=1000 ogid=1000 rdev=00:00 obj=u:object_r:system_data_file:s0
E/audit   ( 1860): type=1320 msg=audit(1570266245.570:375888): 
D/SecurityLogAgent:SEDenialService(  777): audit.ondenial set to 0 after sending samsung.intent.action.knox.DENIAL_NOTIFICATION intent
E/SMD     (  303): connect error:13
E/audit   ( 1860): type=1400 msg=audit(1570266246.570:375889): avc:  denied  { connectto } for  pid=1083 comm="smdexe" path="/data/.socket_stream" scontext=u:r:smdexe:s0 tcontext=u:r:init:s0 tclass=unix_stream_socket
E/audit   ( 1860):  SEPF_SM-N9005_5.0-2_0065
E/audit   ( 1860): 
E/audit   ( 1860): type=1300 msg=audit(1570266246.570:375889): arch=40000028 syscall=283 per=800000 success=no exit=-13 a0=a a1=b69f1cfc a2=6e a3=b6f87904 items=1 ppid=1 ppcomm=init pid=1083 auid=4294967295 uid=1000 gid=1000 euid=1000 suid=1000 fsuid=1000 egid=1000 sgid=1000 fsgid=1000 tty=(none) ses=4294967295 comm="smdexe" exe="/system/bin/smdexe" subj=u:r:smdexe:s0 key=(null)
E/audit   ( 1860): type=1306 msg=audit(1570266246.570:375889): saddr=01002F646174612F2E736F636B65745F73747265616D00000000000000000000000000000000000000000000000000000000000000000000000000000000000000000000000000000000000000000000000000000000000000000000000000000000000000000000000000000000
E/audit   ( 1860): type=1302 msg=audit(1570266246.570:375889): item=0 name=(null) inode=13 dev=b3:1a mode=0140700 ouid=1000 ogid=1000 rdev=00:00 obj=u:object_r:system_data_file:s0
E/audit   ( 1860): type=1320 msg=audit(1570266246.570:375889): 
D/SecurityLogAgent:SEDenialService(  777): Got Modify Event and sending Denial Intent foraudit.log
D/SecurityLogAgent:SEDenialService(  777): audit.ondenial set to 0 after sending samsung.intent.action.knox.DENIAL_NOTIFICATION intent
E/SMD     (  303): connect error:13
E/audit   ( 1860): type=1400 msg=audit(1570266247.570:375890): avc:  denied  { connectto } for  pid=1083 comm="smdexe" path="/data/.socket_stream" scontext=u:r:smdexe:s0 tcontext=u:r:init:s0 tclass=unix_stream_socket
E/audit   ( 1860):  SEPF_SM-N9005_5.0-2_0065
E/audit   ( 1860): 
E/audit   ( 1860): type=1300 msg=audit(1570266247.570:375890): arch=40000028 syscall=283 per=800000 success=no exit=-13 a0=a a1=b69f1cfc a2=6e a3=b6f87904 items=1 ppid=1 ppcomm=init pid=1083 auid=4294967295 uid=1000 gid=1000 euid=1000 suid=1000 fsuid=1000 egid=1000 sgid=1000 fsgid=1000 tty=(none) ses=4294967295 comm="smdexe" exe="/system/bin/smdexe" subj=u:r:smdexe:s0 key=(null)
E/audit   ( 1860): type=1306 msg=audit(1570266247.570:375890): saddr=01002F646174612F2E736F636B65745F73747265616D00000000000000000000000000000000000000000000000000000000000000000000000000000000000000000000000000000000000000000000000000000000000000000000000000000000000000000000000000000000
E/audit   ( 1860): type=1302 msg=audit(1570266247.570:375890): item=0 name=(null) inode=13 dev=b3:1a mode=0140700 ouid=1000 ogid=1000 rdev=00:00 obj=u:object_r:system_data_file:s0
E/audit   ( 1860): type=1320 msg=audit(1570266247.570:375890): 
D/SecurityLogAgent:SEDenialService(  777): Got Modify Event and sending Denial Intent foraudit.log
D/SecurityLogAgent:SEDenialService(  777): audit.ondenial set to 0 after sending samsung.intent.action.knox.DENIAL_NOTIFICATION intent
V/LpnetManagerService(  777): on AC power
D/KeyguardUpdateMonitor( 1184): received broadcast android.intent.action.BATTERY_CHANGED
D/KeyguardUpdateMonitor( 1184): handleBatteryUpdate
E/SMD     (  303): connect error:13
E/audit   ( 1860): type=1400 msg=audit(1570266248.570:375891): avc:  denied  { connectto } for  pid=1083 comm="smdexe" path="/data/.socket_stream" scontext=u:r:smdexe:s0 tcontext=u:r:init:s0 tclass=unix_stream_socket
E/audit   ( 1860):  SEPF_SM-N9005_5.0-2_0065
E/audit   ( 1860): 
E/audit   ( 1860): type=1300 msg=audit(1570266248.570:375891): arch=40000028 syscall=283 per=800000 success=no exit=-13 a0=a a1=b69f1cfc a2=6e a3=b6f87904 items=1 ppid=1 ppcomm=init pid=1083 auid=4294967295 uid=1000 gid=1000 euid=1000 suid=1000 fsuid=1000 egid=1000 sgid=1000 fsgid=1000 tty=(none) ses=4294967295 comm="smdexe" exe="/system/bin/smdexe" subj=u:r:smdexe:s0 key=(null)
E/audit   ( 1860): type=1306 msg=audit(1570266248.570:375891): saddr=01002F646174612F2E736F636B65745F73747265616D00000000000000000000000000000000000000000000000000000000000000000000000000000000000000000000000000000000000000000000000000000000000000000000000000000000000000000000000000000000
E/audit   ( 1860): type=1302 msg=audit(1570266248.570:375891): item=0 name=(null) inode=13 dev=b3:1a mode=0140700 ouid=1000 ogid=1000 rdev=00:00 obj=u:object_r:system_data_file:s0
E/audit   ( 1860): type=1320 msg=audit(1570266248.570:375891): 
D/SecurityLogAgent:SEDenialService(  777): Got Modify Event and sending Denial Intent foraudit.log
D/SecurityLogAgent:SEDenialService(  777): audit.ondenial set to 0 after sending samsung.intent.action.knox.DENIAL_NOTIFICATION intent
E/SMD     (  303): connect error:13
E/audit   ( 1860): type=1400 msg=audit(1570266249.570:375892): avc:  denied  { connectto } for  pid=1083 comm="smdexe" path="/data/.socket_stream" scontext=u:r:smdexe:s0 tcontext=u:r:init:s0 tclass=unix_stream_socket
E/audit   ( 1860):  SEPF_SM-N9005_5.0-2_0065
E/audit   ( 1860): 
E/audit   ( 1860): type=1300 msg=audit(1570266249.570:375892): arch=40000028 syscall=283 per=800000 success=no exit=-13 a0=a a1=b69f1cfc a2=6e a3=b6f87904 items=1 ppid=1 ppcomm=init pid=1083 auid=4294967295 uid=1000 gid=1000 euid=1000 suid=1000 fsuid=1000 egid=1000 sgid=1000 fsgid=1000 tty=(none) ses=4294967295 comm="smdexe" exe="/system/bin/smdexe" subj=u:r:smdexe:s0 key=(null)
E/audit   ( 1860): type=1306 msg=audit(1570266249.570:375892): saddr=01002F646174612F2E736F636B65745F73747265616D00000000000000000000000000000000000000000000000000000000000000000000000000000000000000000000000000000000000000000000000000000000000000000000000000000000000000000000000000000000
E/audit   ( 1860): type=1302 msg=audit(1570266249.570:375892): item=0 name=(null) inode=13 dev=b3:1a mode=0140700 ouid=1000 ogid=1000 rdev=00:00 obj=u:object_r:system_data_file:s0
D/SecurityLogAgent:SEDenialService(  777): Got Modify Event and sending Denial Intent foraudit.log
E/audit   ( 1860): type=1320 msg=audit(1570266249.570:375892): 
D/SecurityLogAgent:SEDenialService(  777): audit.ondenial set to 0 after sending samsung.intent.action.knox.DENIAL_NOTIFICATION intent
D/SecurityLogAgent:SEDenialService(  777): Got Moved To Event audit.old
D/SecurityLogAgent:SEDenialService(  777): Sending Denial Intent for zip
D/SecurityLogAgent:SEDenialService(  777): Got CLOSE_WRITE Event audit.old
E/SMD     (  303): connect error:13
E/audit   ( 1860): type=1400 msg=audit(1570266250.570:375893): avc:  denied  { connectto } for  pid=1083 comm="smdexe" path="/data/.socket_stream" scontext=u:r:smdexe:s0 tcontext=u:r:init:s0 tclass=unix_stream_socket
E/audit   ( 1860):  SEPF_SM-N9005_5.0-2_0065
E/audit   ( 1860): 
E/audit   ( 1860): type=1300 msg=audit(1570266250.570:375893): arch=40000028 syscall=283 per=800000 success=no exit=-13 a0=a a1=b69f1cfc a2=6e a3=b6f87904 items=1 ppid=1 ppcomm=init pid=1083 auid=4294967295 uid=1000 gid=1000 euid=1000 suid=1000 fsuid=1000 egid=1000 sgid=1000 fsgid=1000 tty=(none) ses=4294967295 comm="smdexe" exe="/system/bin/smdexe" subj=u:r:smdexe:s0 key=(null)
E/audit   ( 1860): type=1306 msg=audit(1570266250.570:375893): saddr=01002F646174612F2E736F636B65745F73747265616D00000000000000000000000000000000000000000000000000000000000000000000000000000000000000000000000000000000000000000000000000000000000000000000000000000000000000000000000000000000
D/SecurityLogAgent:SEDenialService(  777): Got Modify Event and sending Denial Intent foraudit.log
E/audit   ( 1860): type=1302 msg=audit(1570266250.570:375893): item=0 name=(null) inode=13 dev=b3:1a mode=0140700 ouid=1000 ogid=1000 rdev=00:00 obj=u:object_r:system_data_file:s0
E/audit   ( 1860): type=1320 msg=audit(1570266250.570:375893): 
D/SecurityLogAgent:SEDenialService(  777): audit.ondenial set to 0 after sending samsung.intent.action.knox.DENIAL_NOTIFICATION intent
E/SMD     (  303): connect error:13
E/audit   ( 1860): type=1400 msg=audit(1570266251.580:375894): avc:  denied  { connectto } for  pid=1083 comm="smdexe" path="/data/.socket_stream" scontext=u:r:smdexe:s0 tcontext=u:r:init:s0 tclass=unix_stream_socket
E/audit   ( 1860):  SEPF_SM-N9005_5.0-2_0065
E/audit   ( 1860): 
E/audit   ( 1860): type=1300 msg=audit(1570266251.580:375894): arch=40000028 syscall=283 per=800000 success=no exit=-13 a0=a a1=b69f1cfc a2=6e a3=b6f87904 items=1 ppid=1 ppcomm=init pid=1083 auid=4294967295 uid=1000 gid=1000 euid=1000 suid=1000 fsuid=1000 egid=1000 sgid=1000 fsgid=1000 tty=(none) ses=4294967295 comm="smdexe" exe="/system/bin/smdexe" subj=u:r:smdexe:s0 key=(null)
E/audit   ( 1860): type=1306 msg=audit(1570266251.580:375894): saddr=01002F646174612F2E736F636B65745F73747265616D00000000000000000000000000000000000000000000000000000000000000000000000000000000000000000000000000000000000000000000000000000000000000000000000000000000000000000000000000000000
E/audit   ( 1860): type=1302 msg=audit(1570266251.580:375894): item=0 name=(null) inode=13 dev=b3:1a mode=0140700 ouid=1000 ogid=1000 rdev=00:00 obj=u:object_r:system_data_file:s0
D/SecurityLogAgent:SEDenialService(  777): Got Modify Event and sending Denial Intent foraudit.log
E/audit   ( 1860): type=1320 msg=audit(1570266251.580:375894): 
D/SecurityLogAgent:SEDenialService(  777): audit.ondenial set to 0 after sending samsung.intent.action.knox.DENIAL_NOTIFICATION intent
E/SMD     (  303): connect error:13
E/audit   ( 1860): type=1400 msg=audit(1570266252.580:375895): avc:  denied  { connectto } for  pid=1083 comm="smdexe" path="/data/.socket_stream" scontext=u:r:smdexe:s0 tcontext=u:r:init:s0 tclass=unix_stream_socket
E/audit   ( 1860):  SEPF_SM-N9005_5.0-2_0065
E/audit   ( 1860): 
E/audit   ( 1860): type=1300 msg=audit(1570266252.580:375895): arch=40000028 syscall=283 per=800000 success=no exit=-13 a0=a a1=b69f1cfc a2=6e a3=b6f87904 items=1 ppid=1 ppcomm=init pid=1083 auid=4294967295 uid=1000 gid=1000 euid=1000 suid=1000 fsuid=1000 egid=1000 sgid=1000 fsgid=1000 tty=(none) ses=4294967295 comm="smdexe" exe="/system/bin/smdexe" subj=u:r:smdexe:s0 key=(null)
E/audit   ( 1860): type=1306 msg=audit(1570266252.580:375895): saddr=01002F646174612F2E736F636B65745F73747265616D00000000000000000000000000000000000000000000000000000000000000000000000000000000000000000000000000000000000000000000000000000000000000000000000000000000000000000000000000000000
E/audit   ( 1860): type=1302 msg=audit(1570266252.580:375895): item=0 name=(null) inode=13 dev=b3:1a mode=0140700 ouid=1000 ogid=1000 rdev=00:00 obj=u:object_r:system_data_file:s0
D/SecurityLogAgent:SEDenialService(  777): Got Modify Event and sending Denial Intent foraudit.log
E/audit   ( 1860): type=1320 msg=audit(1570266252.580:375895): 
D/SecurityLogAgent:SEDenialService(  777): audit.ondenial set to 0 after sending samsung.intent.action.knox.DENIAL_NOTIFICATION intent
E/SMD     (  303): connect error:13
E/audit   ( 1860): type=1400 msg=audit(1570266253.580:375896): avc:  denied  { connectto } for  pid=1083 comm="smdexe" path="/data/.socket_stream" scontext=u:r:smdexe:s0 tcontext=u:r:init:s0 tclass=unix_stream_socket
E/audit   ( 1860):  SEPF_SM-N9005_5.0-2_0065
E/audit   ( 1860): 
E/audit   ( 1860): type=1300 msg=audit(1570266253.580:375896): arch=40000028 syscall=283 per=800000 success=no exit=-13 a0=a a1=b69f1cfc a2=6e a3=b6f87904 items=1 ppid=1 ppcomm=init pid=1083 auid=4294967295 uid=1000 gid=1000 euid=1000 suid=1000 fsuid=1000 egid=1000 sgid=1000 fsgid=1000 tty=(none) ses=4294967295 comm="smdexe" exe="/system/bin/smdexe" subj=u:r:smdexe:s0 key=(null)
D/SecurityLogAgent:SEDenialService(  777): Got Modify Event and sending Denial Intent foraudit.log
E/audit   ( 1860): type=1306 msg=audit(1570266253.580:375896): saddr=01002F646174612F2E736F636B65745F73747265616D00000000000000000000000000000000000000000000000000000000000000000000000000000000000000000000000000000000000000000000000000000000000000000000000000000000000000000000000000000000
E/audit   ( 1860): type=1302 msg=audit(1570266253.580:375896): item=0 name=(null) inode=13 dev=b3:1a mode=0140700 ouid=1000 ogid=1000 rdev=00:00 obj=u:object_r:system_data_file:s0
E/audit   ( 1860): type=1320 msg=audit(1570266253.580:375896): 
D/SecurityLogAgent:SEDenialService(  777): audit.ondenial set to 0 after sending samsung.intent.action.knox.DENIAL_NOTIFICATION intent
E/SMD     (  303): connect error:13
E/audit   ( 1860): type=1400 msg=audit(1570266254.580:375897): avc:  denied  { connectto } for  pid=1083 comm="smdexe" path="/data/.socket_stream" scontext=u:r:smdexe:s0 tcontext=u:r:init:s0 tclass=unix_stream_socket
E/audit   ( 1860):  SEPF_SM-N9005_5.0-2_0065
E/audit   ( 1860): 
E/audit   ( 1860): type=1300 msg=audit(1570266254.580:375897): arch=40000028 syscall=283 per=800000 success=no exit=-13 a0=a a1=b69f1cfc a2=6e a3=b6f87904 items=1 ppid=1 ppcomm=init pid=1083 auid=4294967295 uid=1000 gid=1000 euid=1000 suid=1000 fsuid=1000 egid=1000 sgid=1000 fsgid=1000 tty=(none) ses=4294967295 comm="smdexe" exe="/system/bin/smdexe" subj=u:r:smdexe:s0 key=(null)
E/audit   ( 1860): type=1306 msg=audit(1570266254.580:375897): saddr=01002F646174612F2E736F636B65745F73747265616D00000000000000000000000000000000000000000000000000000000000000000000000000000000000000000000000000000000000000000000000000000000000000000000000000000000000000000000000000000000
E/audit   ( 1860): type=1302 msg=audit(1570266254.580:375897): item=0 name=(null) inode=13 dev=b3:1a mode=0140700 ouid=1000 ogid=1000 rdev=00:00 obj=u:object_r:system_data_file:s0
E/audit   ( 1860): type=1320 msg=audit(1570266254.580:375897): 
D/SecurityLogAgent:SEDenialService(  777): Got Modify Event and sending Denial Intent foraudit.log
D/SecurityLogAgent:SEDenialService(  777): audit.ondenial set to 0 after sending samsung.intent.action.knox.DENIAL_NOTIFICATION intent
E/SMD     (  303): connect error:13
E/audit   ( 1860): type=1400 msg=audit(1570266255.580:375898): avc:  denied  { connectto } for  pid=1083 comm="smdexe" path="/data/.socket_stream" scontext=u:r:smdexe:s0 tcontext=u:r:init:s0 tclass=unix_stream_socket
E/audit   ( 1860):  SEPF_SM-N9005_5.0-2_0065
E/audit   ( 1860): 
E/audit   ( 1860): type=1300 msg=audit(1570266255.580:375898): arch=40000028 syscall=283 per=800000 success=no exit=-13 a0=a a1=b69f1cfc a2=6e a3=b6f87904 items=1 ppid=1 ppcomm=init pid=1083 auid=4294967295 uid=1000 gid=1000 euid=1000 suid=1000 fsuid=1000 egid=1000 sgid=1000 fsgid=1000 tty=(none) ses=4294967295 comm="smdexe" exe="/system/bin/smdexe" subj=u:r:smdexe:s0 key=(null)
E/audit   ( 1860): type=1306 msg=audit(1570266255.580:375898): saddr=01002F646174612F2E736F636B65745F73747265616D00000000000000000000000000000000000000000000000000000000000000000000000000000000000000000000000000000000000000000000000000000000000000000000000000000000000000000000000000000000
D/SecurityLogAgent:SEDenialService(  777): Got Modify Event and sending Denial Intent foraudit.log
E/audit   ( 1860): type=1302 msg=audit(1570266255.580:375898): item=0 name=(null) inode=13 dev=b3:1a mode=0140700 ouid=1000 ogid=1000 rdev=00:00 obj=u:object_r:system_data_file:s0
E/audit   ( 1860): type=1320 msg=audit(1570266255.580:375898): 
D/SecurityLogAgent:SEDenialService(  777): audit.ondenial set to 0 after sending samsung.intent.action.knox.DENIAL_NOTIFICATION intent
E/SMD     (  303): connect error:13
E/audit   ( 1860): type=1400 msg=audit(1570266256.580:375899): avc:  denied  { connectto } for  pid=1083 comm="smdexe" path="/data/.socket_stream" scontext=u:r:smdexe:s0 tcontext=u:r:init:s0 tclass=unix_stream_socket
E/audit   ( 1860):  SEPF_SM-N9005_5.0-2_0065
E/audit   ( 1860): 
E/audit   ( 1860): type=1300 msg=audit(1570266256.580:375899): arch=40000028 syscall=283 per=800000 success=no exit=-13 a0=a a1=b69f1cfc a2=6e a3=b6f87904 items=1 ppid=1 ppcomm=init pid=1083 auid=4294967295 uid=1000 gid=1000 euid=1000 suid=1000 fsuid=1000 egid=1000 sgid=1000 fsgid=1000 tty=(none) ses=4294967295 comm="smdexe" exe="/system/bin/smdexe" subj=u:r:smdexe:s0 key=(null)
E/audit   ( 1860): type=1306 msg=audit(1570266256.580:375899): saddr=01002F646174612F2E736F636B65745F73747265616D00000000000000000000000000000000000000000000000000000000000000000000000000000000000000000000000000000000000000000000000000000000000000000000000000000000000000000000000000000000
E/audit   ( 1860): type=1302 msg=audit(1570266256.580:375899): item=0 name=(null) inode=13 dev=b3:1a mode=0140700 ouid=1000 ogid=1000 rdev=00:00 obj=u:object_r:system_data_file:s0
E/audit   ( 1860): type=1320 msg=audit(1570266256.580:375899): 
D/SecurityLogAgent:SEDenialService(  777): Got Modify Event and sending Denial Intent foraudit.log
D/SecurityLogAgent:SEDenialService(  777): audit.ondenial set to 0 after sending samsung.intent.action.knox.DENIAL_NOTIFICATION intent
E/SMD     (  303): connect error:13
E/audit   ( 1860): type=1400 msg=audit(1570266257.590:375900): avc:  denied  { connectto } for  pid=1083 comm="smdexe" path="/data/.socket_stream" scontext=u:r:smdexe:s0 tcontext=u:r:init:s0 tclass=unix_stream_socket
E/audit   ( 1860):  SEPF_SM-N9005_5.0-2_0065
E/audit   ( 1860): 
E/audit   ( 1860): type=1300 msg=audit(1570266257.590:375900): arch=40000028 syscall=283 per=800000 success=no exit=-13 a0=a a1=b69f1cfc a2=6e a3=b6f87904 items=1 ppid=1 ppcomm=init pid=1083 auid=4294967295 uid=1000 gid=1000 euid=1000 suid=1000 fsuid=1000 egid=1000 sgid=1000 fsgid=1000 tty=(none) ses=4294967295 comm="smdexe" exe="/system/bin/smdexe" subj=u:r:smdexe:s0 key=(null)
E/audit   ( 1860): type=1306 msg=audit(1570266257.590:375900): saddr=01002F646174612F2E736F636B65745F73747265616D00000000000000000000000000000000000000000000000000000000000000000000000000000000000000000000000000000000000000000000000000000000000000000000000000000000000000000000000000000000
E/audit   ( 1860): type=1302 msg=audit(1570266257.590:375900): item=0 name=(null) inode=13 dev=b3:1a mode=0140700 ouid=1000 ogid=1000 rdev=00:00 obj=u:object_r:system_data_file:s0
E/audit   ( 1860): type=1320 msg=audit(1570266257.590:375900): 
D/SecurityLogAgent:SEDenialService(  777): Got Modify Event and sending Denial Intent foraudit.log
D/SecurityLogAgent:SEDenialService(  777): audit.ondenial set to 0 after sending samsung.intent.action.knox.DENIAL_NOTIFICATION intent
D/KeyguardUpdateMonitor( 1184): received broadcast android.intent.action.BATTERY_CHANGED
D/KeyguardUpdateMonitor( 1184): handleBatteryUpdate
V/LpnetManagerService(  777): on AC power
